../Drivers/OLED_UI/OLED_UI_MenuData.c:187:6:MainAuxFunc	0	static
../Drivers/OLED_UI/OLED_UI_MenuData.c:37:6:BrightnessWindow	8	static
../Drivers/OLED_UI/OLED_UI_MenuData.c:50:6:EmptyWindow	8	static
../Drivers/OLED_UI/OLED_UI_MenuData.c:70:6:ShowTextWindow	8	static
../Drivers/OLED_UI/OLED_UI_MenuData.c:95:6:ShowFloatDataWindow	8	static
../Drivers/OLED_UI/OLED_UI_MenuData.c:120:6:ShowIntDataWindow	8	static
../Drivers/OLED_UI/OLED_UI_MenuData.c:135:6:SettingAuxFunc	48	static
../Drivers/OLED_UI/OLED_UI_MenuData.c:156:6:AboutThisDeviceAuxFunc	40	static
../Drivers/OLED_UI/OLED_UI_MenuData.c:171:6:AboutOLED_UIAuxFunc	40	static
