../Drivers/OLED_UI/OLED_UI.c:48:6:GetFPS	0	static
../Drivers/OLED_UI/OLED_UI.c:64:6:OLED_UI_ShowFPS	16	static
../Drivers/OLED_UI/OLED_UI.c:75:11:GetOLED_Font	0	static
../Drivers/OLED_UI/OLED_UI.c:107:6:ReverseCoordinate	40	static
../Drivers/OLED_UI/OLED_UI.c:161:6:OLED_UI_FadeOut_Masking	72	static
../Drivers/OLED_UI/OLED_UI.c:239:6:OLED_UI_FadeoutCurrentArea	40	static
../Drivers/OLED_UI/OLED_UI.c:260:6:OLED_UI_FadeoutAllArea	16	static
../Drivers/OLED_UI/OLED_UI.c:281:8:GetMenuItemNum	0	static
../Drivers/OLED_UI/OLED_UI.c:298:6:ChangeFloatNum	56	static
../Drivers/OLED_UI/OLED_UI.c:373:6:ChangeDistance	16	static
../Drivers/OLED_UI/OLED_UI.c:382:6:ChangePoint	24	static
../Drivers/OLED_UI/OLED_UI.c:391:6:ChangeArea	24	static
../Drivers/OLED_UI/OLED_UI.c:518:6:GetEnterFlag	0	static
../Drivers/OLED_UI/OLED_UI.c:531:6:GetFadeoutFlag	0	static
../Drivers/OLED_UI/OLED_UI.c:546:9:CalcStringWidth	152	static
../Drivers/OLED_UI/OLED_UI.c:574:8:GetWindowDataStyle	0	static
../Drivers/OLED_UI/OLED_UI.c:593:6:OLED_DrawWindow	88	static
../Drivers/OLED_UI/OLED_UI.c:734:6:MenuItemsMoveUp	16	static
../Drivers/OLED_UI/OLED_UI.c:742:6:MenuItemsMoveDown	16	static
../Drivers/OLED_UI/OLED_UI.c:750:6:MenuItemsMoveLeft	16	static
../Drivers/OLED_UI/OLED_UI.c:758:6:MenuItemsMoveRight	16	static
../Drivers/OLED_UI/OLED_UI.c:766:9:GetCurrentMenuPageMaxSlotNum	16	static
../Drivers/OLED_UI/OLED_UI.c:777:6:SetTargetCursor	24	static
../Drivers/OLED_UI/OLED_UI.c:825:6:SetTargetMenuFrame	0	static
../Drivers/OLED_UI/OLED_UI.c:837:6:SetLineSplitZero	16	static
../Drivers/OLED_UI/OLED_UI.c:407:6:CurrentMenuPageInit	32	static
../Drivers/OLED_UI/OLED_UI.c:494:6:OLED_UI_Init	8	static
../Drivers/OLED_UI/OLED_UI.c:457:6:CurrentMenuPageBackUp	16	static
../Drivers/OLED_UI/OLED_UI.c:849:6:SetTargetScrollBarHeight	16	static
../Drivers/OLED_UI/OLED_UI.c:861:6:SetTargetProbWidth	16	static
../Drivers/OLED_UI/OLED_UI.c:882:6:DrawLinePermix	80	static
../Drivers/OLED_UI/OLED_UI.c:924:6:PrintMenuElements	256	static
../Drivers/OLED_UI/OLED_UI.c:1108:13:OLED_KeyAndEncoderRecord	32	static
../Drivers/OLED_UI/OLED_UI.c:1210:6:SetEnterFlag	8	static
../Drivers/OLED_UI/OLED_UI.c:1220:6:ResetEnterFlag	0	static
../Drivers/OLED_UI/OLED_UI.c:1230:6:SetFadeOutFlag	8	static
../Drivers/OLED_UI/OLED_UI.c:1240:6:ResetFadeOutFlag	0	static
../Drivers/OLED_UI/OLED_UI.c:1253:6:EnterEventMenuItem	8	static
../Drivers/OLED_UI/OLED_UI.c:1271:6:BackEventMenuItem	8	static
../Drivers/OLED_UI/OLED_UI.c:1285:6:OLED_UI_Back	8	static
../Drivers/OLED_UI/OLED_UI.c:1294:6:RunCurrentCallBackFunction	8	static
../Drivers/OLED_UI/OLED_UI.c:1308:6:SetCursorZero	0	static
../Drivers/OLED_UI/OLED_UI.c:1324:6:OLED_UI_CreateWindow	16	static
../Drivers/OLED_UI/OLED_UI.c:1352:6:RunFadeOut	24	static
../Drivers/OLED_UI/OLED_UI.c:1445:6:MoveMenuElements	40	static
../Drivers/OLED_UI/OLED_UI.c:1498:6:OLED_UI_MainLoop	8	static
../Drivers/OLED_UI/OLED_UI.c:1530:6:OLED_UI_InterruptHandler	32	static
