../Drivers/OLED_UI/OLED.c:22:10:OLED_Pow	0	static
../Drivers/OLED_UI/OLED.c:39:9:OLED_pnpoly	40	static
../Drivers/OLED_UI/OLED.c:62:9:max	8	static
../Drivers/OLED_UI/OLED.c:85:7:numabs	8	static
../Drivers/OLED_UI/OLED.c:102:9:OLED_IsInAngle	24	static
../Drivers/OLED_UI/OLED.c:134:6:OLED_Clear	0	static
../Drivers/OLED_UI/OLED.c:155:8:OLED_ClearArea	32	static
../Drivers/OLED_UI/OLED.c:193:6:OLED_Reverse	0	static
../Drivers/OLED_UI/OLED.c:216:6:OLED_ReverseArea	32	static
../Drivers/OLED_UI/OLED.c:248:6:OLED_ShowImage	56	static
../Drivers/OLED_UI/OLED.c:317:6:OLED_ShowChar	16	static
../Drivers/OLED_UI/OLED.c:354:6:OLED_ShowNum	32	static
../Drivers/OLED_UI/OLED.c:380:6:OLED_ShowSignedNum	32	static
../Drivers/OLED_UI/OLED.c:419:6:OLED_ShowHexNum	32	static
../Drivers/OLED_UI/OLED.c:458:6:OLED_ShowBinNum	32	static
../Drivers/OLED_UI/OLED.c:485:6:OLED_ShowFloatNum	56	static
../Drivers/OLED_UI/OLED.c:531:6:OLED_ShowString	24	static
../Drivers/OLED_UI/OLED.c:555:6:OLED_ShowChinese	56	static
../Drivers/OLED_UI/OLED.c:643:6:OLED_Printf	156	static
../Drivers/OLED_UI/OLED.c:666:6:OLED_ShowMixString	40	static
../Drivers/OLED_UI/OLED.c:699:6:OLED_PrintfMix	168	static
../Drivers/OLED_UI/OLED.c:727:7:OLED_ShowImageArea	72	static
../Drivers/OLED_UI/OLED.c:768:6:OLED_ShowCharArea	48	static
../Drivers/OLED_UI/OLED.c:805:6:OLED_ShowStringArea	64	static
../Drivers/OLED_UI/OLED.c:831:6:OLED_ShowChineseArea	88	static
../Drivers/OLED_UI/OLED.c:913:6:OLED_PrintfArea	192	static
../Drivers/OLED_UI/OLED.c:942:6:OLED_ShowMixStringArea	72	static
../Drivers/OLED_UI/OLED.c:978:6:OLED_PrintfMixArea	208	static
../Drivers/OLED_UI/OLED.c:1000:6:OLED_DrawPoint	12	static
../Drivers/OLED_UI/OLED.c:1015:9:OLED_GetPoint	0	static
../Drivers/OLED_UI/OLED.c:1040:6:OLED_DrawLine	40	static
../Drivers/OLED_UI/OLED.c:1154:6:OLED_DrawRectangle	40	static
../Drivers/OLED_UI/OLED.c:1220:6:OLED_DrawTriangle	64	static
../Drivers/OLED_UI/OLED.c:1275:6:OLED_DrawCircle	72	static
../Drivers/OLED_UI/OLED.c:1359:6:OLED_DrawEllipse	80	static
../Drivers/OLED_UI/OLED.c:1472:6:OLED_DrawArc	64	static
../Drivers/OLED_UI/OLED.c:1557:6:OLED_DrawRoundedRectangle	80	static
