Archive member included to satisfy reference by file (symbol)

C:/ST/STM32CubeIDE_1.16.1/STM32CubeIDE/plugins/com.st.stm32cube.ide.mcu.externaltools.gnu-tools-for-stm32.13.3.rel1.win32_1.0.0.202411081344/tools/bin/../lib/gcc/arm-none-eabi/13.3.1/../../../../arm-none-eabi/lib/thumb/v6-m/nofp\libc_nano.a(libc_a-exit.o)
                              C:/ST/STM32CubeIDE_1.16.1/STM32CubeIDE/plugins/com.st.stm32cube.ide.mcu.externaltools.gnu-tools-for-stm32.13.3.rel1.win32_1.0.0.202411081344/tools/bin/../lib/gcc/arm-none-eabi/13.3.1/../../../../arm-none-eabi/lib/thumb/v6-m/nofp/crt0.o (exit)
C:/ST/STM32CubeIDE_1.16.1/STM32CubeIDE/plugins/com.st.stm32cube.ide.mcu.externaltools.gnu-tools-for-stm32.13.3.rel1.win32_1.0.0.202411081344/tools/bin/../lib/gcc/arm-none-eabi/13.3.1/../../../../arm-none-eabi/lib/thumb/v6-m/nofp\libc_nano.a(libc_a-findfp.o)
                              C:/ST/STM32CubeIDE_1.16.1/STM32CubeIDE/plugins/com.st.stm32cube.ide.mcu.externaltools.gnu-tools-for-stm32.13.3.rel1.win32_1.0.0.202411081344/tools/bin/../lib/gcc/arm-none-eabi/13.3.1/../../../../arm-none-eabi/lib/thumb/v6-m/nofp\libc_nano.a(libc_a-exit.o) (__stdio_exit_handler)
C:/ST/STM32CubeIDE_1.16.1/STM32CubeIDE/plugins/com.st.stm32cube.ide.mcu.externaltools.gnu-tools-for-stm32.13.3.rel1.win32_1.0.0.202411081344/tools/bin/../lib/gcc/arm-none-eabi/13.3.1/../../../../arm-none-eabi/lib/thumb/v6-m/nofp\libc_nano.a(libc_a-fwalk.o)
                              C:/ST/STM32CubeIDE_1.16.1/STM32CubeIDE/plugins/com.st.stm32cube.ide.mcu.externaltools.gnu-tools-for-stm32.13.3.rel1.win32_1.0.0.202411081344/tools/bin/../lib/gcc/arm-none-eabi/13.3.1/../../../../arm-none-eabi/lib/thumb/v6-m/nofp\libc_nano.a(libc_a-findfp.o) (_fwalk_sglue)
C:/ST/STM32CubeIDE_1.16.1/STM32CubeIDE/plugins/com.st.stm32cube.ide.mcu.externaltools.gnu-tools-for-stm32.13.3.rel1.win32_1.0.0.202411081344/tools/bin/../lib/gcc/arm-none-eabi/13.3.1/../../../../arm-none-eabi/lib/thumb/v6-m/nofp\libc_nano.a(libc_a-stdio.o)
                              C:/ST/STM32CubeIDE_1.16.1/STM32CubeIDE/plugins/com.st.stm32cube.ide.mcu.externaltools.gnu-tools-for-stm32.13.3.rel1.win32_1.0.0.202411081344/tools/bin/../lib/gcc/arm-none-eabi/13.3.1/../../../../arm-none-eabi/lib/thumb/v6-m/nofp\libc_nano.a(libc_a-findfp.o) (__sread)
C:/ST/STM32CubeIDE_1.16.1/STM32CubeIDE/plugins/com.st.stm32cube.ide.mcu.externaltools.gnu-tools-for-stm32.13.3.rel1.win32_1.0.0.202411081344/tools/bin/../lib/gcc/arm-none-eabi/13.3.1/../../../../arm-none-eabi/lib/thumb/v6-m/nofp\libc_nano.a(libc_a-vsnprintf.o)
                              ./Drivers/OLED_UI/OLED_UI.o (vsnprintf)
C:/ST/STM32CubeIDE_1.16.1/STM32CubeIDE/plugins/com.st.stm32cube.ide.mcu.externaltools.gnu-tools-for-stm32.13.3.rel1.win32_1.0.0.202411081344/tools/bin/../lib/gcc/arm-none-eabi/13.3.1/../../../../arm-none-eabi/lib/thumb/v6-m/nofp\libc_nano.a(libc_a-vsprintf.o)
                              ./Drivers/OLED_UI/OLED.o (vsprintf)
C:/ST/STM32CubeIDE_1.16.1/STM32CubeIDE/plugins/com.st.stm32cube.ide.mcu.externaltools.gnu-tools-for-stm32.13.3.rel1.win32_1.0.0.202411081344/tools/bin/../lib/gcc/arm-none-eabi/13.3.1/../../../../arm-none-eabi/lib/thumb/v6-m/nofp\libc_nano.a(libc_a-memset.o)
                              C:/ST/STM32CubeIDE_1.16.1/STM32CubeIDE/plugins/com.st.stm32cube.ide.mcu.externaltools.gnu-tools-for-stm32.13.3.rel1.win32_1.0.0.202411081344/tools/bin/../lib/gcc/arm-none-eabi/13.3.1/../../../../arm-none-eabi/lib/thumb/v6-m/nofp/crt0.o (memset)
C:/ST/STM32CubeIDE_1.16.1/STM32CubeIDE/plugins/com.st.stm32cube.ide.mcu.externaltools.gnu-tools-for-stm32.13.3.rel1.win32_1.0.0.202411081344/tools/bin/../lib/gcc/arm-none-eabi/13.3.1/../../../../arm-none-eabi/lib/thumb/v6-m/nofp\libc_nano.a(libc_a-closer.o)
                              C:/ST/STM32CubeIDE_1.16.1/STM32CubeIDE/plugins/com.st.stm32cube.ide.mcu.externaltools.gnu-tools-for-stm32.13.3.rel1.win32_1.0.0.202411081344/tools/bin/../lib/gcc/arm-none-eabi/13.3.1/../../../../arm-none-eabi/lib/thumb/v6-m/nofp\libc_nano.a(libc_a-stdio.o) (_close_r)
C:/ST/STM32CubeIDE_1.16.1/STM32CubeIDE/plugins/com.st.stm32cube.ide.mcu.externaltools.gnu-tools-for-stm32.13.3.rel1.win32_1.0.0.202411081344/tools/bin/../lib/gcc/arm-none-eabi/13.3.1/../../../../arm-none-eabi/lib/thumb/v6-m/nofp\libc_nano.a(libc_a-reent.o)
                              C:/ST/STM32CubeIDE_1.16.1/STM32CubeIDE/plugins/com.st.stm32cube.ide.mcu.externaltools.gnu-tools-for-stm32.13.3.rel1.win32_1.0.0.202411081344/tools/bin/../lib/gcc/arm-none-eabi/13.3.1/../../../../arm-none-eabi/lib/thumb/v6-m/nofp\libc_nano.a(libc_a-closer.o) (errno)
C:/ST/STM32CubeIDE_1.16.1/STM32CubeIDE/plugins/com.st.stm32cube.ide.mcu.externaltools.gnu-tools-for-stm32.13.3.rel1.win32_1.0.0.202411081344/tools/bin/../lib/gcc/arm-none-eabi/13.3.1/../../../../arm-none-eabi/lib/thumb/v6-m/nofp\libc_nano.a(libc_a-impure.o)
[...]
Memory Configuration

Name             Origin             Length             Attributes
RAM              0x20000000         0x00002000         xrw
FLASH            0x08000000         0x00010000         xr
*default*        0x00000000         0xffffffff

Linker script and memory map

LOAD C:/ST/STM32CubeIDE_1.16.1/STM32CubeIDE/plugins/com.st.stm32cube.ide.mcu.externaltools.gnu-tools-for-stm32.13.3.rel1.win32_1.0.0.202411081344/tools/bin/../lib/gcc/arm-none-eabi/13.3.1/thumb/v6-m/nofp/crti.o
LOAD C:/ST/STM32CubeIDE_1.16.1/STM32CubeIDE/plugins/com.st.stm32cube.ide.mcu.externaltools.gnu-tools-for-stm32.13.3.rel1.win32_1.0.0.202411081344/tools/bin/../lib/gcc/arm-none-eabi/13.3.1/thumb/v6-m/nofp/crtbegin.o
LOAD C:/ST/STM32CubeIDE_1.16.1/STM32CubeIDE/plugins/com.st.stm32cube.ide.mcu.externaltools.gnu-tools-for-stm32.13.3.rel1.win32_1.0.0.202411081344/tools/bin/../lib/gcc/arm-none-eabi/13.3.1/../../../../arm-none-eabi/lib/thumb/v6-m/nofp/crt0.o
LOAD ./Core/Src/main.o
LOAD ./Core/Src/stm32g0xx_hal_msp.o
LOAD ./Core/Src/stm32g0xx_it.o
LOAD ./Core/Src/syscalls.o
LOAD ./Core/Src/sysmem.o
LOAD ./Core/Src/system_stm32g0xx.o
LOAD ./Core/Startup/startup_stm32g031g8ux.o
LOAD ./Drivers/OLED_UI/OLED.o
LOAD ./Drivers/OLED_UI/OLED_Fonts.o
LOAD ./Drivers/OLED_UI/OLED_UI.o
LOAD ./Drivers/OLED_UI/OLED_UI_Driver.o
LOAD ./Drivers/OLED_UI/OLED_UI_MenuData.o
LOAD ./Drivers/OLED_UI/OLED_driver.o
LOAD ./Drivers/STM32G0xx_HAL_Driver/Src/stm32g0xx_hal.o
LOAD ./Drivers/STM32G0xx_HAL_Driver/Src/stm32g0xx_hal_cortex.o
LOAD ./Drivers/STM32G0xx_HAL_Driver/Src/stm32g0xx_hal_dma.o
LOAD ./Drivers/STM32G0xx_HAL_Driver/Src/stm32g0xx_hal_dma_ex.o
LOAD ./Drivers/STM32G0xx_HAL_Driver/Src/stm32g0xx_hal_exti.o
LOAD ./Drivers/STM32G0xx_HAL_Driver/Src/stm32g0xx_hal_flash.o
LOAD ./Drivers/STM32G0xx_HAL_Driver/Src/stm32g0xx_hal_flash_ex.o
LOAD ./Drivers/STM32G0xx_HAL_Driver/Src/stm32g0xx_hal_gpio.o
LOAD ./Drivers/STM32G0xx_HAL_Driver/Src/stm32g0xx_hal_pwr.o
LOAD ./Drivers/STM32G0xx_HAL_Driver/Src/stm32g0xx_hal_pwr_ex.o
LOAD ./Drivers/STM32G0xx_HAL_Driver/Src/stm32g0xx_hal_rcc.o
LOAD ./Drivers/STM32G0xx_HAL_Driver/Src/stm32g0xx_hal_rcc_ex.o
LOAD ./Drivers/STM32G0xx_HAL_Driver/Src/stm32g0xx_hal_spi.o
LOAD ./Drivers/STM32G0xx_HAL_Driver/Src/stm32g0xx_hal_spi_ex.o
LOAD ./Drivers/STM32G0xx_HAL_Driver/Src/stm32g0xx_hal_tim.o
LOAD ./Drivers/STM32G0xx_HAL_Driver/Src/stm32g0xx_hal_tim_ex.o
LOAD ./Drivers/STM32G0xx_HAL_Driver/Src/stm32g0xx_ll_exti.o
LOAD ./Drivers/STM32G0xx_HAL_Driver/Src/stm32g0xx_ll_rcc.o
LOAD ./Drivers/STM32G0xx_HAL_Driver/Src/stm32g0xx_ll_utils.o
LOAD ./User/misc.o
LOAD ./User/user_it.o
LOAD ./User/usermain.o
START GROUP
LOAD C:/ST/STM32CubeIDE_1.16.1/STM32CubeIDE/plugins/com.st.stm32cube.ide.mcu.externaltools.gnu-tools-for-stm32.13.3.rel1.win32_1.0.0.202411081344/tools/bin/../lib/gcc/arm-none-eabi/13.3.1/../../../../arm-none-eabi/lib/thumb/v6-m/nofp\libc_nano.a
LOAD C:/ST/STM32CubeIDE_1.16.1/STM32CubeIDE/plugins/com.st.stm32cube.ide.mcu.externaltools.gnu-tools-for-stm32.13.3.rel1.win32_1.0.0.202411081344/tools/bin/../lib/gcc/arm-none-eabi/13.3.1/../../../../arm-none-eabi/lib/thumb/v6-m/nofp\libm.a
END GROUP
START GROUP
LOAD C:/ST/STM32CubeIDE_1.16.1/STM32CubeIDE/plugins/com.st.stm32cube.ide.mcu.externaltools.gnu-tools-for-stm32.13.3.rel1.win32_1.0.0.202411081344/tools/bin/../lib/gcc/arm-none-eabi/13.3.1/thumb/v6-m/nofp\libgcc.a
LOAD C:/ST/STM32CubeIDE_1.16.1/STM32CubeIDE/plugins/com.st.stm32cube.ide.mcu.externaltools.gnu-tools-for-stm32.13.3.rel1.win32_1.0.0.202411081344/tools/bin/../lib/gcc/arm-none-eabi/13.3.1/../../../../arm-none-eabi/lib/thumb/v6-m/nofp\libc_nano.a
END GROUP
START GROUP
LOAD C:/ST/STM32CubeIDE_1.16.1/STM32CubeIDE/plugins/com.st.stm32cube.ide.mcu.externaltools.gnu-tools-for-stm32.13.3.rel1.win32_1.0.0.202411081344/tools/bin/../lib/gcc/arm-none-eabi/13.3.1/thumb/v6-m/nofp\libgcc.a
LOAD C:/ST/STM32CubeIDE_1.16.1/STM32CubeIDE/plugins/com.st.stm32cube.ide.mcu.externaltools.gnu-tools-for-stm32.13.3.rel1.win32_1.0.0.202411081344/tools/bin/../lib/gcc/arm-none-eabi/13.3.1/../../../../arm-none-eabi/lib/thumb/v6-m/nofp\libc_nano.a
LOAD C:/ST/STM32CubeIDE_1.16.1/STM32CubeIDE/plugins/com.st.stm32cube.ide.mcu.externaltools.gnu-tools-for-stm32.13.3.rel1.win32_1.0.0.202411081344/tools/bin/../lib/gcc/arm-none-eabi/13.3.1/../../../../arm-none-eabi/lib/thumb/v6-m/nofp\libnosys.a
END GROUP
START GROUP
LOAD C:/ST/STM32CubeIDE_1.16.1/STM32CubeIDE/plugins/com.st.stm32cube.ide.mcu.externaltools.gnu-tools-for-stm32.13.3.rel1.win32_1.0.0.202411081344/tools/bin/../lib/gcc/arm-none-eabi/13.3.1/thumb/v6-m/nofp\libgcc.a
LOAD C:/ST/STM32CubeIDE_1.16.1/STM32CubeIDE/plugins/com.st.stm32cube.ide.mcu.externaltools.gnu-tools-for-stm32.13.3.rel1.win32_1.0.0.202411081344/tools/bin/../lib/gcc/arm-none-eabi/13.3.1/../../../../arm-none-eabi/lib/thumb/v6-m/nofp\libc_nano.a
LOAD C:/ST/STM32CubeIDE_1.16.1/STM32CubeIDE/plugins/com.st.stm32cube.ide.mcu.externaltools.gnu-tools-for-stm32.13.3.rel1.win32_1.0.0.202411081344/tools/bin/../lib/gcc/arm-none-eabi/13.3.1/../../../../arm-none-eabi/lib/thumb/v6-m/nofp\libnosys.a
END GROUP
LOAD C:/ST/STM32CubeIDE_1.16.1/STM32CubeIDE/plugins/com.st.stm32cube.ide.mcu.externaltools.gnu-tools-for-stm32.13.3.rel1.win32_1.0.0.202411081344/tools/bin/../lib/gcc/arm-none-eabi/13.3.1/thumb/v6-m/nofp/crtend.o
LOAD C:/ST/STM32CubeIDE_1.16.1/STM32CubeIDE/plugins/com.st.stm32cube.ide.mcu.externaltools.gnu-tools-for-stm32.13.3.rel1.win32_1.0.0.202411081344/tools/bin/../lib/gcc/arm-none-eabi/13.3.1/thumb/v6-m/nofp/crtn.o
                0x20002000                        _estack = (ORIGIN (RAM) + LENGTH (RAM))
                0x00000200                        _Min_Heap_Size = 0x200
                0x00000400                        _Min_Stack_Size = 0x400

.isr_vector     0x08000000       0xbc
                0x08000000                        . = ALIGN (0x4)
 *(.isr_vector)
 .isr_vector    0x08000000       0xbc ./Core/Startup/startup_stm32g031g8ux.o
                0x08000000                g_pfnVectors
                0x080000bc                        . = ALIGN (0x4)

.text           0x080000bc     0x9170
                0x080000bc                        . = ALIGN (0x4)
 *(.text)
 .text          0x080000bc       0x48 C:/ST/STM32CubeIDE_1.16.1/STM32CubeIDE/plugins/com.st.stm32cube.ide.mcu.externaltools.gnu-tools-for-stm32.13.3.rel1.win32_1.0.0.202411081344/tools/bin/../lib/gcc/arm-none-eabi/13.3.1/thumb/v6-m/nofp/crtbegin.o
 .text          0x08000104       0x14 C:/ST/STM32CubeIDE_1.16.1/STM32CubeIDE/plugins/com.st.stm32cube.ide.mcu.externaltools.gnu-tools-for-stm32.13.3.rel1.win32_1.0.0.202411081344/tools/bin/../lib/gcc/arm-none-eabi/13.3.1/../../../../arm-none-eabi/lib/thumb/v6-m/nofp\libc_nano.a(libc_a-strcmp.o)
                0x08000104                strcmp
 .text          0x08000118       0x14 C:/ST/STM32CubeIDE_1.16.1/STM32CubeIDE/plugins/com.st.stm32cube.ide.mcu.externaltools.gnu-tools-for-stm32.13.3.rel1.win32_1.0.0.202411081344/tools/bin/../lib/gcc/arm-none-eabi/13.3.1/thumb/v6-m/nofp\libgcc.a(_thumb1_case_shi.o)
                0x08000118                __gnu_thumb1_case_shi
 .text          0x0800012c      0x114 C:/ST/STM32CubeIDE_1.16.1/STM32CubeIDE/plugins/com.st.stm32cube.ide.mcu.externaltools.gnu-tools-for-stm32.13.3.rel1.win32_1.0.0.202411081344/tools/bin/../lib/gcc/arm-none-eabi/13.3.1/thumb/v6-m/nofp\libgcc.a(_udivsi3.o)
                0x0800012c                __aeabi_uidiv
                0x0800012c                __udivsi3
                0x08000238                __aeabi_uidivmod
 .text          0x08000240      0x1d4 C:/ST/STM32CubeIDE_1.16.1/STM32CubeIDE/plugins/com.st.stm32cube.ide.mcu.externaltools.gnu-tools-for-stm32.13.3.rel1.win32_1.0.0.202411081344/tools/bin/../lib/gcc/arm-none-eabi/13.3.1/thumb/v6-m/nofp\libgcc.a(_divsi3.o)
                0x08000240                __divsi3
                0x08000240                __aeabi_idiv
                0x0800040c                __aeabi_idivmod
 .text          0x08000414        0x4 C:/ST/STM32CubeIDE_1.16.1/STM32CubeIDE/plugins/com.st.stm32cube.ide.mcu.externaltools.gnu-tools-for-stm32.13.3.rel1.win32_1.0.0.202411081344/tools/bin/../lib/gcc/arm-none-eabi/13.3.1/thumb/v6-m/nofp\libgcc.a(_dvmd_tls.o)
                0x08000414                __aeabi_idiv0
                0x08000414                __aeabi_ldiv0
 .text          0x08000418       0x7c C:/ST/STM32CubeIDE_1.16.1/STM32CubeIDE/plugins/com.st.stm32cube.ide.mcu.externaltools.gnu-tools-for-stm32.13.3.rel1.win32_1.0.0.202411081344/tools/bin/../lib/gcc/arm-none-eabi/13.3.1/thumb/v6-m/nofp\libgcc.a(_arm_cmpdf2.o)
                0x08000418                __aeabi_cdrcmple
                0x08000428                __aeabi_cdcmple
                0x08000428                __aeabi_cdcmpeq
                0x08000438                __aeabi_dcmpeq
                0x08000444                __aeabi_dcmplt
                0x08000458                __aeabi_dcmple
                0x0800046c                __aeabi_dcmpgt
                0x08000480                __aeabi_dcmpge
 .text          0x08000494       0x74 C:/ST/STM32CubeIDE_1.16.1/STM32CubeIDE/plugins/com.st.stm32cube.ide.mcu.externaltools.gnu-tools-for-stm32.13.3.rel1.win32_1.0.0.202411081344/tools/bin/../lib/gcc/arm-none-eabi/13.3.1/thumb/v6-m/nofp\libgcc.a(_arm_cmpsf2.o)
                0x08000494                __aeabi_cfrcmple
                0x0800049c                __aeabi_cfcmpeq
                0x0800049c                __aeabi_cfcmple
                0x080004ac                __aeabi_fcmpeq
                0x080004b8                __aeabi_fcmplt
                0x080004cc                __aeabi_fcmple
                0x080004e0                __aeabi_fcmpgt
                0x080004f4                __aeabi_fcmpge
 .text          0x08000508      0x3e4 C:/ST/STM32CubeIDE_1.16.1/STM32CubeIDE/plugins/com.st.stm32cube.ide.mcu.externaltools.gnu-tools-for-stm32.13.3.rel1.win32_1.0.0.202411081344/tools/bin/../lib/gcc/arm-none-eabi/13.3.1/thumb/v6-m/nofp\libgcc.a(addsf3.o)
                0x08000508                __aeabi_fadd
 .text          0x080008ec      0x22c C:/ST/STM32CubeIDE_1.16.1/STM32CubeIDE/plugins/com.st.stm32cube.ide.mcu.externaltools.gnu-tools-for-stm32.13.3.rel1.win32_1.0.0.202411081344/tools/bin/../lib/gcc/arm-none-eabi/13.3.1/thumb/v6-m/nofp\libgcc.a(divsf3.o)
                0x080008ec                __aeabi_fdiv
 .text          0x08000b18       0x50 C:/ST/STM32CubeIDE_1.16.1/STM32CubeIDE/plugins/com.st.stm32cube.ide.mcu.externaltools.gnu-tools-for-stm32.13.3.rel1.win32_1.0.0.202411081344/tools/bin/../lib/gcc/arm-none-eabi/13.3.1/thumb/v6-m/nofp\libgcc.a(eqsf2.o)
                0x08000b18                __eqsf2
                0x08000b18                __nesf2
 .text          0x08000b68       0x90 C:/ST/STM32CubeIDE_1.16.1/STM32CubeIDE/plugins/com.st.stm32cube.ide.mcu.externaltools.gnu-tools-for-stm32.13.3.rel1.win32_1.0.0.202411081344/tools/bin/../lib/gcc/arm-none-eabi/13.3.1/thumb/v6-m/nofp\libgcc.a(gesf2.o)
                0x08000b68                __gesf2
                0x08000b68                __gtsf2
 .text          0x08000bf8       0x90 C:/ST/STM32CubeIDE_1.16.1/STM32CubeIDE/plugins/com.st.stm32cube.ide.mcu.externaltools.gnu-tools-for-stm32.13.3.rel1.win32_1.0.0.202411081344/tools/bin/../lib/gcc/arm-none-eabi/13.3.1/thumb/v6-m/nofp\libgcc.a(lesf2.o)
                0x08000bf8                __ltsf2
                0x08000bf8                __lesf2
 .text          0x08000c88      0x2b4 C:/ST/STM32CubeIDE_1.16.1/STM32CubeIDE/plugins/com.st.stm32cube.ide.mcu.externaltools.gnu-tools-for-stm32.13.3.rel1.win32_1.0.0.202411081344/tools/bin/../lib/gcc/arm-none-eabi/13.3.1/thumb/v6-m/nofp\libgcc.a(mulsf3.o)
                0x08000c88                __aeabi_fmul
 .text          0x08000f3c      0x4c8 C:/ST/STM32CubeIDE_1.16.1/STM32CubeIDE/plugins/com.st.stm32cube.ide.mcu.externaltools.gnu-tools-for-stm32.13.3.rel1.win32_1.0.0.202411081344/tools/bin/../lib/gcc/arm-none-eabi/13.3.1/thumb/v6-m/nofp\libgcc.a(subsf3.o)
                0x08000f3c                __aeabi_fsub
 .text          0x08001404       0x40 C:/ST/STM32CubeIDE_1.16.1/STM32CubeIDE/plugins/com.st.stm32cube.ide.mcu.externaltools.gnu-tools-for-stm32.13.3.rel1.win32_1.0.0.202411081344/tools/bin/../lib/gcc/arm-none-eabi/13.3.1/thumb/v6-m/nofp\libgcc.a(fixsfsi.o)
                0x08001404                __aeabi_f2iz
 .text          0x08001444       0xa0 C:/ST/STM32CubeIDE_1.16.1/STM32CubeIDE/plugins/com.st.stm32cube.ide.mcu.externaltools.gnu-tools-for-stm32.13.3.rel1.win32_1.0.0.202411081344/tools/bin/../lib/gcc/arm-none-eabi/13.3.1/thumb/v6-m/nofp\libgcc.a(floatsisf.o)
                0x08001444                __aeabi_i2f
 .text          0x080014e4      0x78c C:/ST/STM32CubeIDE_1.16.1/STM32CubeIDE/plugins/com.st.stm32cube.ide.mcu.externaltools.gnu-tools-for-stm32.13.3.rel1.win32_1.0.0.202411081344/tools/bin/../lib/gcc/arm-none-eabi/13.3.1/thumb/v6-m/nofp\libgcc.a(adddf3.o)
                0x080014e4                __aeabi_dadd
 .text          0x08001c70      0x630 C:/ST/STM32CubeIDE_1.16.1/STM32CubeIDE/plugins/com.st.stm32cube.ide.mcu.externaltools.gnu-tools-for-stm32.13.3.rel1.win32_1.0.0.202411081344/tools/bin/../lib/gcc/arm-none-eabi/13.3.1/thumb/v6-m/nofp\libgcc.a(divdf3.o)
                0x08001c70                __aeabi_ddiv
 .text          0x080022a0       0x88 C:/ST/STM32CubeIDE_1.16.1/STM32CubeIDE/plugins/com.st.stm32cube.ide.mcu.externaltools.gnu-tools-for-stm32.13.3.rel1.win32_1.0.0.202411081344/tools/bin/../lib/gcc/arm-none-eabi/13.3.1/thumb/v6-m/nofp\libgcc.a(eqdf2.o)
                0x080022a0                __nedf2
                0x080022a0                __eqdf2
 .text          0x08002328       0xe0 C:/ST/STM32CubeIDE_1.16.1/STM32CubeIDE/plugins/com.st.stm32cube.ide.mcu.externaltools.gnu-tools-for-stm32.13.3.rel1.win32_1.0.0.202411081344/tools/bin/../lib/gcc/arm-none-eabi/13.3.1/thumb/v6-m/nofp\libgcc.a(gedf2.o)
                0x08002328                __gedf2
                0x08002328                __gtdf2
 .text          0x08002408       0xdc C:/ST/STM32CubeIDE_1.16.1/STM32CubeIDE/plugins/com.st.stm32cube.ide.mcu.externaltools.gnu-tools-for-stm32.13.3.rel1.win32_1.0.0.202411081344/tools/bin/../lib/gcc/arm-none-eabi/13.3.1/thumb/v6-m/nofp\libgcc.a(ledf2.o)
                0x08002408                __ledf2
                0x08002408                __ltdf2
 .text          0x080024e4      0x5cc C:/ST/STM32CubeIDE_1.16.1/STM32CubeIDE/plugins/com.st.stm32cube.ide.mcu.externaltools.gnu-tools-for-stm32.13.3.rel1.win32_1.0.0.202411081344/tools/bin/../lib/gcc/arm-none-eabi/13.3.1/thumb/v6-m/nofp\libgcc.a(muldf3.o)
                0x080024e4                __aeabi_dmul
 .text          0x08002ab0      0x814 C:/ST/STM32CubeIDE_1.16.1/STM32CubeIDE/plugins/com.st.stm32cube.ide.mcu.externaltools.gnu-tools-for-stm32.13.3.rel1.win32_1.0.0.202411081344/tools/bin/../lib/gcc/arm-none-eabi/13.3.1/thumb/v6-m/nofp\libgcc.a(subdf3.o)
                0x08002ab0                __aeabi_dsub
 .text          0x080032c4       0x78 C:/ST/STM32CubeIDE_1.16.1/STM32CubeIDE/plugins/com.st.stm32cube.ide.mcu.externaltools.gnu-tools-for-stm32.13.3.rel1.win32_1.0.0.202411081344/tools/bin/../lib/gcc/arm-none-eabi/13.3.1/thumb/v6-m/nofp\libgcc.a(fixdfsi.o)
                0x080032c4                __aeabi_d2iz
 .text          0x0800333c       0x5c C:/ST/STM32CubeIDE_1.16.1/STM32CubeIDE/plugins/com.st.stm32cube.ide.mcu.externaltools.gnu-tools-for-stm32.13.3.rel1.win32_1.0.0.202411081344/tools/bin/../lib/gcc/arm-none-eabi/13.3.1/thumb/v6-m/nofp\libgcc.a(floatsidf.o)
                0x0800333c                __aeabi_i2d
 .text          0x08003398       0x90 C:/ST/STM32CubeIDE_1.16.1/STM32CubeIDE/plugins/com.st.stm32cube.ide.mcu.externaltools.gnu-tools-for-stm32.13.3.rel1.win32_1.0.0.202411081344/tools/bin/../lib/gcc/arm-none-eabi/13.3.1/thumb/v6-m/nofp\libgcc.a(extendsfdf2.o)
                0x08003398                __aeabi_f2d
 .text          0x08003428      0x104 C:/ST/STM32CubeIDE_1.16.1/STM32CubeIDE/plugins/com.st.stm32cube.ide.mcu.externaltools.gnu-tools-for-stm32.13.3.rel1.win32_1.0.0.202411081344/tools/bin/../lib/gcc/arm-none-eabi/13.3.1/thumb/v6-m/nofp\libgcc.a(truncdfsf2.o)
                0x08003428                __aeabi_d2f
 .text          0x0800352c       0x3c C:/ST/STM32CubeIDE_1.16.1/STM32CubeIDE/plugins/com.st.stm32cube.ide.mcu.externaltools.gnu-tools-for-stm32.13.3.rel1.win32_1.0.0.202411081344/tools/bin/../lib/gcc/arm-none-eabi/13.3.1/thumb/v6-m/nofp\libgcc.a(_clzsi2.o)
                0x0800352c                __clzsi2
 *(.text*)
 .text.MX_GPIO_Init
                0x08003568      0x110 ./Core/Src/main.o
 .text.MX_DMA_Init
                0x08003678       0x30 ./Core/Src/main.o
 .text.Error_Handler
                0x080036a8        0x4 ./Core/Src/main.o
                0x080036a8                Error_Handler
 .text.MX_SPI1_Init
                0x080036ac       0x4c ./Core/Src/main.o
 .text.MX_TIM16_Init
                0x080036f8       0x38 ./Core/Src/main.o
 .text.SystemClock_Config
                0x08003730       0xdc ./Core/Src/main.o
                0x08003730                SystemClock_Config
 .text.main     0x0800380c       0x20 ./Core/Src/main.o
                0x0800380c                main
 .text.HAL_MspInit
                0x0800382c       0x30 ./Core/Src/stm32g0xx_hal_msp.o
                0x0800382c                HAL_MspInit
 .text.HAL_SPI_MspInit
                0x0800385c       0x9c ./Core/Src/stm32g0xx_hal_msp.o
                0x0800385c                HAL_SPI_MspInit
 .text.HAL_TIM_Base_MspInit
                0x080038f8       0x40 ./Core/Src/stm32g0xx_hal_msp.o
                0x080038f8                HAL_TIM_Base_MspInit
 .text.NMI_Handler
                0x08003938        0x2 ./Core/Src/stm32g0xx_it.o
                0x08003938                NMI_Handler
 .text.HardFault_Handler
                0x0800393a        0x2 ./Core/Src/stm32g0xx_it.o
                0x0800393a                HardFault_Handler
 .text.SVC_Handler
                0x0800393c        0x2 ./Core/Src/stm32g0xx_it.o
                0x0800393c                SVC_Handler
 .text.PendSV_Handler
                0x0800393e        0x2 ./Core/Src/stm32g0xx_it.o
                0x0800393e                PendSV_Handler
 .text.SysTick_Handler
                0x08003940        0x8 ./Core/Src/stm32g0xx_it.o
                0x08003940                SysTick_Handler
 .text.DMA1_Channel1_IRQHandler
                0x08003948       0x10 ./Core/Src/stm32g0xx_it.o
                0x08003948                DMA1_Channel1_IRQHandler
 .text.TIM16_IRQHandler
                0x08003958       0x10 ./Core/Src/stm32g0xx_it.o
                0x08003958                TIM16_IRQHandler
 .text._sbrk    0x08003968       0x48 ./Core/Src/sysmem.o
                0x08003968                _sbrk
 .text.SystemInit
                0x080039b0        0x2 ./Core/Src/system_stm32g0xx.o
                0x080039b0                SystemInit
 *fill*         0x080039b2        0x2 
 .text.Reset_Handler
                0x080039b4       0x50 ./Core/Startup/startup_stm32g031g8ux.o
                0x080039b4                Reset_Handler
 .text.Default_Handler
                0x08003a04        0x2 ./Core/Startup/startup_stm32g031g8ux.o
                0x08003a04                TIM1_CC_IRQHandler
                0x08003a04                PVD_IRQHandler
                0x08003a04                I2C1_IRQHandler
                0x08003a04                LPTIM2_IRQHandler
                0x08003a04                RTC_TAMP_IRQHandler
                0x08003a04                SPI1_IRQHandler
                0x08003a04                DMA1_Ch4_5_DMAMUX1_OVR_IRQHandler
                0x08003a04                EXTI2_3_IRQHandler
                0x08003a04                ADC1_IRQHandler
                0x08003a04                I2C2_IRQHandler
                0x08003a04                TIM17_IRQHandler
                0x08003a04                TIM3_IRQHandler
                0x08003a04                EXTI4_15_IRQHandler
                0x08003a04                RCC_IRQHandler
                0x08003a04                Default_Handler
                0x08003a04                TIM14_IRQHandler
                0x08003a04                EXTI0_1_IRQHandler
                0x08003a04                SPI2_IRQHandler
                0x08003a04                WWDG_IRQHandler
                0x08003a04                LPUART1_IRQHandler
                0x08003a04                TIM2_IRQHandler
                0x08003a04                DMA1_Channel2_3_IRQHandler
                0x08003a04                USART2_IRQHandler
                0x08003a04                FLASH_IRQHandler
                0x08003a04                USART1_IRQHandler
                0x08003a04                TIM1_BRK_UP_TRG_COM_IRQHandler
                0x08003a04                LPTIM1_IRQHandler
 *fill*         0x08003a06        0x2 
 .text.OLED_IsInAngle
                0x08003a08       0x74 ./Drivers/OLED_UI/OLED.o
                0x08003a08                OLED_IsInAngle
 .text.OLED_Clear
                0x08003a7c       0x28 ./Drivers/OLED_UI/OLED.o
                0x08003a7c                OLED_Clear
 .text.OLED_ClearArea
                0x08003aa4       0x90 ./Drivers/OLED_UI/OLED.o
                0x08003aa4                OLED_ClearArea
 .text.OLED_ReverseArea
                0x08003b34       0x94 ./Drivers/OLED_UI/OLED.o
                0x08003b34                OLED_ReverseArea
 .text.OLED_ShowImage
                0x08003bc8      0x1a0 ./Drivers/OLED_UI/OLED.o
                0x08003bc8                OLED_ShowImage
 .text.OLED_ShowChar
                0x08003d68       0x84 ./Drivers/OLED_UI/OLED.o
                0x08003d68                OLED_ShowChar
 .text.OLED_ShowString
                0x08003dec       0x32 ./Drivers/OLED_UI/OLED.o
                0x08003dec                OLED_ShowString
 .text.OLED_Printf
                0x08003e1e       0x2e ./Drivers/OLED_UI/OLED.o
                0x08003e1e                OLED_Printf
 .text.OLED_ShowImageArea
                0x08003e4c      0x1b8 ./Drivers/OLED_UI/OLED.o
                0x08003e4c                OLED_ShowImageArea
 .text.OLED_ShowCharArea
                0x08004004       0xbc ./Drivers/OLED_UI/OLED.o
                0x08004004                OLED_ShowCharArea
 .text.OLED_ShowChineseArea
                0x080040c0      0x218 ./Drivers/OLED_UI/OLED.o
                0x080040c0                OLED_ShowChineseArea
 .text.OLED_ShowMixStringArea
                0x080042d8       0x9c ./Drivers/OLED_UI/OLED.o
                0x080042d8                OLED_ShowMixStringArea
 .text.OLED_PrintfMixArea
                0x08004374       0x60 ./Drivers/OLED_UI/OLED.o
                0x08004374                OLED_PrintfMixArea
 .text.OLED_DrawPoint
                0x080043d4       0x40 ./Drivers/OLED_UI/OLED.o
                0x080043d4                OLED_DrawPoint
 .text.OLED_DrawLine
                0x08004414      0x158 ./Drivers/OLED_UI/OLED.o
                0x08004414                OLED_DrawLine
 .text.OLED_DrawRectangle
                0x0800456c      0x13c ./Drivers/OLED_UI/OLED.o
                0x0800456c                OLED_DrawRectangle
 .text.OLED_DrawArc
                0x080046a8      0x338 ./Drivers/OLED_UI/OLED.o
                0x080046a8                OLED_DrawArc
 .text.OLED_DrawRoundedRectangle
                0x080049e0      0x174 ./Drivers/OLED_UI/OLED.o
                0x080049e0                OLED_DrawRoundedRectangle
 .text.GetFPS   0x08004b54       0x28 ./Drivers/OLED_UI/OLED_UI.o
                0x08004b54                GetFPS
 .text.OLED_UI_ShowFPS
                0x08004b7c       0x3c ./Drivers/OLED_UI/OLED_UI.o
                0x08004b7c                OLED_UI_ShowFPS
 .text.GetOLED_Font
                0x08004bb8       0x2e ./Drivers/OLED_UI/OLED_UI.o
                0x08004bb8                GetOLED_Font
 *fill*         0x08004be6        0x2 
 .text.ReverseCoordinate
                0x08004be8      0x168 ./Drivers/OLED_UI/OLED_UI.o
                0x08004be8                ReverseCoordinate
 .text.OLED_UI_FadeOut_Masking
                0x08004d50      0x128 ./Drivers/OLED_UI/OLED_UI.o
                0x08004d50                OLED_UI_FadeOut_Masking
 .text.OLED_UI_FadeoutCurrentArea
                0x08004e78       0x5c ./Drivers/OLED_UI/OLED_UI.o
                0x08004e78                OLED_UI_FadeoutCurrentArea
 .text.OLED_UI_FadeoutAllArea
                0x08004ed4       0x48 ./Drivers/OLED_UI/OLED_UI.o
                0x08004ed4                OLED_UI_FadeoutAllArea
 .text.GetMenuItemNum
                0x08004f1c       0x18 ./Drivers/OLED_UI/OLED_UI.o
                0x08004f1c                GetMenuItemNum
 .text.ChangeFloatNum
                0x08004f34      0x1ec ./Drivers/OLED_UI/OLED_UI.o
                0x08004f34                ChangeFloatNum
 .text.ChangeDistance
                0x08005120       0x20 ./Drivers/OLED_UI/OLED_UI.o
                0x08005120                ChangeDistance
 .text.ChangePoint
                0x08005140       0x40 ./Drivers/OLED_UI/OLED_UI.o
                0x08005140                ChangePoint
 .text.ChangeArea
                0x08005180       0x78 ./Drivers/OLED_UI/OLED_UI.o
                0x08005180                ChangeArea
 .text.GetEnterFlag
                0x080051f8       0x18 ./Drivers/OLED_UI/OLED_UI.o
                0x080051f8                GetEnterFlag
 .text.GetFadeoutFlag
                0x08005210       0x18 ./Drivers/OLED_UI/OLED_UI.o
                0x08005210                GetFadeoutFlag
 .text.CalcStringWidth
                0x08005228       0x42 ./Drivers/OLED_UI/OLED_UI.o
                0x08005228                CalcStringWidth
 *fill*         0x0800526a        0x2 
 .text.GetWindowDataStyle
                0x0800526c       0x24 ./Drivers/OLED_UI/OLED_UI.o
                0x0800526c                GetWindowDataStyle
 .text.OLED_DrawWindow
                0x08005290      0x6c4 ./Drivers/OLED_UI/OLED_UI.o
                0x08005290                OLED_DrawWindow
 .text.MenuItemsMoveUp
                0x08005954       0x34 ./Drivers/OLED_UI/OLED_UI.o
                0x08005954                MenuItemsMoveUp
 .text.MenuItemsMoveDown
                0x08005988       0x34 ./Drivers/OLED_UI/OLED_UI.o
                0x08005988                MenuItemsMoveDown
 .text.MenuItemsMoveLeft
                0x080059bc       0x34 ./Drivers/OLED_UI/OLED_UI.o
                0x080059bc                MenuItemsMoveLeft
 .text.MenuItemsMoveRight
                0x080059f0       0x34 ./Drivers/OLED_UI/OLED_UI.o
                0x080059f0                MenuItemsMoveRight
 .text.GetCurrentMenuPageMaxSlotNum
                0x08005a24       0x5c ./Drivers/OLED_UI/OLED_UI.o
                0x08005a24                GetCurrentMenuPageMaxSlotNum
 .text.SetTargetCursor
                0x08005a80      0x1f0 ./Drivers/OLED_UI/OLED_UI.o
                0x08005a80                SetTargetCursor
 .text.SetTargetMenuFrame
                0x08005c70       0x20 ./Drivers/OLED_UI/OLED_UI.o
                0x08005c70                SetTargetMenuFrame
 .text.SetLineSplitZero
                0x08005c90       0x2c ./Drivers/OLED_UI/OLED_UI.o
                0x08005c90                SetLineSplitZero
 .text.CurrentMenuPageInit
                0x08005cbc      0x108 ./Drivers/OLED_UI/OLED_UI.o
                0x08005cbc                CurrentMenuPageInit
 .text.OLED_UI_Init
                0x08005dc4       0x24 ./Drivers/OLED_UI/OLED_UI.o
                0x08005dc4                OLED_UI_Init
 .text.CurrentMenuPageBackUp
                0x08005de8       0x98 ./Drivers/OLED_UI/OLED_UI.o
                0x08005de8                CurrentMenuPageBackUp
 .text.SetTargetScrollBarHeight
                0x08005e80       0x6c ./Drivers/OLED_UI/OLED_UI.o
                0x08005e80                SetTargetScrollBarHeight
 .text.SetTargetProbWidth
                0x08005eec       0xc0 ./Drivers/OLED_UI/OLED_UI.o
                0x08005eec                SetTargetProbWidth
 .text.DrawLinePermix
                0x08005fac      0x124 ./Drivers/OLED_UI/OLED_UI.o
                0x08005fac                DrawLinePermix
 .text.PrintMenuElements
                0x080060d0      0x704 ./Drivers/OLED_UI/OLED_UI.o
                0x080060d0                PrintMenuElements
 .text.OLED_KeyAndEncoderRecord
                0x080067d4      0x108 ./Drivers/OLED_UI/OLED_UI.o
                0x080067d4                OLED_KeyAndEncoderRecord
 .text.SetEnterFlag
                0x080068dc       0x14 ./Drivers/OLED_UI/OLED_UI.o
                0x080068dc                SetEnterFlag
 .text.ResetEnterFlag
                0x080068f0        0xc ./Drivers/OLED_UI/OLED_UI.o
                0x080068f0                ResetEnterFlag
 .text.SetFadeOutFlag
                0x080068fc       0x10 ./Drivers/OLED_UI/OLED_UI.o
                0x080068fc                SetFadeOutFlag
 .text.ResetFadeOutFlag
                0x0800690c        0xc ./Drivers/OLED_UI/OLED_UI.o
                0x0800690c                ResetFadeOutFlag
 .text.EnterEventMenuItem
                0x08006918       0x54 ./Drivers/OLED_UI/OLED_UI.o
                0x08006918                EnterEventMenuItem
 .text.BackEventMenuItem
                0x0800696c       0x18 ./Drivers/OLED_UI/OLED_UI.o
                0x0800696c                BackEventMenuItem
 .text.OLED_UI_Back
                0x08006984        0x8 ./Drivers/OLED_UI/OLED_UI.o
                0x08006984                OLED_UI_Back
 .text.RunCurrentCallBackFunction
                0x0800698c       0x38 ./Drivers/OLED_UI/OLED_UI.o
                0x0800698c                RunCurrentCallBackFunction
 .text.SetCursorZero
                0x080069c4       0x1c ./Drivers/OLED_UI/OLED_UI.o
                0x080069c4                SetCursorZero
 .text.OLED_UI_CreateWindow
                0x080069e0       0x6c ./Drivers/OLED_UI/OLED_UI.o
                0x080069e0                OLED_UI_CreateWindow
 .text.RunFadeOut
                0x08006a4c      0x1ac ./Drivers/OLED_UI/OLED_UI.o
                0x08006a4c                RunFadeOut
 .text.MoveMenuElements
                0x08006bf8       0xd0 ./Drivers/OLED_UI/OLED_UI.o
                0x08006bf8                MoveMenuElements
 .text.OLED_UI_MainLoop
                0x08006cc8       0x1c ./Drivers/OLED_UI/OLED_UI.o
                0x08006cc8                OLED_UI_MainLoop
 .text.OLED_UI_InterruptHandler
                0x08006ce4      0x2c0 ./Drivers/OLED_UI/OLED_UI.o
                0x08006ce4                OLED_UI_InterruptHandler
 .text.Encoder_Init
                0x08006fa4        0x2 ./Drivers/OLED_UI/OLED_UI_Driver.o
                0x08006fa4                Encoder_Init
 .text.Encoder_Enable
                0x08006fa6        0x2 ./Drivers/OLED_UI/OLED_UI_Driver.o
                0x08006fa6                Encoder_Enable
 .text.Encoder_Disable
                0x08006fa8        0x2 ./Drivers/OLED_UI/OLED_UI_Driver.o
                0x08006fa8                Encoder_Disable
 .text.Encoder_Get
                0x08006faa        0x4 ./Drivers/OLED_UI/OLED_UI_Driver.o
                0x08006faa                Encoder_Get
 .text.Delay_ms
                0x08006fae        0x8 ./Drivers/OLED_UI/OLED_UI_Driver.o
                0x08006fae                Delay_ms
 *fill*         0x08006fb6        0x2 
 .text.MainAuxFunc
                0x08006fb8       0x40 ./Drivers/OLED_UI/OLED_UI_MenuData.o
                0x08006fb8                MainAuxFunc
 .text.BrightnessWindow
                0x08006ff8       0x10 ./Drivers/OLED_UI/OLED_UI_MenuData.o
                0x08006ff8                BrightnessWindow
 .text.EmptyWindow
                0x08007008       0x10 ./Drivers/OLED_UI/OLED_UI_MenuData.o
                0x08007008                EmptyWindow
 .text.ShowTextWindow
                0x08007018       0x10 ./Drivers/OLED_UI/OLED_UI_MenuData.o
                0x08007018                ShowTextWindow
 .text.ShowFloatDataWindow
                0x08007028       0x10 ./Drivers/OLED_UI/OLED_UI_MenuData.o
                0x08007028                ShowFloatDataWindow
 .text.ShowIntDataWindow
                0x08007038       0x10 ./Drivers/OLED_UI/OLED_UI_MenuData.o
                0x08007038                ShowIntDataWindow
 .text.SettingAuxFunc
                0x08007048       0xfc ./Drivers/OLED_UI/OLED_UI_MenuData.o
                0x08007048                SettingAuxFunc
 .text.AboutThisDeviceAuxFunc
                0x08007144       0xb8 ./Drivers/OLED_UI/OLED_UI_MenuData.o
                0x08007144                AboutThisDeviceAuxFunc
 .text.AboutOLED_UIAuxFunc
                0x080071fc       0xb8 ./Drivers/OLED_UI/OLED_UI_MenuData.o
                0x080071fc                AboutOLED_UIAuxFunc
 .text.OLED_Write_CMD
                0x080072b4       0x40 ./Drivers/OLED_UI/OLED_driver.o
                0x080072b4                OLED_Write_CMD
 .text.OLED_WriteDataArr
                0x080072f4       0x3c ./Drivers/OLED_UI/OLED_driver.o
                0x080072f4                OLED_WriteDataArr
 .text.OLED_SetCursor
                0x08007330       0x26 ./Drivers/OLED_UI/OLED_driver.o
                0x08007330                OLED_SetCursor
 *fill*         0x08007356        0x2 
 .text.OLED_Update
                0x08007358       0x28 ./Drivers/OLED_UI/OLED_driver.o
                0x08007358                OLED_Update
 .text.OLED_Init
                0x08007380       0xf4 ./Drivers/OLED_UI/OLED_driver.o
                0x08007380                OLED_Init
 .text.OLED_Brightness
                0x08007474       0x20 ./Drivers/OLED_UI/OLED_driver.o
                0x08007474                OLED_Brightness
 .text.OLED_SetColorMode
                0x08007494        0xc ./Drivers/OLED_UI/OLED_driver.o
                0x08007494                OLED_SetColorMode
 .text.HAL_InitTick
                0x080074a0       0x58 ./Drivers/STM32G0xx_HAL_Driver/Src/stm32g0xx_hal.o
                0x080074a0                HAL_InitTick
 .text.HAL_Init
                0x080074f8       0x28 ./Drivers/STM32G0xx_HAL_Driver/Src/stm32g0xx_hal.o
                0x080074f8                HAL_Init
 .text.HAL_IncTick
                0x08007520       0x18 ./Drivers/STM32G0xx_HAL_Driver/Src/stm32g0xx_hal.o
                0x08007520                HAL_IncTick
 .text.HAL_GetTick
                0x08007538        0xc ./Drivers/STM32G0xx_HAL_Driver/Src/stm32g0xx_hal.o
                0x08007538                HAL_GetTick
 .text.HAL_Delay
                0x08007544       0x24 ./Drivers/STM32G0xx_HAL_Driver/Src/stm32g0xx_hal.o
                0x08007544                HAL_Delay
 .text.__NVIC_SetPriority
                0x08007568       0x60 ./Drivers/STM32G0xx_HAL_Driver/Src/stm32g0xx_hal_cortex.o
 .text.SysTick_Config
                0x080075c8       0x38 ./Drivers/STM32G0xx_HAL_Driver/Src/stm32g0xx_hal_cortex.o
 .text.HAL_NVIC_SetPriority
                0x08007600        0x8 ./Drivers/STM32G0xx_HAL_Driver/Src/stm32g0xx_hal_cortex.o
                0x08007600                HAL_NVIC_SetPriority
 .text.HAL_NVIC_EnableIRQ
                0x08007608       0x18 ./Drivers/STM32G0xx_HAL_Driver/Src/stm32g0xx_hal_cortex.o
                0x08007608                HAL_NVIC_EnableIRQ
 .text.HAL_SYSTICK_Config
                0x08007620        0x8 ./Drivers/STM32G0xx_HAL_Driver/Src/stm32g0xx_hal_cortex.o
                0x08007620                HAL_SYSTICK_Config
 .text.DMA_CalcDMAMUXChannelBaseAndMask
                0x08007628       0x38 ./Drivers/STM32G0xx_HAL_Driver/Src/stm32g0xx_hal_dma.o
 .text.DMA_CalcDMAMUXRequestGenBaseAndMask
                0x08007660       0x28 ./Drivers/STM32G0xx_HAL_Driver/Src/stm32g0xx_hal_dma.o
 .text.HAL_DMA_Init
                0x08007688       0xb0 ./Drivers/STM32G0xx_HAL_Driver/Src/stm32g0xx_hal_dma.o
                0x08007688                HAL_DMA_Init
 .text.HAL_DMA_IRQHandler
                0x08007738       0xcc ./Drivers/STM32G0xx_HAL_Driver/Src/stm32g0xx_hal_dma.o
                0x08007738                HAL_DMA_IRQHandler
 .text.HAL_GPIO_Init
                0x08007804      0x174 ./Drivers/STM32G0xx_HAL_Driver/Src/stm32g0xx_hal_gpio.o
                0x08007804                HAL_GPIO_Init
 .text.HAL_GPIO_ReadPin
                0x08007978        0xe ./Drivers/STM32G0xx_HAL_Driver/Src/stm32g0xx_hal_gpio.o
                0x08007978                HAL_GPIO_ReadPin
 .text.HAL_GPIO_WritePin
                0x08007986        0xc ./Drivers/STM32G0xx_HAL_Driver/Src/stm32g0xx_hal_gpio.o
                0x08007986                HAL_GPIO_WritePin
 *fill*         0x08007992        0x2 
 .text.SPI_WaitFlagStateUntilTimeout
                0x08007994       0xe0 ./Drivers/STM32G0xx_HAL_Driver/Src/stm32g0xx_hal_spi.o
 .text.SPI_WaitFifoStateUntilTimeout
                0x08007a74      0x10c ./Drivers/STM32G0xx_HAL_Driver/Src/stm32g0xx_hal_spi.o
 .text.SPI_EndRxTxTransaction
                0x08007b80       0x68 ./Drivers/STM32G0xx_HAL_Driver/Src/stm32g0xx_hal_spi.o
 .text.HAL_SPI_Init
                0x08007be8      0x104 ./Drivers/STM32G0xx_HAL_Driver/Src/stm32g0xx_hal_spi.o
                0x08007be8                HAL_SPI_Init
 .text.HAL_SPI_Transmit
                0x08007cec      0x1b6 ./Drivers/STM32G0xx_HAL_Driver/Src/stm32g0xx_hal_spi.o
                0x08007cec                HAL_SPI_Transmit
 *fill*         0x08007ea2        0x2 
 .text.HAL_TIM_Base_Start_IT
                0x08007ea4       0x70 ./Drivers/STM32G0xx_HAL_Driver/Src/stm32g0xx_hal_tim.o
                0x08007ea4                HAL_TIM_Base_Start_IT
 .text.HAL_TIM_OC_DelayElapsedCallback
                0x08007f14        0x2 ./Drivers/STM32G0xx_HAL_Driver/Src/stm32g0xx_hal_tim.o
                0x08007f14                HAL_TIM_OC_DelayElapsedCallback
 .text.HAL_TIM_IC_CaptureCallback
                0x08007f16        0x2 ./Drivers/STM32G0xx_HAL_Driver/Src/stm32g0xx_hal_tim.o
                0x08007f16                HAL_TIM_IC_CaptureCallback
 .text.HAL_TIM_PWM_PulseFinishedCallback
                0x08007f18        0x2 ./Drivers/STM32G0xx_HAL_Driver/Src/stm32g0xx_hal_tim.o
                0x08007f18                HAL_TIM_PWM_PulseFinishedCallback
 .text.HAL_TIM_TriggerCallback
                0x08007f1a        0x2 ./Drivers/STM32G0xx_HAL_Driver/Src/stm32g0xx_hal_tim.o
                0x08007f1a                HAL_TIM_TriggerCallback
 .text.HAL_TIM_IRQHandler
                0x08007f1c      0x160 ./Drivers/STM32G0xx_HAL_Driver/Src/stm32g0xx_hal_tim.o
                0x08007f1c                HAL_TIM_IRQHandler
 .text.TIM_Base_SetConfig
                0x0800807c       0xa0 ./Drivers/STM32G0xx_HAL_Driver/Src/stm32g0xx_hal_tim.o
                0x0800807c                TIM_Base_SetConfig
 .text.HAL_TIM_Base_Init
                0x0800811c       0x60 ./Drivers/STM32G0xx_HAL_Driver/Src/stm32g0xx_hal_tim.o
                0x0800811c                HAL_TIM_Base_Init
 .text.HAL_TIMEx_CommutCallback
                0x0800817c        0x2 ./Drivers/STM32G0xx_HAL_Driver/Src/stm32g0xx_hal_tim_ex.o
                0x0800817c                HAL_TIMEx_CommutCallback
 .text.HAL_TIMEx_BreakCallback
                0x0800817e        0x2 ./Drivers/STM32G0xx_HAL_Driver/Src/stm32g0xx_hal_tim_ex.o
                0x0800817e                HAL_TIMEx_BreakCallback
 .text.HAL_TIMEx_Break2Callback
                0x08008180        0x2 ./Drivers/STM32G0xx_HAL_Driver/Src/stm32g0xx_hal_tim_ex.o
                0x08008180                HAL_TIMEx_Break2Callback
 *fill*         0x08008182        0x2 
 .text.LL_SetSystemCoreClock
                0x08008184        0xc ./Drivers/STM32G0xx_HAL_Driver/Src/stm32g0xx_ll_utils.o
                0x08008184                LL_SetSystemCoreClock
 .text.BTN_init
                0x08008190       0x18 ./User/misc.o
                0x08008190                BTN_init
 .text.BtnTask  0x080081a8       0x9c ./User/misc.o
                0x080081a8                BtnTask
 .text.HAL_TIM_PeriodElapsedCallback
                0x08008244       0x14 ./User/user_it.o
                0x08008244                HAL_TIM_PeriodElapsedCallback
 .text.usermain
                0x08008258       0x28 ./User/usermain.o
                0x08008258                usermain
 .text._vsnprintf_r
                0x08008280       0x5a C:/ST/STM32CubeIDE_1.16.1/STM32CubeIDE/plugins/com.st.stm32cube.ide.mcu.externaltools.gnu-tools-for-stm32.13.3.rel1.win32_1.0.0.202411081344/tools/bin/../lib/gcc/arm-none-eabi/13.3.1/../../../../arm-none-eabi/lib/thumb/v6-m/nofp\libc_nano.a(libc_a-vsnprintf.o)
                0x08008280                _vsniprintf_r
                0x08008280                _vsnprintf_r
 *fill*         0x080082da        0x2 
 .text.vsnprintf
                0x080082dc       0x18 C:/ST/STM32CubeIDE_1.16.1/STM32CubeIDE/plugins/com.st.stm32cube.ide.mcu.externaltools.gnu-tools-for-stm32.13.3.rel1.win32_1.0.0.202411081344/tools/bin/../lib/gcc/arm-none-eabi/13.3.1/../../../../arm-none-eabi/lib/thumb/v6-m/nofp\libc_nano.a(libc_a-vsnprintf.o)
                0x080082dc                vsniprintf
                0x080082dc                vsnprintf
 .text._vsprintf_r
                0x080082f4       0x2c C:/ST/STM32CubeIDE_1.16.1/STM32CubeIDE/plugins/com.st.stm32cube.ide.mcu.externaltools.gnu-tools-for-stm32.13.3.rel1.win32_1.0.0.202411081344/tools/bin/../lib/gcc/arm-none-eabi/13.3.1/../../../../arm-none-eabi/lib/thumb/v6-m/nofp\libc_nano.a(libc_a-vsprintf.o)
                0x080082f4                _vsprintf_r
                0x080082f4                _vsiprintf_r
 .text.vsprintf
                0x08008320       0x18 C:/ST/STM32CubeIDE_1.16.1/STM32CubeIDE/plugins/com.st.stm32cube.ide.mcu.externaltools.gnu-tools-for-stm32.13.3.rel1.win32_1.0.0.202411081344/tools/bin/../lib/gcc/arm-none-eabi/13.3.1/../../../../arm-none-eabi/lib/thumb/v6-m/nofp\libc_nano.a(libc_a-vsprintf.o)
                0x08008320                vsiprintf
                0x08008320                vsprintf
 .text.memset   0x08008338       0x10 C:/ST/STM32CubeIDE_1.16.1/STM32CubeIDE/plugins/com.st.stm32cube.ide.mcu.externaltools.gnu-tools-for-stm32.13.3.rel1.win32_1.0.0.202411081344/tools/bin/../lib/gcc/arm-none-eabi/13.3.1/../../../../arm-none-eabi/lib/thumb/v6-m/nofp\libc_nano.a(libc_a-memset.o)
                0x08008338                memset
 .text.__errno  0x08008348        0xc C:/ST/STM32CubeIDE_1.16.1/STM32CubeIDE/plugins/com.st.stm32cube.ide.mcu.externaltools.gnu-tools-for-stm32.13.3.rel1.win32_1.0.0.202411081344/tools/bin/../lib/gcc/arm-none-eabi/13.3.1/../../../../arm-none-eabi/lib/thumb/v6-m/nofp\libc_nano.a(libc_a-errno.o)
                0x08008348                __errno
 .text.__libc_init_array
                0x08008354       0x48 C:/ST/STM32CubeIDE_1.16.1/STM32CubeIDE/plugins/com.st.stm32cube.ide.mcu.externaltools.gnu-tools-for-stm32.13.3.rel1.win32_1.0.0.202411081344/tools/bin/../lib/gcc/arm-none-eabi/13.3.1/../../../../arm-none-eabi/lib/thumb/v6-m/nofp\libc_nano.a(libc_a-init.o)
                0x08008354                __libc_init_array
 .text.__retarget_lock_acquire_recursive
                0x0800839c        0x2 C:/ST/STM32CubeIDE_1.16.1/STM32CubeIDE/plugins/com.st.stm32cube.ide.mcu.externaltools.gnu-tools-for-stm32.13.3.rel1.win32_1.0.0.202411081344/tools/bin/../lib/gcc/arm-none-eabi/13.3.1/../../../../arm-none-eabi/lib/thumb/v6-m/nofp\libc_nano.a(libc_a-lock.o)
                0x0800839c                __retarget_lock_acquire_recursive
 .text.__retarget_lock_release_recursive
                0x0800839e        0x2 C:/ST/STM32CubeIDE_1.16.1/STM32CubeIDE/plugins/com.st.stm32cube.ide.mcu.externaltools.gnu-tools-for-stm32.13.3.rel1.win32_1.0.0.202411081344/tools/bin/../lib/gcc/arm-none-eabi/13.3.1/../../../../arm-none-eabi/lib/thumb/v6-m/nofp\libc_nano.a(libc_a-lock.o)
                0x0800839e                __retarget_lock_release_recursive
 .text.memcpy   0x080083a0       0x12 C:/ST/STM32CubeIDE_1.16.1/STM32CubeIDE/plugins/com.st.stm32cube.ide.mcu.externaltools.gnu-tools-for-stm32.13.3.rel1.win32_1.0.0.202411081344/tools/bin/../lib/gcc/arm-none-eabi/13.3.1/../../../../arm-none-eabi/lib/thumb/v6-m/nofp\libc_nano.a(libc_a-memcpy-stub.o)
                0x080083a0                memcpy
 *fill*         0x080083b2        0x2 
 .text._free_r  0x080083b4       0x94 C:/ST/STM32CubeIDE_1.16.1/STM32CubeIDE/plugins/com.st.stm32cube.ide.mcu.externaltools.gnu-tools-for-stm32.13.3.rel1.win32_1.0.0.202411081344/tools/bin/../lib/gcc/arm-none-eabi/13.3.1/../../../../arm-none-eabi/lib/thumb/v6-m/nofp\libc_nano.a(libc_a-freer.o)
                0x080083b4                _free_r
 .text.sbrk_aligned
                0x08008448       0x44 C:/ST/STM32CubeIDE_1.16.1/STM32CubeIDE/plugins/com.st.stm32cube.ide.mcu.externaltools.gnu-tools-for-stm32.13.3.rel1.win32_1.0.0.202411081344/tools/bin/../lib/gcc/arm-none-eabi/13.3.1/../../../../arm-none-eabi/lib/thumb/v6-m/nofp\libc_nano.a(libc_a-mallocr.o)
 .text._malloc_r
                0x0800848c      0x100 C:/ST/STM32CubeIDE_1.16.1/STM32CubeIDE/plugins/com.st.stm32cube.ide.mcu.externaltools.gnu-tools-for-stm32.13.3.rel1.win32_1.0.0.202411081344/tools/bin/../lib/gcc/arm-none-eabi/13.3.1/../../../../arm-none-eabi/lib/thumb/v6-m/nofp\libc_nano.a(libc_a-mallocr.o)
                0x0800848c                _malloc_r
 .text.__malloc_lock
                0x0800858c       0x10 C:/ST/STM32CubeIDE_1.16.1/STM32CubeIDE/plugins/com.st.stm32cube.ide.mcu.externaltools.gnu-tools-for-stm32.13.3.rel1.win32_1.0.0.202411081344/tools/bin/../lib/gcc/arm-none-eabi/13.3.1/../../../../arm-none-eabi/lib/thumb/v6-m/nofp\libc_nano.a(libc_a-mlock.o)
                0x0800858c                __malloc_lock
 .text.__malloc_unlock
                0x0800859c       0x10 C:/ST/STM32CubeIDE_1.16.1/STM32CubeIDE/plugins/com.st.stm32cube.ide.mcu.externaltools.gnu-tools-for-stm32.13.3.rel1.win32_1.0.0.202411081344/tools/bin/../lib/gcc/arm-none-eabi/13.3.1/../../../../arm-none-eabi/lib/thumb/v6-m/nofp\libc_nano.a(libc_a-mlock.o)
                0x0800859c                __malloc_unlock
 .text.__ssputs_r
                0x080085ac       0xc0 C:/ST/STM32CubeIDE_1.16.1/STM32CubeIDE/plugins/com.st.stm32cube.ide.mcu.externaltools.gnu-tools-for-stm32.13.3.rel1.win32_1.0.0.202411081344/tools/bin/../lib/gcc/arm-none-eabi/13.3.1/../../../../arm-none-eabi/lib/thumb/v6-m/nofp\libc_nano.a(libc_a-nano-svfprintf.o)
                0x080085ac                __ssputs_r
 .text._svfprintf_r
                0x0800866c      0x1fc C:/ST/STM32CubeIDE_1.16.1/STM32CubeIDE/plugins/com.st.stm32cube.ide.mcu.externaltools.gnu-tools-for-stm32.13.3.rel1.win32_1.0.0.202411081344/tools/bin/../lib/gcc/arm-none-eabi/13.3.1/../../../../arm-none-eabi/lib/thumb/v6-m/nofp\libc_nano.a(libc_a-nano-svfprintf.o)
                0x0800866c                _svfiprintf_r
                0x0800866c                _svfprintf_r
 .text._printf_common
                0x08008868       0xde C:/ST/STM32CubeIDE_1.16.1/STM32CubeIDE/plugins/com.st.stm32cube.ide.mcu.externaltools.gnu-tools-for-stm32.13.3.rel1.win32_1.0.0.202411081344/tools/bin/../lib/gcc/arm-none-eabi/13.3.1/../../../../arm-none-eabi/lib/thumb/v6-m/nofp\libc_nano.a(libc_a-nano-vfprintf_i.o)
                0x08008868                _printf_common
 *fill*         0x08008946        0x2 
 .text._printf_i
                0x08008948      0x218 C:/ST/STM32CubeIDE_1.16.1/STM32CubeIDE/plugins/com.st.stm32cube.ide.mcu.externaltools.gnu-tools-for-stm32.13.3.rel1.win32_1.0.0.202411081344/tools/bin/../lib/gcc/arm-none-eabi/13.3.1/../../../../arm-none-eabi/lib/thumb/v6-m/nofp\libc_nano.a(libc_a-nano-vfprintf_i.o)
                0x08008948                _printf_i
 .text.memmove  0x08008b60       0x24 C:/ST/STM32CubeIDE_1.16.1/STM32CubeIDE/plugins/com.st.stm32cube.ide.mcu.externaltools.gnu-tools-for-stm32.13.3.rel1.win32_1.0.0.202411081344/tools/bin/../lib/gcc/arm-none-eabi/13.3.1/../../../../arm-none-eabi/lib/thumb/v6-m/nofp\libc_nano.a(libc_a-memmove.o)
                0x08008b60                memmove
 .text._sbrk_r  0x08008b84       0x24 C:/ST/STM32CubeIDE_1.16.1/STM32CubeIDE/plugins/com.st.stm32cube.ide.mcu.externaltools.gnu-tools-for-stm32.13.3.rel1.win32_1.0.0.202411081344/tools/bin/../lib/gcc/arm-none-eabi/13.3.1/../../../../arm-none-eabi/lib/thumb/v6-m/nofp\libc_nano.a(libc_a-sbrkr.o)
                0x08008b84                _sbrk_r
 .text.memchr   0x08008ba8       0x16 C:/ST/STM32CubeIDE_1.16.1/STM32CubeIDE/plugins/com.st.stm32cube.ide.mcu.externaltools.gnu-tools-for-stm32.13.3.rel1.win32_1.0.0.202411081344/tools/bin/../lib/gcc/arm-none-eabi/13.3.1/../../../../arm-none-eabi/lib/thumb/v6-m/nofp\libc_nano.a(libc_a-memchr-stub.o)
                0x08008ba8                memchr
 .text._realloc_r
                0x08008bbe       0x60 C:/ST/STM32CubeIDE_1.16.1/STM32CubeIDE/plugins/com.st.stm32cube.ide.mcu.externaltools.gnu-tools-for-stm32.13.3.rel1.win32_1.0.0.202411081344/tools/bin/../lib/gcc/arm-none-eabi/13.3.1/../../../../arm-none-eabi/lib/thumb/v6-m/nofp\libc_nano.a(libc_a-reallocr.o)
                0x08008bbe                _realloc_r
 .text._malloc_usable_size_r
                0x08008c1e       0x10 C:/ST/STM32CubeIDE_1.16.1/STM32CubeIDE/plugins/com.st.stm32cube.ide.mcu.externaltools.gnu-tools-for-stm32.13.3.rel1.win32_1.0.0.202411081344/tools/bin/../lib/gcc/arm-none-eabi/13.3.1/../../../../arm-none-eabi/lib/thumb/v6-m/nofp\libc_nano.a(libc_a-msizer.o)
                0x08008c1e                _malloc_usable_size_r
 .text.atan2    0x08008c2e        0x8 C:/ST/STM32CubeIDE_1.16.1/STM32CubeIDE/plugins/com.st.stm32cube.ide.mcu.externaltools.gnu-tools-for-stm32.13.3.rel1.win32_1.0.0.202411081344/tools/bin/../lib/gcc/arm-none-eabi/13.3.1/../../../../arm-none-eabi/lib/thumb/v6-m/nofp\libm.a(libm_a-w_atan2.o)
                0x08008c2e                atan2
 .text.fmin     0x08008c36       0x3a C:/ST/STM32CubeIDE_1.16.1/STM32CubeIDE/plugins/com.st.stm32cube.ide.mcu.externaltools.gnu-tools-for-stm32.13.3.rel1.win32_1.0.0.202411081344/tools/bin/../lib/gcc/arm-none-eabi/13.3.1/../../../../arm-none-eabi/lib/thumb/v6-m/nofp\libm.a(libm_a-s_fmin.o)
                0x08008c36                fmin
 .text.__fpclassifyd
                0x08008c70       0x60 C:/ST/STM32CubeIDE_1.16.1/STM32CubeIDE/plugins/com.st.stm32cube.ide.mcu.externaltools.gnu-tools-for-stm32.13.3.rel1.win32_1.0.0.202411081344/tools/bin/../lib/gcc/arm-none-eabi/13.3.1/../../../../arm-none-eabi/lib/thumb/v6-m/nofp\libm.a(libm_a-s_fpclassify.o)
                0x08008c70                __fpclassifyd
 .text.ceil     0x08008cd0       0xf0 C:/ST/STM32CubeIDE_1.16.1/STM32CubeIDE/plugins/com.st.stm32cube.ide.mcu.externaltools.gnu-tools-for-stm32.13.3.rel1.win32_1.0.0.202411081344/tools/bin/../lib/gcc/arm-none-eabi/13.3.1/../../../../arm-none-eabi/lib/thumb/v6-m/nofp\libm.a(libm_a-s_ceil.o)
                0x08008cd0                ceil
 .text.__ieee754_atan2
                0x08008dc0      0x14c C:/ST/STM32CubeIDE_1.16.1/STM32CubeIDE/plugins/com.st.stm32cube.ide.mcu.externaltools.gnu-tools-for-stm32.13.3.rel1.win32_1.0.0.202411081344/tools/bin/../lib/gcc/arm-none-eabi/13.3.1/../../../../arm-none-eabi/lib/thumb/v6-m/nofp\libm.a(libm_a-e_atan2.o)
                0x08008dc0                __ieee754_atan2
 .text.atan     0x08008f0c      0x300 C:/ST/STM32CubeIDE_1.16.1/STM32CubeIDE/plugins/com.st.stm32cube.ide.mcu.externaltools.gnu-tools-for-stm32.13.3.rel1.win32_1.0.0.202411081344/tools/bin/../lib/gcc/arm-none-eabi/13.3.1/../../../../arm-none-eabi/lib/thumb/v6-m/nofp\libm.a(libm_a-s_atan.o)
                0x08008f0c                atan
 .text.fabs     0x0800920c        0x8 C:/ST/STM32CubeIDE_1.16.1/STM32CubeIDE/plugins/com.st.stm32cube.ide.mcu.externaltools.gnu-tools-for-stm32.13.3.rel1.win32_1.0.0.202411081344/tools/bin/../lib/gcc/arm-none-eabi/13.3.1/../../../../arm-none-eabi/lib/thumb/v6-m/nofp\libm.a(libm_a-s_fabs.o)
                0x0800920c                fabs
 *(.glue_7)
 .glue_7        0x08009214        0x0 linker stubs
 *(.glue_7t)
 .glue_7t       0x08009214        0x0 linker stubs
 *(.eh_frame)
 .eh_frame      0x08009214        0x0 C:/ST/STM32CubeIDE_1.16.1/STM32CubeIDE/plugins/com.st.stm32cube.ide.mcu.externaltools.gnu-tools-for-stm32.13.3.rel1.win32_1.0.0.202411081344/tools/bin/../lib/gcc/arm-none-eabi/13.3.1/thumb/v6-m/nofp/crtbegin.o
 *(.init)
 .init          0x08009214        0x4 C:/ST/STM32CubeIDE_1.16.1/STM32CubeIDE/plugins/com.st.stm32cube.ide.mcu.externaltools.gnu-tools-for-stm32.13.3.rel1.win32_1.0.0.202411081344/tools/bin/../lib/gcc/arm-none-eabi/13.3.1/thumb/v6-m/nofp/crti.o
                0x08009214                _init
 .init          0x08009218        0x8 C:/ST/STM32CubeIDE_1.16.1/STM32CubeIDE/plugins/com.st.stm32cube.ide.mcu.externaltools.gnu-tools-for-stm32.13.3.rel1.win32_1.0.0.202411081344/tools/bin/../lib/gcc/arm-none-eabi/13.3.1/thumb/v6-m/nofp/crtn.o
 *(.fini)
 .fini          0x08009220        0x4 C:/ST/STM32CubeIDE_1.16.1/STM32CubeIDE/plugins/com.st.stm32cube.ide.mcu.externaltools.gnu-tools-for-stm32.13.3.rel1.win32_1.0.0.202411081344/tools/bin/../lib/gcc/arm-none-eabi/13.3.1/thumb/v6-m/nofp/crti.o
                0x08009220                _fini
 .fini          0x08009224        0x8 C:/ST/STM32CubeIDE_1.16.1/STM32CubeIDE/plugins/com.st.stm32cube.ide.mcu.externaltools.gnu-tools-for-stm32.13.3.rel1.win32_1.0.0.202411081344/tools/bin/../lib/gcc/arm-none-eabi/13.3.1/thumb/v6-m/nofp/crtn.o
                0x0800922c                        . = ALIGN (0x4)
                0x0800922c                        _etext = .

.vfp11_veneer   0x0800922c        0x0
 .vfp11_veneer  0x0800922c        0x0 linker stubs

.v4_bx          0x0800922c        0x0
 .v4_bx         0x0800922c        0x0 linker stubs

.iplt           0x0800922c        0x0
 .iplt          0x0800922c        0x0 C:/ST/STM32CubeIDE_1.16.1/STM32CubeIDE/plugins/com.st.stm32cube.ide.mcu.externaltools.gnu-tools-for-stm32.13.3.rel1.win32_1.0.0.202411081344/tools/bin/../lib/gcc/arm-none-eabi/13.3.1/thumb/v6-m/nofp/crtbegin.o

.rodata         0x08009230     0x4c50
                0x08009230                        . = ALIGN (0x4)
 *(.rodata)
 .rodata        0x08009230       0x14 ./Drivers/OLED_UI/OLED_UI.o
 .rodata        0x08009244       0x7c C:/ST/STM32CubeIDE_1.16.1/STM32CubeIDE/plugins/com.st.stm32cube.ide.mcu.externaltools.gnu-tools-for-stm32.13.3.rel1.win32_1.0.0.202411081344/tools/bin/../lib/gcc/arm-none-eabi/13.3.1/thumb/v6-m/nofp\libgcc.a(divsf3.o)
 .rodata        0x080092c0       0x40 C:/ST/STM32CubeIDE_1.16.1/STM32CubeIDE/plugins/com.st.stm32cube.ide.mcu.externaltools.gnu-tools-for-stm32.13.3.rel1.win32_1.0.0.202411081344/tools/bin/../lib/gcc/arm-none-eabi/13.3.1/thumb/v6-m/nofp\libgcc.a(divdf3.o)
 *(.rodata*)
 .rodata.OLED_UI_SettingsLogo
                0x08009300      0x100 ./Drivers/OLED_UI/OLED_Fonts.o
                0x08009300                OLED_UI_SettingsLogo
 .rodata.OLED_UI_LOGOTEXT64
                0x08009400       0xd0 ./Drivers/OLED_UI/OLED_Fonts.o
                0x08009400                OLED_UI_LOGOTEXT64
 .rodata.OLED_UI_LOGOGithub
                0x080094d0       0x80 ./Drivers/OLED_UI/OLED_Fonts.o
                0x080094d0                OLED_UI_LOGOGithub
 .rodata.Image_night
                0x08009550       0x80 ./Drivers/OLED_UI/OLED_Fonts.o
                0x08009550                Image_night
 .rodata.Image_calc
                0x080095d0       0x80 ./Drivers/OLED_UI/OLED_Fonts.o
                0x080095d0                Image_calc
 .rodata.Image_more
                0x08009650       0x80 ./Drivers/OLED_UI/OLED_Fonts.o
                0x08009650                Image_more
 .rodata.Image_alipay
                0x080096d0       0x80 ./Drivers/OLED_UI/OLED_Fonts.o
                0x080096d0                Image_alipay
 .rodata.Image_wechat
                0x08009750       0x80 ./Drivers/OLED_UI/OLED_Fonts.o
                0x08009750                Image_wechat
 .rodata.Image_setings
                0x080097d0       0x80 ./Drivers/OLED_UI/OLED_Fonts.o
                0x080097d0                Image_setings
 .rodata.UnKnown
                0x08009850      0x290 ./Drivers/OLED_UI/OLED_Fonts.o
                0x08009850                UnKnown
 .rodata.Arrow  0x08009ae0        0x6 ./Drivers/OLED_UI/OLED_Fonts.o
                0x08009ae0                Arrow
 *fill*         0x08009ae6        0x2 
 .rodata.OLED_CF8x8
                0x08009ae8      0x252 ./Drivers/OLED_UI/OLED_Fonts.o
                0x08009ae8                OLED_CF8x8
 *fill*         0x08009d3a        0x2 
 .rodata.OLED_CF12x12
                0x08009d3c      0xac2 ./Drivers/OLED_UI/OLED_Fonts.o
                0x08009d3c                OLED_CF12x12
 *fill*         0x0800a7fe        0x2 
 .rodata.OLED_CF16x16
                0x0800a800      0xc94 ./Drivers/OLED_UI/OLED_Fonts.o
                0x0800a800                OLED_CF16x16
 .rodata.OLED_CF20x20
                0x0800b494      0xccc ./Drivers/OLED_UI/OLED_Fonts.o
                0x0800b494                OLED_CF20x20
 .rodata.OLED_F6x8
                0x0800c160      0x23a ./Drivers/OLED_UI/OLED_Fonts.o
                0x0800c160                OLED_F6x8
 *fill*         0x0800c39a        0x2 
 .rodata.OLED_F7x12
                0x0800c39c      0x532 ./Drivers/OLED_UI/OLED_Fonts.o
                0x0800c39c                OLED_F7x12
 *fill*         0x0800c8ce        0x2 
 .rodata.OLED_F8x16
                0x0800c8d0      0x5f0 ./Drivers/OLED_UI/OLED_Fonts.o
                0x0800c8d0                OLED_F8x16
 .rodata.OLED_F10x20
                0x0800cec0      0xb22 ./Drivers/OLED_UI/OLED_Fonts.o
                0x0800cec0                OLED_F10x20
 *fill*         0x0800d9e2        0x2 
 .rodata.OLED_UI_ShowFPS.str1.4
                0x0800d9e4      0x3d9 ./Drivers/OLED_UI/OLED_UI.o
                                  0x4 (size before relaxing)
 *fill*         0x0800ddbd        0x3 
 .rodata.ReverseCoordinate
                0x0800ddc0       0x18 ./Drivers/OLED_UI/OLED_UI.o
 .rodata.OLED_DrawWindow.str1.4
                0x0800ddd8        0x6 ./Drivers/OLED_UI/OLED_UI.o
 .rodata.DrawLinePermix.str1.4
                0x0800ddd8        0xe ./Drivers/OLED_UI/OLED_UI.o
 .rodata.PrintMenuElements.str1.4
                0x0800ddd8        0x7 ./Drivers/OLED_UI/OLED_UI.o
 .rodata.str1.4
                0x0800ddd8      0x3cd ./Drivers/OLED_UI/OLED_UI_MenuData.o
 .rodata._svfprintf_r.str1.1
                0x0800ddd8       0x33 C:/ST/STM32CubeIDE_1.16.1/STM32CubeIDE/plugins/com.st.stm32cube.ide.mcu.externaltools.gnu-tools-for-stm32.13.3.rel1.win32_1.0.0.202411081344/tools/bin/../lib/gcc/arm-none-eabi/13.3.1/../../../../arm-none-eabi/lib/thumb/v6-m/nofp\libc_nano.a(libc_a-nano-svfprintf.o)
                                 0x11 (size before relaxing)
 .rodata._printf_i.str1.1
                0x0800de0b       0x22 C:/ST/STM32CubeIDE_1.16.1/STM32CubeIDE/plugins/com.st.stm32cube.ide.mcu.externaltools.gnu-tools-for-stm32.13.3.rel1.win32_1.0.0.202411081344/tools/bin/../lib/gcc/arm-none-eabi/13.3.1/../../../../arm-none-eabi/lib/thumb/v6-m/nofp\libc_nano.a(libc_a-nano-vfprintf_i.o)
 *fill*         0x0800de0b        0x5 
 .rodata.CSWTCH.9
                0x0800de10       0x18 C:/ST/STM32CubeIDE_1.16.1/STM32CubeIDE/plugins/com.st.stm32cube.ide.mcu.externaltools.gnu-tools-for-stm32.13.3.rel1.win32_1.0.0.202411081344/tools/bin/../lib/gcc/arm-none-eabi/13.3.1/../../../../arm-none-eabi/lib/thumb/v6-m/nofp\libm.a(libm_a-e_atan2.o)
 .rodata.CSWTCH.8
                0x0800de28       0x18 C:/ST/STM32CubeIDE_1.16.1/STM32CubeIDE/plugins/com.st.stm32cube.ide.mcu.externaltools.gnu-tools-for-stm32.13.3.rel1.win32_1.0.0.202411081344/tools/bin/../lib/gcc/arm-none-eabi/13.3.1/../../../../arm-none-eabi/lib/thumb/v6-m/nofp\libm.a(libm_a-e_atan2.o)
 .rodata.atanlo
                0x0800de40       0x20 C:/ST/STM32CubeIDE_1.16.1/STM32CubeIDE/plugins/com.st.stm32cube.ide.mcu.externaltools.gnu-tools-for-stm32.13.3.rel1.win32_1.0.0.202411081344/tools/bin/../lib/gcc/arm-none-eabi/13.3.1/../../../../arm-none-eabi/lib/thumb/v6-m/nofp\libm.a(libm_a-s_atan.o)
 .rodata.atanhi
                0x0800de60       0x20 C:/ST/STM32CubeIDE_1.16.1/STM32CubeIDE/plugins/com.st.stm32cube.ide.mcu.externaltools.gnu-tools-for-stm32.13.3.rel1.win32_1.0.0.202411081344/tools/bin/../lib/gcc/arm-none-eabi/13.3.1/../../../../arm-none-eabi/lib/thumb/v6-m/nofp\libm.a(libm_a-s_atan.o)
                0x0800de80                        . = ALIGN (0x4)

.ARM.extab      0x0800de80        0x0
                0x0800de80                        . = ALIGN (0x4)
 *(.ARM.extab* .gnu.linkonce.armextab.*)
                0x0800de80                        . = ALIGN (0x4)

.ARM            0x0800de80        0x0
                0x0800de80                        . = ALIGN (0x4)
                0x0800de80                        __exidx_start = .
 *(.ARM.exidx*)
                0x0800de80                        __exidx_end = .
                0x0800de80                        . = ALIGN (0x4)

.preinit_array  0x0800de80        0x0
                0x0800de80                        . = ALIGN (0x4)
                0x0800de80                        PROVIDE (__preinit_array_start = .)
 *(.preinit_array*)
                0x0800de80                        PROVIDE (__preinit_array_end = .)
                0x0800de80                        . = ALIGN (0x4)

.init_array     0x0800de80        0x4
                0x0800de80                        . = ALIGN (0x4)
                0x0800de80                        PROVIDE (__init_array_start = .)
 *(SORT_BY_NAME(.init_array.*))
 *(.init_array*)
 .init_array    0x0800de80        0x4 C:/ST/STM32CubeIDE_1.16.1/STM32CubeIDE/plugins/com.st.stm32cube.ide.mcu.externaltools.gnu-tools-for-stm32.13.3.rel1.win32_1.0.0.202411081344/tools/bin/../lib/gcc/arm-none-eabi/13.3.1/thumb/v6-m/nofp/crtbegin.o
                0x0800de84                        PROVIDE (__init_array_end = .)
                0x0800de84                        . = ALIGN (0x4)

.fini_array     0x0800de84        0x4
                0x0800de84                        . = ALIGN (0x4)
                [!provide]                        PROVIDE (__fini_array_start = .)
 *(SORT_BY_NAME(.fini_array.*))
 *(.fini_array*)
 .fini_array    0x0800de84        0x4 C:/ST/STM32CubeIDE_1.16.1/STM32CubeIDE/plugins/com.st.stm32cube.ide.mcu.externaltools.gnu-tools-for-stm32.13.3.rel1.win32_1.0.0.202411081344/tools/bin/../lib/gcc/arm-none-eabi/13.3.1/thumb/v6-m/nofp/crtbegin.o
                [!provide]                        PROVIDE (__fini_array_end = .)
                0x0800de88                        . = ALIGN (0x4)
                0x0800de88                        _sidata = LOADADDR (.data)

.rel.dyn        0x0800de88        0x0
 .rel.iplt      0x0800de88        0x0 C:/ST/STM32CubeIDE_1.16.1/STM32CubeIDE/plugins/com.st.stm32cube.ide.mcu.externaltools.gnu-tools-for-stm32.13.3.rel1.win32_1.0.0.202411081344/tools/bin/../lib/gcc/arm-none-eabi/13.3.1/thumb/v6-m/nofp/crtbegin.o

.data           0x20000000     0x10e8 load address 0x0800de88
                0x20000000                        . = ALIGN (0x4)
                0x20000000                        _sdata = .
 *(.data)
 *(.data*)
 .data.SystemCoreClock
                0x20000000        0x4 ./Core/Src/system_stm32g0xx.o
                0x20000000                SystemCoreClock
 .data.OLED_UI_Brightness
                0x20000004        0x2 ./Drivers/OLED_UI/OLED_UI.o
                0x20000004                OLED_UI_Brightness
 .data.ColorMode
                0x20000006        0x1 ./Drivers/OLED_UI/OLED_UI.o
                0x20000006                ColorMode
 *fill*         0x20000007        0x1 
 .data.OLED_UI_LastKey
                0x20000008        0x4 ./Drivers/OLED_UI/OLED_UI.o
                0x20000008                OLED_UI_LastKey
 .data.OLED_UI_Key
                0x2000000c        0x4 ./Drivers/OLED_UI/OLED_UI.o
                0x2000000c                OLED_UI_Key
 .data.SmallAreaMenuPage
                0x20000010       0x48 ./Drivers/OLED_UI/OLED_UI_MenuData.o
                0x20000010                SmallAreaMenuPage
 .data.LongListMenuPage
                0x20000058       0x48 ./Drivers/OLED_UI/OLED_UI_MenuData.o
                0x20000058                LongListMenuPage
 .data.SpringMenuPage
                0x200000a0       0x48 ./Drivers/OLED_UI/OLED_UI_MenuData.o
                0x200000a0                SpringMenuPage
 .data.LongMenuPage
                0x200000e8       0x48 ./Drivers/OLED_UI/OLED_UI_MenuData.o
                0x200000e8                LongMenuPage
 .data.Font20MenuPage
                0x20000130       0x48 ./Drivers/OLED_UI/OLED_UI_MenuData.o
                0x20000130                Font20MenuPage
 .data.Font16MenuPage
                0x20000178       0x48 ./Drivers/OLED_UI/OLED_UI_MenuData.o
                0x20000178                Font16MenuPage
 .data.Font12MenuPage
                0x200001c0       0x48 ./Drivers/OLED_UI/OLED_UI_MenuData.o
                0x200001c0                Font12MenuPage
 .data.Font8MenuPage
                0x20000208       0x48 ./Drivers/OLED_UI/OLED_UI_MenuData.o
                0x20000208                Font8MenuPage
 .data.MoreMenuPage
                0x20000250       0x48 ./Drivers/OLED_UI/OLED_UI_MenuData.o
                0x20000250                MoreMenuPage
 .data.AboutOLED_UIMenuPage
                0x20000298       0x48 ./Drivers/OLED_UI/OLED_UI_MenuData.o
                0x20000298                AboutOLED_UIMenuPage
 .data.AboutThisDeviceMenuPage
                0x200002e0       0x48 ./Drivers/OLED_UI/OLED_UI_MenuData.o
                0x200002e0                AboutThisDeviceMenuPage
 .data.SettingsMenuPage
                0x20000328       0x48 ./Drivers/OLED_UI/OLED_UI_MenuData.o
                0x20000328                SettingsMenuPage
 .data.MainMenuPage
                0x20000370       0x48 ./Drivers/OLED_UI/OLED_UI_MenuData.o
                0x20000370                MainMenuPage
 .data.SmallAreaMenuItems
                0x200003b8      0x150 ./Drivers/OLED_UI/OLED_UI_MenuData.o
                0x200003b8                SmallAreaMenuItems
 .data.LongListMenuItems
                0x20000508       0xc0 ./Drivers/OLED_UI/OLED_UI_MenuData.o
                0x20000508                LongListMenuItems
 .data.SpringMenuItems
                0x200005c8      0x150 ./Drivers/OLED_UI/OLED_UI_MenuData.o
                0x200005c8                SpringMenuItems
 .data.LongMenuItems
                0x20000718       0x90 ./Drivers/OLED_UI/OLED_UI_MenuData.o
                0x20000718                LongMenuItems
 .data.Font20MenuItems
                0x200007a8      0x150 ./Drivers/OLED_UI/OLED_UI_MenuData.o
                0x200007a8                Font20MenuItems
 .data.Font16MenuItems
                0x200008f8       0xc0 ./Drivers/OLED_UI/OLED_UI_MenuData.o
                0x200008f8                Font16MenuItems
 .data.Font12MenuItems
                0x200009b8       0xc0 ./Drivers/OLED_UI/OLED_UI_MenuData.o
                0x200009b8                Font12MenuItems
 .data.Font8MenuItems
                0x20000a78       0xc0 ./Drivers/OLED_UI/OLED_UI_MenuData.o
                0x20000a78                Font8MenuItems
 .data.MoreMenuItems
                0x20000b38      0x150 ./Drivers/OLED_UI/OLED_UI_MenuData.o
                0x20000b38                MoreMenuItems
 .data.AboutOLED_UIMenuItems
                0x20000c88       0x90 ./Drivers/OLED_UI/OLED_UI_MenuData.o
                0x20000c88                AboutOLED_UIMenuItems
 .data.AboutThisDeviceMenuItems
                0x20000d18       0xf0 ./Drivers/OLED_UI/OLED_UI_MenuData.o
                0x20000d18                AboutThisDeviceMenuItems
 .data.SettingsMenuItems
                0x20000e08       0xc0 ./Drivers/OLED_UI/OLED_UI_MenuData.o
                0x20000e08                SettingsMenuItems
 .data.MainMenuItems
                0x20000ec8       0xa8 ./Drivers/OLED_UI/OLED_UI_MenuData.o
                0x20000ec8                MainMenuItems
 .data.IntDataWindow
                0x20000f70       0x38 ./Drivers/OLED_UI/OLED_UI_MenuData.o
                0x20000f70                IntDataWindow
 .data.FloatDataWindow
                0x20000fa8       0x38 ./Drivers/OLED_UI/OLED_UI_MenuData.o
                0x20000fa8                FloatDataWindow
 .data.TextWindow
                0x20000fe0       0x38 ./Drivers/OLED_UI/OLED_UI_MenuData.o
                0x20000fe0                TextWindow
 .data.NullWindow
                0x20001018       0x38 ./Drivers/OLED_UI/OLED_UI_MenuData.o
                0x20001018                NullWindow
 .data.SetBrightnessWindow
                0x20001050       0x38 ./Drivers/OLED_UI/OLED_UI_MenuData.o
                0x20001050                SetBrightnessWindow
 .data.testintnum
                0x20001088        0x2 ./Drivers/OLED_UI/OLED_UI_MenuData.o
                0x20001088                testintnum
 *fill*         0x2000108a        0x2 
 .data.testfloatnum
                0x2000108c        0x4 ./Drivers/OLED_UI/OLED_UI_MenuData.o
                0x2000108c                testfloatnum
 .data.OLED_ColorMode
                0x20001090        0x1 ./Drivers/OLED_UI/OLED_driver.o
                0x20001090                OLED_ColorMode
 .data.uwTickFreq
                0x20001091        0x1 ./Drivers/STM32G0xx_HAL_Driver/Src/stm32g0xx_hal.o
                0x20001091                uwTickFreq
 *fill*         0x20001092        0x2 
 .data.uwTickPrio
                0x20001094        0x4 ./Drivers/STM32G0xx_HAL_Driver/Src/stm32g0xx_hal.o
                0x20001094                uwTickPrio
 .data._impure_ptr
                0x20001098        0x4 C:/ST/STM32CubeIDE_1.16.1/STM32CubeIDE/plugins/com.st.stm32cube.ide.mcu.externaltools.gnu-tools-for-stm32.13.3.rel1.win32_1.0.0.202411081344/tools/bin/../lib/gcc/arm-none-eabi/13.3.1/../../../../arm-none-eabi/lib/thumb/v6-m/nofp\libc_nano.a(libc_a-impure.o)
                0x20001098                _impure_ptr
 .data._impure_data
                0x2000109c       0x4c C:/ST/STM32CubeIDE_1.16.1/STM32CubeIDE/plugins/com.st.stm32cube.ide.mcu.externaltools.gnu-tools-for-stm32.13.3.rel1.win32_1.0.0.202411081344/tools/bin/../lib/gcc/arm-none-eabi/13.3.1/../../../../arm-none-eabi/lib/thumb/v6-m/nofp\libc_nano.a(libc_a-impure.o)
                0x2000109c                _impure_data
 *(.RamFunc)
 *(.RamFunc*)
                0x200010e8                        . = ALIGN (0x4)
                0x200010e8                        _edata = .

.igot.plt       0x200010e8        0x0 load address 0x0800ef70
 .igot.plt      0x200010e8        0x0 C:/ST/STM32CubeIDE_1.16.1/STM32CubeIDE/plugins/com.st.stm32cube.ide.mcu.externaltools.gnu-tools-for-stm32.13.3.rel1.win32_1.0.0.202411081344/tools/bin/../lib/gcc/arm-none-eabi/13.3.1/thumb/v6-m/nofp/crtbegin.o
                0x200010e8                        . = ALIGN (0x4)

.bss            0x200010e8      0x8d4 load address 0x0800ef70
                0x200010e8                        _sbss = .
                0x200010e8                        __bss_start__ = _sbss
 *(.bss)
 .bss           0x200010e8       0x1c C:/ST/STM32CubeIDE_1.16.1/STM32CubeIDE/plugins/com.st.stm32cube.ide.mcu.externaltools.gnu-tools-for-stm32.13.3.rel1.win32_1.0.0.202411081344/tools/bin/../lib/gcc/arm-none-eabi/13.3.1/thumb/v6-m/nofp/crtbegin.o
 *(.bss*)
 .bss.htim16    0x20001104       0x4c ./Core/Src/main.o
                0x20001104                htim16
 .bss.hdma_spi1_tx
                0x20001150       0x5c ./Core/Src/main.o
                0x20001150                hdma_spi1_tx
 .bss.hspi1     0x200011ac       0x64 ./Core/Src/main.o
                0x200011ac                hspi1
 .bss.__sbrk_heap_end
                0x20001210        0x4 ./Core/Src/sysmem.o
 .bss.IfDownTapAndHold.0
                0x20001214        0x1 ./Drivers/OLED_UI/OLED_UI.o
 *fill*         0x20001215        0x1 
 .bss.DownPressedCounter.1
                0x20001216        0x2 ./Drivers/OLED_UI/OLED_UI.o
 .bss.DownPressCounter.2
                0x20001218        0x2 ./Drivers/OLED_UI/OLED_UI.o
 .bss.IfUpTapAndHold.3
                0x2000121a        0x1 ./Drivers/OLED_UI/OLED_UI.o
 *fill*         0x2000121b        0x1 
 .bss.UpPressedCounter.4
                0x2000121c        0x2 ./Drivers/OLED_UI/OLED_UI.o
 .bss.UpPressCounter.5
                0x2000121e        0x2 ./Drivers/OLED_UI/OLED_UI.o
 .bss.OLED_UI_LineStep
                0x20001220       0x18 ./Drivers/OLED_UI/OLED_UI.o
                0x20001220                OLED_UI_LineStep
 .bss.OLED_UI_PageStartPoint
                0x20001238       0x30 ./Drivers/OLED_UI/OLED_UI.o
                0x20001238                OLED_UI_PageStartPoint
 .bss.OLED_UI_ProbWidth
                0x20001268       0x18 ./Drivers/OLED_UI/OLED_UI.o
                0x20001268                OLED_UI_ProbWidth
 .bss.OLED_UI_ScrollBarHeight
                0x20001280       0x18 ./Drivers/OLED_UI/OLED_UI.o
                0x20001280                OLED_UI_ScrollBarHeight
 .bss.OLED_UI_Window
                0x20001298       0x60 ./Drivers/OLED_UI/OLED_UI.o
                0x20001298                OLED_UI_Window
 .bss.OLED_UI_MenuFrame
                0x200012f8       0x60 ./Drivers/OLED_UI/OLED_UI.o
                0x200012f8                OLED_UI_MenuFrame
 .bss.OLED_UI_Cursor
                0x20001358       0x60 ./Drivers/OLED_UI/OLED_UI.o
                0x20001358                OLED_UI_Cursor
 .bss.OLED_SustainCounter
                0x200013b8        0x4 ./Drivers/OLED_UI/OLED_UI.o
                0x200013b8                OLED_SustainCounter
 .bss.OLED_UI_ShowFps
                0x200013bc        0x1 ./Drivers/OLED_UI/OLED_UI.o
                0x200013bc                OLED_UI_ShowFps
 .bss.FadeOutFlag
                0x200013bd        0x1 ./Drivers/OLED_UI/OLED_UI.o
                0x200013bd                FadeOutFlag
 .bss.KeyEnterFlag
                0x200013be        0x1 ./Drivers/OLED_UI/OLED_UI.o
                0x200013be                KeyEnterFlag
 *fill*         0x200013bf        0x1 
 .bss.CurrentWindow
                0x200013c0        0x4 ./Drivers/OLED_UI/OLED_UI.o
                0x200013c0                CurrentWindow
 .bss.CurrentMenuPage
                0x200013c4        0x4 ./Drivers/OLED_UI/OLED_UI.o
                0x200013c4                CurrentMenuPage
 .bss.OLED_FPS  0x200013c8        0x6 ./Drivers/OLED_UI/OLED_UI.o
                0x200013c8                OLED_FPS
 *fill*         0x200013ce        0x2 
 .bss.WelcomeTextMove
                0x200013d0       0x30 ./Drivers/OLED_UI/OLED_UI_MenuData.o
                0x200013d0                WelcomeTextMove
 .bss.LogoTextMove
                0x20001400       0x30 ./Drivers/OLED_UI/OLED_UI_MenuData.o
                0x20001400                LogoTextMove
 .bss.LogoMove  0x20001430       0x30 ./Drivers/OLED_UI/OLED_UI_MenuData.o
                0x20001430                LogoMove
 .bss.spi_busy  0x20001460        0x1 ./Drivers/OLED_UI/OLED_driver.o
                0x20001460                spi_busy
 *fill*         0x20001461        0x3 
 .bss.OLED_DisplayBuf
                0x20001464      0x400 ./Drivers/OLED_UI/OLED_driver.o
                0x20001464                OLED_DisplayBuf
 .bss.uwTick    0x20001864        0x4 ./Drivers/STM32G0xx_HAL_Driver/Src/stm32g0xx_hal.o
                0x20001864                uwTick
 .bss.BTN_stat  0x20001868        0xc ./User/misc.o
                0x20001868                BTN_stat
 .bss.__sf      0x20001874      0x138 C:/ST/STM32CubeIDE_1.16.1/STM32CubeIDE/plugins/com.st.stm32cube.ide.mcu.externaltools.gnu-tools-for-stm32.13.3.rel1.win32_1.0.0.202411081344/tools/bin/../lib/gcc/arm-none-eabi/13.3.1/../../../../arm-none-eabi/lib/thumb/v6-m/nofp\libc_nano.a(libc_a-findfp.o)
                0x20001874                __sf
 .bss.errno     0x200019ac        0x4 C:/ST/STM32CubeIDE_1.16.1/STM32CubeIDE/plugins/com.st.stm32cube.ide.mcu.externaltools.gnu-tools-for-stm32.13.3.rel1.win32_1.0.0.202411081344/tools/bin/../lib/gcc/arm-none-eabi/13.3.1/../../../../arm-none-eabi/lib/thumb/v6-m/nofp\libc_nano.a(libc_a-reent.o)
                0x200019ac                errno
 .bss.__lock___malloc_recursive_mutex
                0x200019b0        0x1 C:/ST/STM32CubeIDE_1.16.1/STM32CubeIDE/plugins/com.st.stm32cube.ide.mcu.externaltools.gnu-tools-for-stm32.13.3.rel1.win32_1.0.0.202411081344/tools/bin/../lib/gcc/arm-none-eabi/13.3.1/../../../../arm-none-eabi/lib/thumb/v6-m/nofp\libc_nano.a(libc_a-lock.o)
                0x200019b0                __lock___malloc_recursive_mutex
 *fill*         0x200019b1        0x3 
 .bss.__malloc_sbrk_start
                0x200019b4        0x4 C:/ST/STM32CubeIDE_1.16.1/STM32CubeIDE/plugins/com.st.stm32cube.ide.mcu.externaltools.gnu-tools-for-stm32.13.3.rel1.win32_1.0.0.202411081344/tools/bin/../lib/gcc/arm-none-eabi/13.3.1/../../../../arm-none-eabi/lib/thumb/v6-m/nofp\libc_nano.a(libc_a-mallocr.o)
                0x200019b4                __malloc_sbrk_start
 .bss.__malloc_free_list
                0x200019b8        0x4 C:/ST/STM32CubeIDE_1.16.1/STM32CubeIDE/plugins/com.st.stm32cube.ide.mcu.externaltools.gnu-tools-for-stm32.13.3.rel1.win32_1.0.0.202411081344/tools/bin/../lib/gcc/arm-none-eabi/13.3.1/../../../../arm-none-eabi/lib/thumb/v6-m/nofp\libc_nano.a(libc_a-mallocr.o)
                0x200019b8                __malloc_free_list
 *(COMMON)
                0x200019bc                        . = ALIGN (0x4)
                0x200019bc                        _ebss = .
                0x200019bc                        __bss_end__ = _ebss

._user_heap_stack
                0x200019bc      0x604 load address 0x0800ef70
                0x200019c0                        . = ALIGN (0x8)
 *fill*         0x200019bc        0x4 
                [!provide]                        PROVIDE (end = .)
                0x200019c0                        PROVIDE (_end = .)
                0x20001bc0                        . = (. + _Min_Heap_Size)
 *fill*         0x200019c0      0x200 
                0x20001fc0                        . = (. + _Min_Stack_Size)
 *fill*         0x20001bc0      0x400 
                0x20001fc0                        . = ALIGN (0x8)

/DISCARD/
 libc.a(*)
 libm.a(*)
 libgcc.a(*)

.ARM.attributes
                0x00000000       0x28
 *(.ARM.attributes)
 .ARM.attributes
                0x00000000       0x1e C:/ST/STM32CubeIDE_1.16.1/STM32CubeIDE/plugins/com.st.stm32cube.ide.mcu.externaltools.gnu-tools-for-stm32.13.3.rel1.win32_1.0.0.202411081344/tools/bin/../lib/gcc/arm-none-eabi/13.3.1/thumb/v6-m/nofp/crti.o
 .ARM.attributes
                0x0000001e       0x2c C:/ST/STM32CubeIDE_1.16.1/STM32CubeIDE/plugins/com.st.stm32cube.ide.mcu.externaltools.gnu-tools-for-stm32.13.3.rel1.win32_1.0.0.202411081344/tools/bin/../lib/gcc/arm-none-eabi/13.3.1/thumb/v6-m/nofp/crtbegin.o
 .ARM.attributes
                0x0000004a       0x2c ./Core/Src/main.o
 .ARM.attributes
                0x00000076       0x2c ./Core/Src/stm32g0xx_hal_msp.o
 .ARM.attributes
                0x000000a2       0x2c ./Core/Src/stm32g0xx_it.o
 .ARM.attributes
                0x000000ce       0x2c ./Core/Src/sysmem.o
 .ARM.attributes
                0x000000fa       0x2c ./Core/Src/system_stm32g0xx.o
 .ARM.attributes
                0x00000126       0x22 ./Core/Startup/startup_stm32g031g8ux.o
 .ARM.attributes
                0x00000148       0x2c ./Drivers/OLED_UI/OLED.o
 .ARM.attributes
                0x00000174       0x2c ./Drivers/OLED_UI/OLED_Fonts.o
 .ARM.attributes
                0x000001a0       0x2c ./Drivers/OLED_UI/OLED_UI.o
 .ARM.attributes
                0x000001cc       0x2c ./Drivers/OLED_UI/OLED_UI_Driver.o
 .ARM.attributes
                0x000001f8       0x2c ./Drivers/OLED_UI/OLED_UI_MenuData.o
 .ARM.attributes
                0x00000224       0x2c ./Drivers/OLED_UI/OLED_driver.o
 .ARM.attributes
                0x00000250       0x2c ./Drivers/STM32G0xx_HAL_Driver/Src/stm32g0xx_hal.o
 .ARM.attributes
                0x0000027c       0x2c ./Drivers/STM32G0xx_HAL_Driver/Src/stm32g0xx_hal_cortex.o
 .ARM.attributes
                0x000002a8       0x2c ./Drivers/STM32G0xx_HAL_Driver/Src/stm32g0xx_hal_dma.o
 .ARM.attributes
                0x000002d4       0x2c ./Drivers/STM32G0xx_HAL_Driver/Src/stm32g0xx_hal_gpio.o
 .ARM.attributes
                0x00000300       0x2c ./Drivers/STM32G0xx_HAL_Driver/Src/stm32g0xx_hal_spi.o
 .ARM.attributes
                0x0000032c       0x2c ./Drivers/STM32G0xx_HAL_Driver/Src/stm32g0xx_hal_tim.o
 .ARM.attributes
                0x00000358       0x2c ./Drivers/STM32G0xx_HAL_Driver/Src/stm32g0xx_hal_tim_ex.o
 .ARM.attributes
                0x00000384       0x2c ./Drivers/STM32G0xx_HAL_Driver/Src/stm32g0xx_ll_utils.o
 .ARM.attributes
                0x000003b0       0x2c ./User/misc.o
 .ARM.attributes
                0x000003dc       0x2c ./User/user_it.o
 .ARM.attributes
                0x00000408       0x2c ./User/usermain.o
 .ARM.attributes
                0x00000434       0x2c C:/ST/STM32CubeIDE_1.16.1/STM32CubeIDE/plugins/com.st.stm32cube.ide.mcu.externaltools.gnu-tools-for-stm32.13.3.rel1.win32_1.0.0.202411081344/tools/bin/../lib/gcc/arm-none-eabi/13.3.1/../../../../arm-none-eabi/lib/thumb/v6-m/nofp\libc_nano.a(libc_a-findfp.o)
 .ARM.attributes
                0x00000460       0x2c C:/ST/STM32CubeIDE_1.16.1/STM32CubeIDE/plugins/com.st.stm32cube.ide.mcu.externaltools.gnu-tools-for-stm32.13.3.rel1.win32_1.0.0.202411081344/tools/bin/../lib/gcc/arm-none-eabi/13.3.1/../../../../arm-none-eabi/lib/thumb/v6-m/nofp\libc_nano.a(libc_a-vsnprintf.o)
 .ARM.attributes
                0x0000048c       0x2c C:/ST/STM32CubeIDE_1.16.1/STM32CubeIDE/plugins/com.st.stm32cube.ide.mcu.externaltools.gnu-tools-for-stm32.13.3.rel1.win32_1.0.0.202411081344/tools/bin/../lib/gcc/arm-none-eabi/13.3.1/../../../../arm-none-eabi/lib/thumb/v6-m/nofp\libc_nano.a(libc_a-vsprintf.o)
 .ARM.attributes
                0x000004b8       0x2c C:/ST/STM32CubeIDE_1.16.1/STM32CubeIDE/plugins/com.st.stm32cube.ide.mcu.externaltools.gnu-tools-for-stm32.13.3.rel1.win32_1.0.0.202411081344/tools/bin/../lib/gcc/arm-none-eabi/13.3.1/../../../../arm-none-eabi/lib/thumb/v6-m/nofp\libc_nano.a(libc_a-memset.o)
 .ARM.attributes
                0x000004e4       0x2c C:/ST/STM32CubeIDE_1.16.1/STM32CubeIDE/plugins/com.st.stm32cube.ide.mcu.externaltools.gnu-tools-for-stm32.13.3.rel1.win32_1.0.0.202411081344/tools/bin/../lib/gcc/arm-none-eabi/13.3.1/../../../../arm-none-eabi/lib/thumb/v6-m/nofp\libc_nano.a(libc_a-reent.o)
 .ARM.attributes
                0x00000510       0x2c C:/ST/STM32CubeIDE_1.16.1/STM32CubeIDE/plugins/com.st.stm32cube.ide.mcu.externaltools.gnu-tools-for-stm32.13.3.rel1.win32_1.0.0.202411081344/tools/bin/../lib/gcc/arm-none-eabi/13.3.1/../../../../arm-none-eabi/lib/thumb/v6-m/nofp\libc_nano.a(libc_a-impure.o)
 .ARM.attributes
                0x0000053c       0x2c C:/ST/STM32CubeIDE_1.16.1/STM32CubeIDE/plugins/com.st.stm32cube.ide.mcu.externaltools.gnu-tools-for-stm32.13.3.rel1.win32_1.0.0.202411081344/tools/bin/../lib/gcc/arm-none-eabi/13.3.1/../../../../arm-none-eabi/lib/thumb/v6-m/nofp\libc_nano.a(libc_a-errno.o)
 .ARM.attributes
                0x00000568       0x2c C:/ST/STM32CubeIDE_1.16.1/STM32CubeIDE/plugins/com.st.stm32cube.ide.mcu.externaltools.gnu-tools-for-stm32.13.3.rel1.win32_1.0.0.202411081344/tools/bin/../lib/gcc/arm-none-eabi/13.3.1/../../../../arm-none-eabi/lib/thumb/v6-m/nofp\libc_nano.a(libc_a-init.o)
 .ARM.attributes
                0x00000594       0x2c C:/ST/STM32CubeIDE_1.16.1/STM32CubeIDE/plugins/com.st.stm32cube.ide.mcu.externaltools.gnu-tools-for-stm32.13.3.rel1.win32_1.0.0.202411081344/tools/bin/../lib/gcc/arm-none-eabi/13.3.1/../../../../arm-none-eabi/lib/thumb/v6-m/nofp\libc_nano.a(libc_a-lock.o)
 .ARM.attributes
                0x000005c0       0x1c C:/ST/STM32CubeIDE_1.16.1/STM32CubeIDE/plugins/com.st.stm32cube.ide.mcu.externaltools.gnu-tools-for-stm32.13.3.rel1.win32_1.0.0.202411081344/tools/bin/../lib/gcc/arm-none-eabi/13.3.1/../../../../arm-none-eabi/lib/thumb/v6-m/nofp\libc_nano.a(libc_a-strcmp.o)
 .ARM.attributes
                0x000005dc       0x2c C:/ST/STM32CubeIDE_1.16.1/STM32CubeIDE/plugins/com.st.stm32cube.ide.mcu.externaltools.gnu-tools-for-stm32.13.3.rel1.win32_1.0.0.202411081344/tools/bin/../lib/gcc/arm-none-eabi/13.3.1/../../../../arm-none-eabi/lib/thumb/v6-m/nofp\libc_nano.a(libc_a-memcpy-stub.o)
 .ARM.attributes
                0x00000608       0x2c C:/ST/STM32CubeIDE_1.16.1/STM32CubeIDE/plugins/com.st.stm32cube.ide.mcu.externaltools.gnu-tools-for-stm32.13.3.rel1.win32_1.0.0.202411081344/tools/bin/../lib/gcc/arm-none-eabi/13.3.1/../../../../arm-none-eabi/lib/thumb/v6-m/nofp\libc_nano.a(libc_a-freer.o)
 .ARM.attributes
                0x00000634       0x2c C:/ST/STM32CubeIDE_1.16.1/STM32CubeIDE/plugins/com.st.stm32cube.ide.mcu.externaltools.gnu-tools-for-stm32.13.3.rel1.win32_1.0.0.202411081344/tools/bin/../lib/gcc/arm-none-eabi/13.3.1/../../../../arm-none-eabi/lib/thumb/v6-m/nofp\libc_nano.a(libc_a-mallocr.o)
 .ARM.attributes
                0x00000660       0x2c C:/ST/STM32CubeIDE_1.16.1/STM32CubeIDE/plugins/com.st.stm32cube.ide.mcu.externaltools.gnu-tools-for-stm32.13.3.rel1.win32_1.0.0.202411081344/tools/bin/../lib/gcc/arm-none-eabi/13.3.1/../../../../arm-none-eabi/lib/thumb/v6-m/nofp\libc_nano.a(libc_a-mlock.o)
 .ARM.attributes
                0x0000068c       0x2c C:/ST/STM32CubeIDE_1.16.1/STM32CubeIDE/plugins/com.st.stm32cube.ide.mcu.externaltools.gnu-tools-for-stm32.13.3.rel1.win32_1.0.0.202411081344/tools/bin/../lib/gcc/arm-none-eabi/13.3.1/../../../../arm-none-eabi/lib/thumb/v6-m/nofp\libc_nano.a(libc_a-nano-svfprintf.o)
 .ARM.attributes
                0x000006b8       0x2c C:/ST/STM32CubeIDE_1.16.1/STM32CubeIDE/plugins/com.st.stm32cube.ide.mcu.externaltools.gnu-tools-for-stm32.13.3.rel1.win32_1.0.0.202411081344/tools/bin/../lib/gcc/arm-none-eabi/13.3.1/../../../../arm-none-eabi/lib/thumb/v6-m/nofp\libc_nano.a(libc_a-nano-vfprintf_i.o)
 .ARM.attributes
                0x000006e4       0x2c C:/ST/STM32CubeIDE_1.16.1/STM32CubeIDE/plugins/com.st.stm32cube.ide.mcu.externaltools.gnu-tools-for-stm32.13.3.rel1.win32_1.0.0.202411081344/tools/bin/../lib/gcc/arm-none-eabi/13.3.1/../../../../arm-none-eabi/lib/thumb/v6-m/nofp\libc_nano.a(libc_a-memmove.o)
 .ARM.attributes
                0x00000710       0x2c C:/ST/STM32CubeIDE_1.16.1/STM32CubeIDE/plugins/com.st.stm32cube.ide.mcu.externaltools.gnu-tools-for-stm32.13.3.rel1.win32_1.0.0.202411081344/tools/bin/../lib/gcc/arm-none-eabi/13.3.1/../../../../arm-none-eabi/lib/thumb/v6-m/nofp\libc_nano.a(libc_a-sbrkr.o)
 .ARM.attributes
                0x0000073c       0x2c C:/ST/STM32CubeIDE_1.16.1/STM32CubeIDE/plugins/com.st.stm32cube.ide.mcu.externaltools.gnu-tools-for-stm32.13.3.rel1.win32_1.0.0.202411081344/tools/bin/../lib/gcc/arm-none-eabi/13.3.1/../../../../arm-none-eabi/lib/thumb/v6-m/nofp\libc_nano.a(libc_a-memchr-stub.o)
 .ARM.attributes
                0x00000768       0x2c C:/ST/STM32CubeIDE_1.16.1/STM32CubeIDE/plugins/com.st.stm32cube.ide.mcu.externaltools.gnu-tools-for-stm32.13.3.rel1.win32_1.0.0.202411081344/tools/bin/../lib/gcc/arm-none-eabi/13.3.1/../../../../arm-none-eabi/lib/thumb/v6-m/nofp\libc_nano.a(libc_a-reallocr.o)
 .ARM.attributes
                0x00000794       0x2c C:/ST/STM32CubeIDE_1.16.1/STM32CubeIDE/plugins/com.st.stm32cube.ide.mcu.externaltools.gnu-tools-for-stm32.13.3.rel1.win32_1.0.0.202411081344/tools/bin/../lib/gcc/arm-none-eabi/13.3.1/../../../../arm-none-eabi/lib/thumb/v6-m/nofp\libc_nano.a(libc_a-msizer.o)
 .ARM.attributes
                0x000007c0       0x2c C:/ST/STM32CubeIDE_1.16.1/STM32CubeIDE/plugins/com.st.stm32cube.ide.mcu.externaltools.gnu-tools-for-stm32.13.3.rel1.win32_1.0.0.202411081344/tools/bin/../lib/gcc/arm-none-eabi/13.3.1/../../../../arm-none-eabi/lib/thumb/v6-m/nofp\libm.a(libm_a-w_atan2.o)
 .ARM.attributes
                0x000007ec       0x2c C:/ST/STM32CubeIDE_1.16.1/STM32CubeIDE/plugins/com.st.stm32cube.ide.mcu.externaltools.gnu-tools-for-stm32.13.3.rel1.win32_1.0.0.202411081344/tools/bin/../lib/gcc/arm-none-eabi/13.3.1/../../../../arm-none-eabi/lib/thumb/v6-m/nofp\libm.a(libm_a-s_fmin.o)
 .ARM.attributes
                0x00000818       0x2c C:/ST/STM32CubeIDE_1.16.1/STM32CubeIDE/plugins/com.st.stm32cube.ide.mcu.externaltools.gnu-tools-for-stm32.13.3.rel1.win32_1.0.0.202411081344/tools/bin/../lib/gcc/arm-none-eabi/13.3.1/../../../../arm-none-eabi/lib/thumb/v6-m/nofp\libm.a(libm_a-s_fpclassify.o)
 .ARM.attributes
                0x00000844       0x2c C:/ST/STM32CubeIDE_1.16.1/STM32CubeIDE/plugins/com.st.stm32cube.ide.mcu.externaltools.gnu-tools-for-stm32.13.3.rel1.win32_1.0.0.202411081344/tools/bin/../lib/gcc/arm-none-eabi/13.3.1/../../../../arm-none-eabi/lib/thumb/v6-m/nofp\libm.a(libm_a-s_ceil.o)
 .ARM.attributes
                0x00000870       0x2c C:/ST/STM32CubeIDE_1.16.1/STM32CubeIDE/plugins/com.st.stm32cube.ide.mcu.externaltools.gnu-tools-for-stm32.13.3.rel1.win32_1.0.0.202411081344/tools/bin/../lib/gcc/arm-none-eabi/13.3.1/../../../../arm-none-eabi/lib/thumb/v6-m/nofp\libm.a(libm_a-e_atan2.o)
 .ARM.attributes
                0x0000089c       0x2c C:/ST/STM32CubeIDE_1.16.1/STM32CubeIDE/plugins/com.st.stm32cube.ide.mcu.externaltools.gnu-tools-for-stm32.13.3.rel1.win32_1.0.0.202411081344/tools/bin/../lib/gcc/arm-none-eabi/13.3.1/../../../../arm-none-eabi/lib/thumb/v6-m/nofp\libm.a(libm_a-s_atan.o)
 .ARM.attributes
                0x000008c8       0x2c C:/ST/STM32CubeIDE_1.16.1/STM32CubeIDE/plugins/com.st.stm32cube.ide.mcu.externaltools.gnu-tools-for-stm32.13.3.rel1.win32_1.0.0.202411081344/tools/bin/../lib/gcc/arm-none-eabi/13.3.1/../../../../arm-none-eabi/lib/thumb/v6-m/nofp\libm.a(libm_a-s_fabs.o)
 .ARM.attributes
                0x000008f4       0x1e C:/ST/STM32CubeIDE_1.16.1/STM32CubeIDE/plugins/com.st.stm32cube.ide.mcu.externaltools.gnu-tools-for-stm32.13.3.rel1.win32_1.0.0.202411081344/tools/bin/../lib/gcc/arm-none-eabi/13.3.1/thumb/v6-m/nofp\libgcc.a(_thumb1_case_shi.o)
 .ARM.attributes
                0x00000912       0x1e C:/ST/STM32CubeIDE_1.16.1/STM32CubeIDE/plugins/com.st.stm32cube.ide.mcu.externaltools.gnu-tools-for-stm32.13.3.rel1.win32_1.0.0.202411081344/tools/bin/../lib/gcc/arm-none-eabi/13.3.1/thumb/v6-m/nofp\libgcc.a(_udivsi3.o)
 .ARM.attributes
                0x00000930       0x1e C:/ST/STM32CubeIDE_1.16.1/STM32CubeIDE/plugins/com.st.stm32cube.ide.mcu.externaltools.gnu-tools-for-stm32.13.3.rel1.win32_1.0.0.202411081344/tools/bin/../lib/gcc/arm-none-eabi/13.3.1/thumb/v6-m/nofp\libgcc.a(_divsi3.o)
 .ARM.attributes
                0x0000094e       0x1e C:/ST/STM32CubeIDE_1.16.1/STM32CubeIDE/plugins/com.st.stm32cube.ide.mcu.externaltools.gnu-tools-for-stm32.13.3.rel1.win32_1.0.0.202411081344/tools/bin/../lib/gcc/arm-none-eabi/13.3.1/thumb/v6-m/nofp\libgcc.a(_dvmd_tls.o)
 .ARM.attributes
                0x0000096c       0x1e C:/ST/STM32CubeIDE_1.16.1/STM32CubeIDE/plugins/com.st.stm32cube.ide.mcu.externaltools.gnu-tools-for-stm32.13.3.rel1.win32_1.0.0.202411081344/tools/bin/../lib/gcc/arm-none-eabi/13.3.1/thumb/v6-m/nofp\libgcc.a(_arm_cmpdf2.o)
 .ARM.attributes
                0x0000098a       0x1e C:/ST/STM32CubeIDE_1.16.1/STM32CubeIDE/plugins/com.st.stm32cube.ide.mcu.externaltools.gnu-tools-for-stm32.13.3.rel1.win32_1.0.0.202411081344/tools/bin/../lib/gcc/arm-none-eabi/13.3.1/thumb/v6-m/nofp\libgcc.a(_arm_cmpsf2.o)
 .ARM.attributes
                0x000009a8       0x2c C:/ST/STM32CubeIDE_1.16.1/STM32CubeIDE/plugins/com.st.stm32cube.ide.mcu.externaltools.gnu-tools-for-stm32.13.3.rel1.win32_1.0.0.202411081344/tools/bin/../lib/gcc/arm-none-eabi/13.3.1/thumb/v6-m/nofp\libgcc.a(addsf3.o)
 .ARM.attributes
                0x000009d4       0x2c C:/ST/STM32CubeIDE_1.16.1/STM32CubeIDE/plugins/com.st.stm32cube.ide.mcu.externaltools.gnu-tools-for-stm32.13.3.rel1.win32_1.0.0.202411081344/tools/bin/../lib/gcc/arm-none-eabi/13.3.1/thumb/v6-m/nofp\libgcc.a(divsf3.o)
 .ARM.attributes
                0x00000a00       0x2c C:/ST/STM32CubeIDE_1.16.1/STM32CubeIDE/plugins/com.st.stm32cube.ide.mcu.externaltools.gnu-tools-for-stm32.13.3.rel1.win32_1.0.0.202411081344/tools/bin/../lib/gcc/arm-none-eabi/13.3.1/thumb/v6-m/nofp\libgcc.a(eqsf2.o)
 .ARM.attributes
                0x00000a2c       0x2c C:/ST/STM32CubeIDE_1.16.1/STM32CubeIDE/plugins/com.st.stm32cube.ide.mcu.externaltools.gnu-tools-for-stm32.13.3.rel1.win32_1.0.0.202411081344/tools/bin/../lib/gcc/arm-none-eabi/13.3.1/thumb/v6-m/nofp\libgcc.a(gesf2.o)
 .ARM.attributes
                0x00000a58       0x2c C:/ST/STM32CubeIDE_1.16.1/STM32CubeIDE/plugins/com.st.stm32cube.ide.mcu.externaltools.gnu-tools-for-stm32.13.3.rel1.win32_1.0.0.202411081344/tools/bin/../lib/gcc/arm-none-eabi/13.3.1/thumb/v6-m/nofp\libgcc.a(lesf2.o)
 .ARM.attributes
                0x00000a84       0x2c C:/ST/STM32CubeIDE_1.16.1/STM32CubeIDE/plugins/com.st.stm32cube.ide.mcu.externaltools.gnu-tools-for-stm32.13.3.rel1.win32_1.0.0.202411081344/tools/bin/../lib/gcc/arm-none-eabi/13.3.1/thumb/v6-m/nofp\libgcc.a(mulsf3.o)
 .ARM.attributes
                0x00000ab0       0x2c C:/ST/STM32CubeIDE_1.16.1/STM32CubeIDE/plugins/com.st.stm32cube.ide.mcu.externaltools.gnu-tools-for-stm32.13.3.rel1.win32_1.0.0.202411081344/tools/bin/../lib/gcc/arm-none-eabi/13.3.1/thumb/v6-m/nofp\libgcc.a(subsf3.o)
 .ARM.attributes
                0x00000adc       0x2c C:/ST/STM32CubeIDE_1.16.1/STM32CubeIDE/plugins/com.st.stm32cube.ide.mcu.externaltools.gnu-tools-for-stm32.13.3.rel1.win32_1.0.0.202411081344/tools/bin/../lib/gcc/arm-none-eabi/13.3.1/thumb/v6-m/nofp\libgcc.a(fixsfsi.o)
 .ARM.attributes
                0x00000b08       0x2c C:/ST/STM32CubeIDE_1.16.1/STM32CubeIDE/plugins/com.st.stm32cube.ide.mcu.externaltools.gnu-tools-for-stm32.13.3.rel1.win32_1.0.0.202411081344/tools/bin/../lib/gcc/arm-none-eabi/13.3.1/thumb/v6-m/nofp\libgcc.a(floatsisf.o)
 .ARM.attributes
                0x00000b34       0x2c C:/ST/STM32CubeIDE_1.16.1/STM32CubeIDE/plugins/com.st.stm32cube.ide.mcu.externaltools.gnu-tools-for-stm32.13.3.rel1.win32_1.0.0.202411081344/tools/bin/../lib/gcc/arm-none-eabi/13.3.1/thumb/v6-m/nofp\libgcc.a(adddf3.o)
 .ARM.attributes
                0x00000b60       0x2c C:/ST/STM32CubeIDE_1.16.1/STM32CubeIDE/plugins/com.st.stm32cube.ide.mcu.externaltools.gnu-tools-for-stm32.13.3.rel1.win32_1.0.0.202411081344/tools/bin/../lib/gcc/arm-none-eabi/13.3.1/thumb/v6-m/nofp\libgcc.a(divdf3.o)
 .ARM.attributes
                0x00000b8c       0x2c C:/ST/STM32CubeIDE_1.16.1/STM32CubeIDE/plugins/com.st.stm32cube.ide.mcu.externaltools.gnu-tools-for-stm32.13.3.rel1.win32_1.0.0.202411081344/tools/bin/../lib/gcc/arm-none-eabi/13.3.1/thumb/v6-m/nofp\libgcc.a(eqdf2.o)
 .ARM.attributes
                0x00000bb8       0x2c C:/ST/STM32CubeIDE_1.16.1/STM32CubeIDE/plugins/com.st.stm32cube.ide.mcu.externaltools.gnu-tools-for-stm32.13.3.rel1.win32_1.0.0.202411081344/tools/bin/../lib/gcc/arm-none-eabi/13.3.1/thumb/v6-m/nofp\libgcc.a(gedf2.o)