21:55:56 **** Incremental Build of configuration Debug for project OLED_UI_Example ****
make -j22 all 
arm-none-eabi-gcc "../User/misc.c" -mcpu=cortex-m0plus -std=gnu11 -g3 -DDEBUG -DUSE_HAL_DRIVER -DSTM32G031xx -DUSE_FULL_LL_DRIVER -c -I../User -I../Core/Inc -I../Drivers/STM32G0xx_HAL_Driver/Inc -I../Drivers/STM32G0xx_HAL_Driver/Inc/Legacy -I../Drivers/CMSIS/Device/ST/STM32G0xx/Include -I../Drivers/CMSIS/Include -I../Drivers/OLED_UI -Og -ffunction-sections -fdata-sections -Wall -fstack-usage -fcyclomatic-complexity -MMD -MP -MF"User/misc.d" -MT"User/misc.o" --specs=nano.specs -mfloat-abi=soft -mthumb -o "User/misc.o"
arm-none-eabi-gcc "../User/user_it.c" -mcpu=cortex-m0plus -std=gnu11 -g3 -DDEBUG -DUSE_HAL_DRIVER -DSTM32G031xx -DUSE_FULL_LL_DRIVER -c -I../User -I../Core/Inc -I../Drivers/STM32G0xx_HAL_Driver/Inc -I../Drivers/STM32G0xx_HAL_Driver/Inc/Legacy -I../Drivers/CMSIS/Device/ST/STM32G0xx/Include -I../Drivers/CMSIS/Include -I../Drivers/OLED_UI -Og -ffunction-sections -fdata-sections -Wall -fstack-usage -fcyclomatic-complexity -MMD -MP -MF"User/user_it.d" -MT"User/user_it.o" --specs=nano.specs -mfloat-abi=soft -mthumb -o "User/user_it.o"
arm-none-eabi-gcc "../User/usermain.c" -mcpu=cortex-m0plus -std=gnu11 -g3 -DDEBUG -DUSE_HAL_DRIVER -DSTM32G031xx -DUSE_FULL_LL_DRIVER -c -I../User -I../Core/Inc -I../Drivers/STM32G0xx_HAL_Driver/Inc -I../Drivers/STM32G0xx_HAL_Driver/Inc/Legacy -I../Drivers/CMSIS/Device/ST/STM32G0xx/Include -I../Drivers/CMSIS/Include -I../Drivers/OLED_UI -Og -ffunction-sections -fdata-sections -Wall -fstack-usage -fcyclomatic-complexity -MMD -MP -MF"User/usermain.d" -MT"User/usermain.o" --specs=nano.specs -mfloat-abi=soft -mthumb -o "User/usermain.o"
arm-none-eabi-gcc "../Drivers/OLED_UI/OLED_UI.c" -mcpu=cortex-m0plus -std=gnu11 -g3 -DDEBUG -DUSE_HAL_DRIVER -DSTM32G031xx -DUSE_FULL_LL_DRIVER -c -I../User -I../Core/Inc -I../Drivers/STM32G0xx_HAL_Driver/Inc -I../Drivers/STM32G0xx_HAL_Driver/Inc/Legacy -I../Drivers/CMSIS/Device/ST/STM32G0xx/Include -I../Drivers/CMSIS/Include -I../Drivers/OLED_UI -Og -ffunction-sections -fdata-sections -Wall -fstack-usage -fcyclomatic-complexity -MMD -MP -MF"Drivers/OLED_UI/OLED_UI.d" -MT"Drivers/OLED_UI/OLED_UI.o" --specs=nano.specs -mfloat-abi=soft -mthumb -o "Drivers/OLED_UI/OLED_UI.o"
arm-none-eabi-gcc "../Core/Src/main.c" -mcpu=cortex-m0plus -std=gnu11 -g3 -DDEBUG -DUSE_HAL_DRIVER -DSTM32G031xx -DUSE_FULL_LL_DRIVER -c -I../User -I../Core/Inc -I../Drivers/STM32G0xx_HAL_Driver/Inc -I../Drivers/STM32G0xx_HAL_Driver/Inc/Legacy -I../Drivers/CMSIS/Device/ST/STM32G0xx/Include -I../Drivers/CMSIS/Include -I../Drivers/OLED_UI -Og -ffunction-sections -fdata-sections -Wall -fstack-usage -fcyclomatic-complexity -MMD -MP -MF"Core/Src/main.d" -MT"Core/Src/main.o" --specs=nano.specs -mfloat-abi=soft -mthumb -o "Core/Src/main.o"
arm-none-eabi-gcc -o "OLED_UI_Example.elf" @"objects.list"   -mcpu=cortex-m0plus -T"D:\Users\tonny\Downloads\OLED_UI_128x64_SSD1306_SPI\STM32G031G8U6\OLED_UI_128x64_SH1106_SPI_HAL_CubeIDE\OLED_UI_Example\STM32G031G8UX_FLASH.ld" --specs=nosys.specs -Wl,-Map="OLED_UI_Example.map" -Wl,--gc-sections -static --specs=nano.specs -mfloat-abi=soft -mthumb -Wl,--start-group -lc -lm -Wl,--end-group
Finished building target: OLED_UI_Example.elf
 
arm-none-eabi-size  OLED_UI_Example.elf 
arm-none-eabi-objdump -h -S OLED_UI_Example.elf  > "OLED_UI_Example.list"
   text	   data	    bss	    dec	    hex	filename
  57100	   4328	   3800	  65228	   fecc	OLED_UI_Example.elf
Finished building: default.size.stdout
 
Finished building: OLED_UI_Example.list
 
21:56:09 **** Incremental Build of configuration Debug for project OLED_UI_Example ****
make -j22 all 
arm-none-eabi-size  OLED_UI_Example.elf 
   text	   data	    bss	    dec	    hex	filename
  57100	   4328	   3800	  65228	   fecc	OLED_UI_Example.elf
Finished building: default.size.stdout
 
22:04:58 **** Clean-only build of configuration Debug for project OLED_UI_Example ****
make -j22 clean 
rm -rf ./User/misc.cyclo ./User/misc.d ./User/misc.o ./User/misc.su ./User/user_it.cyclo ./User/user_it.d ./User/user_it.o ./User/user_it.su ./User/usermain.cyclo ./User/usermain.d ./User/usermain.o ./User/usermain.su
rm -rf ./Drivers/STM32G0xx_HAL_Driver/Src/stm32g0xx_hal.cyclo ./Drivers/STM32G0xx_HAL_Driver/Src/stm32g0xx_hal.d ./Drivers/STM32G0xx_HAL_Driver/Src/stm32g0xx_hal.o ./Drivers/STM32G0xx_HAL_Driver/Src/stm32g0xx_hal.su ./Drivers/STM32G0xx_HAL_Driver/Src/stm32g0xx_hal_cortex.cyclo ./Drivers/STM32G0xx_HAL_Driver/Src/stm32g0xx_hal_cortex.d ./Drivers/STM32G0xx_HAL_Driver/Src/stm32g0xx_hal_cortex.o ./Drivers/STM32G0xx_HAL_Driver/Src/stm32g0xx_hal_cortex.su ./Drivers/STM32G0xx_HAL_Driver/Src/stm32g0xx_hal_dma.cyclo ./Drivers/STM32G0xx_HAL_Driver/Src/stm32g0xx_hal_dma.d ./Drivers/STM32G0xx_HAL_Driver/Src/stm32g0xx_hal_dma.o ./Drivers/STM32G0xx_HAL_Driver/Src/stm32g0xx_hal_dma.su ./Drivers/STM32G0xx_HAL_Driver/Src/stm32g0xx_hal_dma_ex.cyclo ./Drivers/STM32G0xx_HAL_Driver/Src/stm32g0xx_hal_dma_ex.d ./Drivers/STM32G0xx_HAL_Driver/Src/stm32g0xx_hal_dma_ex.o ./Drivers/STM32G0xx_HAL_Driver/Src/stm32g0xx_hal_dma_ex.su ./Drivers/STM32G0xx_HAL_Driver/Src/stm32g0xx_hal_exti.cyclo ./Drivers/STM32G0xx_HAL_Driver/Src/stm32g0xx_hal_exti.d ./Drivers/STM32G0xx_HAL_Driver/Src/stm32g0xx_hal_exti.o ./Drivers/STM32G0xx_HAL_Driver/Src/stm32g0xx_hal_exti.su ./Drivers/STM32G0xx_HAL_Driver/Src/stm32g0xx_hal_flash.cyclo ./Drivers/STM32G0xx_HAL_Driver/Src/stm32g0xx_hal_flash.d ./Drivers/STM32G0xx_HAL_Driver/Src/stm32g0xx_hal_flash.o ./Drivers/STM32G0xx_HAL_Driver/Src/stm32g0xx_hal_flash.su ./Drivers/STM32G0xx_HAL_Driver/Src/stm32g0xx_hal_flash_ex.cyclo ./Drivers/STM32G0xx_HAL_Driver/Src/stm32g0xx_hal_flash_ex.d ./Drivers/STM32G0xx_HAL_Driver/Src/stm32g0xx_hal_flash_ex.o ./Drivers/STM32G0xx_HAL_Driver/Src/stm32g0xx_hal_flash_ex.su ./Drivers/STM32G0xx_HAL_Driver/Src/stm32g0xx_hal_gpio.cyclo ./Drivers/STM32G0xx_HAL_Driver/Src/stm32g0xx_hal_gpio.d ./Drivers/STM32G0xx_HAL_Driver/Src/stm32g0xx_hal_gpio.o ./Drivers/STM32G0xx_HAL_Driver/Src/stm32g0xx_hal_gpio.su ./Drivers/STM32G0xx_HAL_Driver/Src/stm32g0xx_hal_pwr.cyclo ./Drivers/STM32G0xx_HAL_Driver/Src/stm32g0xx_hal_pwr.d ./Drivers/STM32G0xx_HAL_Driver/Src/stm32g0xx_hal_pwr.o ./Drivers/STM32G0xx_HAL_Driver/Src/stm32g0xx_hal_pwr.su ./Drivers/STM32G0xx_HAL_Driver/Src/stm32g0xx_hal_pwr_ex.cyclo ./Drivers/STM32G0xx_HAL_Driver/Src/stm32g0xx_hal_pwr_ex.d ./Drivers/STM32G0xx_HAL_Driver/Src/stm32g0xx_hal_pwr_ex.o ./Drivers/STM32G0xx_HAL_Driver/Src/stm32g0xx_hal_pwr_ex.su ./Drivers/STM32G0xx_HAL_Driver/Src/stm32g0xx_hal_rcc.cyclo ./Drivers/STM32G0xx_HAL_Driver/Src/stm32g0xx_hal_rcc.d ./Drivers/STM32G0xx_HAL_Driver/Src/stm32g0xx_hal_rcc.o ./Drivers/STM32G0xx_HAL_Driver/Src/stm32g0xx_hal_rcc.su ./Drivers/STM32G0xx_HAL_Driver/Src/stm32g0xx_hal_rcc_ex.cyclo ./Drivers/STM32G0xx_HAL_Driver/Src/stm32g0xx_hal_rcc_ex.d ./Drivers/STM32G0xx_HAL_Driver/Src/stm32g0xx_hal_rcc_ex.o ./Drivers/STM32G0xx_HAL_Driver/Src/stm32g0xx_hal_rcc_ex.su ./Drivers/STM32G0xx_HAL_Driver/Src/stm32g0xx_hal_spi.cyclo ./Drivers/STM32G0xx_HAL_Driver/Src/stm32g0xx_hal_spi.d ./Drivers/STM32G0xx_HAL_Driver/Src/stm32g0xx_hal_spi.o ./Drivers/STM32G0xx_HAL_Driver/Src/stm32g0xx_hal_spi.su ./Drivers/STM32G0xx_HAL_Driver/Src/stm32g0xx_hal_spi_ex.cyclo ./Drivers/STM32G0xx_HAL_Driver/Src/stm32g0xx_hal_spi_ex.d ./Drivers/STM32G0xx_HAL_Driver/Src/stm32g0xx_hal_spi_ex.o ./Drivers/STM32G0xx_HAL_Driver/Src/stm32g0xx_hal_spi_ex.su ./Drivers/STM32G0xx_HAL_Driver/Src/stm32g0xx_hal_tim.cyclo ./Drivers/STM32G0xx_HAL_Driver/Src/stm32g0xx_hal_tim.d ./Drivers/STM32G0xx_HAL_Driver/Src/stm32g0xx_hal_tim.o ./Drivers/STM32G0xx_HAL_Driver/Src/stm32g0xx_hal_tim.su ./Drivers/STM32G0xx_HAL_Driver/Src/stm32g0xx_hal_tim_ex.cyclo ./Drivers/STM32G0xx_HAL_Driver/Src/stm32g0xx_hal_tim_ex.d ./Drivers/STM32G0xx_HAL_Driver/Src/stm32g0xx_hal_tim_ex.o ./Drivers/STM32G0xx_HAL_Driver/Src/stm32g0xx_hal_tim_ex.su ./Drivers/STM32G0xx_HAL_Driver/Src/stm32g0xx_ll_exti.cyclo ./Drivers/STM32G0xx_HAL_Driver/Src/stm32g0xx_ll_exti.d ./Drivers/STM32G0xx_HAL_Driver/Src/stm32g0xx_ll_exti.o ./Drivers/STM32G0xx_HAL_Driver/Src/stm32g0xx_ll_exti.su ./Drivers/STM32G0xx_HAL_Driver/Src/stm32g0xx_ll_rcc.cyclo ./Drivers/STM32G0xx_HAL_Driver/Src/stm32g0xx_ll_rcc.d ./Drivers/STM32G0xx_HAL_Driver/Src/stm32g0xx_ll_rcc.o ./Drivers/STM32G0xx_HAL_Driver/Src/stm32g0xx_ll_rcc.su ./Drivers/STM32G0xx_HAL_Driver/Src/stm32g0xx_ll_utils.cyclo ./Drivers/STM32G0xx_HAL_Driver/Src/stm32g0xx_ll_utils.d ./Drivers/STM32G0xx_HAL_Driver/Src/stm32g0xx_ll_utils.o ./Drivers/STM32G0xx_HAL_Driver/Src/stm32g0xx_ll_utils.su
rm -rf ./Drivers/OLED_UI/OLED.cyclo ./Drivers/OLED_UI/OLED.d ./Drivers/OLED_UI/OLED.o ./Drivers/OLED_UI/OLED.su ./Drivers/OLED_UI/OLED_Fonts.cyclo ./Drivers/OLED_UI/OLED_Fonts.d ./Drivers/OLED_UI/OLED_Fonts.o ./Drivers/OLED_UI/OLED_Fonts.su ./Drivers/OLED_UI/OLED_UI.cyclo ./Drivers/OLED_UI/OLED_UI.d ./Drivers/OLED_UI/OLED_UI.o ./Drivers/OLED_UI/OLED_UI.su ./Drivers/OLED_UI/OLED_UI_Driver.cyclo ./Drivers/OLED_UI/OLED_UI_Driver.d ./Drivers/OLED_UI/OLED_UI_Driver.o ./Drivers/OLED_UI/OLED_UI_Driver.su ./Drivers/OLED_UI/OLED_UI_MenuData.cyclo ./Drivers/OLED_UI/OLED_UI_MenuData.d ./Drivers/OLED_UI/OLED_UI_MenuData.o ./Drivers/OLED_UI/OLED_UI_MenuData.su ./Drivers/OLED_UI/OLED_driver.cyclo ./Drivers/OLED_UI/OLED_driver.d ./Drivers/OLED_UI/OLED_driver.o ./Drivers/OLED_UI/OLED_driver.su
rm -rf ./Core/Startup/startup_stm32g031g8ux.d ./Core/Startup/startup_stm32g031g8ux.o
rm -rf ./Core/Src/main.cyclo ./Core/Src/main.d ./Core/Src/main.o ./Core/Src/main.su ./Core/Src/stm32g0xx_hal_msp.cyclo ./Core/Src/stm32g0xx_hal_msp.d ./Core/Src/stm32g0xx_hal_msp.o ./Core/Src/stm32g0xx_hal_msp.su ./Core/Src/stm32g0xx_it.cyclo ./Core/Src/stm32g0xx_it.d ./Core/Src/stm32g0xx_it.o ./Core/Src/stm32g0xx_it.su ./Core/Src/syscalls.cyclo ./Core/Src/syscalls.d ./Core/Src/syscalls.o ./Core/Src/syscalls.su ./Core/Src/sysmem.cyclo ./Core/Src/sysmem.d ./Core/Src/sysmem.o ./Core/Src/sysmem.su ./Core/Src/system_stm32g0xx.cyclo ./Core/Src/system_stm32g0xx.d ./Core/Src/system_stm32g0xx.o ./Core/Src/system_stm32g0xx.su
rm -rf OLED_UI_Example.elf OLED_UI_Example.list OLED_UI_Example.map default.size.stdout
 
22:04:58 **** Build of configuration Debug for project OLED_UI_Example ****
make -j22 all 
arm-none-eabi-gcc "../User/misc.c" -mcpu=cortex-m0plus -std=gnu11 -g3 -DDEBUG -DUSE_HAL_DRIVER -DSTM32G031xx -DUSE_FULL_LL_DRIVER -c -I../User -I../Core/Inc -I../Drivers/STM32G0xx_HAL_Driver/Inc -I../Drivers/STM32G0xx_HAL_Driver/Inc/Legacy -I../Drivers/CMSIS/Device/ST/STM32G0xx/Include -I../Drivers/CMSIS/Include -I../Drivers/OLED_UI -Og -ffunction-sections -fdata-sections -Wall -fstack-usage -fcyclomatic-complexity -MMD -MP -MF"User/misc.d" -MT"User/misc.o" --specs=nano.specs -mfloat-abi=soft -mthumb -o "User/misc.o"
arm-none-eabi-gcc "../User/user_it.c" -mcpu=cortex-m0plus -std=gnu11 -g3 -DDEBUG -DUSE_HAL_DRIVER -DSTM32G031xx -DUSE_FULL_LL_DRIVER -c -I../User -I../Core/Inc -I../Drivers/STM32G0xx_HAL_Driver/Inc -I../Drivers/STM32G0xx_HAL_Driver/Inc/Legacy -I../Drivers/CMSIS/Device/ST/STM32G0xx/Include -I../Drivers/CMSIS/Include -I../Drivers/OLED_UI -Og -ffunction-sections -fdata-sections -Wall -fstack-usage -fcyclomatic-complexity -MMD -MP -MF"User/user_it.d" -MT"User/user_it.o" --specs=nano.specs -mfloat-abi=soft -mthumb -o "User/user_it.o"
arm-none-eabi-gcc "../User/usermain.c" -mcpu=cortex-m0plus -std=gnu11 -g3 -DDEBUG -DUSE_HAL_DRIVER -DSTM32G031xx -DUSE_FULL_LL_DRIVER -c -I../User -I../Core/Inc -I../Drivers/STM32G0xx_HAL_Driver/Inc -I../Drivers/STM32G0xx_HAL_Driver/Inc/Legacy -I../Drivers/CMSIS/Device/ST/STM32G0xx/Include -I../Drivers/CMSIS/Include -I../Drivers/OLED_UI -Og -ffunction-sections -fdata-sections -Wall -fstack-usage -fcyclomatic-complexity -MMD -MP -MF"User/usermain.d" -MT"User/usermain.o" --specs=nano.specs -mfloat-abi=soft -mthumb -o "User/usermain.o"
arm-none-eabi-gcc "../Drivers/STM32G0xx_HAL_Driver/Src/stm32g0xx_hal.c" -mcpu=cortex-m0plus -std=gnu11 -g3 -DDEBUG -DUSE_HAL_DRIVER -DSTM32G031xx -DUSE_FULL_LL_DRIVER -c -I../User -I../Core/Inc -I../Drivers/STM32G0xx_HAL_Driver/Inc -I../Drivers/STM32G0xx_HAL_Driver/Inc/Legacy -I../Drivers/CMSIS/Device/ST/STM32G0xx/Include -I../Drivers/CMSIS/Include -I../Drivers/OLED_UI -Og -ffunction-sections -fdata-sections -Wall -fstack-usage -fcyclomatic-complexity -MMD -MP -MF"Drivers/STM32G0xx_HAL_Driver/Src/stm32g0xx_hal.d" -MT"Drivers/STM32G0xx_HAL_Driver/Src/stm32g0xx_hal.o" --specs=nano.specs -mfloat-abi=soft -mthumb -o "Drivers/STM32G0xx_HAL_Driver/Src/stm32g0xx_hal.o"
arm-none-eabi-gcc "../Drivers/STM32G0xx_HAL_Driver/Src/stm32g0xx_hal_cortex.c" -mcpu=cortex-m0plus -std=gnu11 -g3 -DDEBUG -DUSE_HAL_DRIVER -DSTM32G031xx -DUSE_FULL_LL_DRIVER -c -I../User -I../Core/Inc -I../Drivers/STM32G0xx_HAL_Driver/Inc -I../Drivers/STM32G0xx_HAL_Driver/Inc/Legacy -I../Drivers/CMSIS/Device/ST/STM32G0xx/Include -I../Drivers/CMSIS/Include -I../Drivers/OLED_UI -Og -ffunction-sections -fdata-sections -Wall -fstack-usage -fcyclomatic-complexity -MMD -MP -MF"Drivers/STM32G0xx_HAL_Driver/Src/stm32g0xx_hal_cortex.d" -MT"Drivers/STM32G0xx_HAL_Driver/Src/stm32g0xx_hal_cortex.o" --specs=nano.specs -mfloat-abi=soft -mthumb -o "Drivers/STM32G0xx_HAL_Driver/Src/stm32g0xx_hal_cortex.o"
arm-none-eabi-gcc "../Drivers/STM32G0xx_HAL_Driver/Src/stm32g0xx_hal_dma.c" -mcpu=cortex-m0plus -std=gnu11 -g3 -DDEBUG -DUSE_HAL_DRIVER -DSTM32G031xx -DUSE_FULL_LL_DRIVER -c -I../User -I../Core/Inc -I../Drivers/STM32G0xx_HAL_Driver/Inc -I../Drivers/STM32G0xx_HAL_Driver/Inc/Legacy -I../Drivers/CMSIS/Device/ST/STM32G0xx/Include -I../Drivers/CMSIS/Include -I../Drivers/OLED_UI -Og -ffunction-sections -fdata-sections -Wall -fstack-usage -fcyclomatic-complexity -MMD -MP -MF"Drivers/STM32G0xx_HAL_Driver/Src/stm32g0xx_hal_dma.d" -MT"Drivers/STM32G0xx_HAL_Driver/Src/stm32g0xx_hal_dma.o" --specs=nano.specs -mfloat-abi=soft -mthumb -o "Drivers/STM32G0xx_HAL_Driver/Src/stm32g0xx_hal_dma.o"
arm-none-eabi-gcc "../Drivers/STM32G0xx_HAL_Driver/Src/stm32g0xx_hal_dma_ex.c" -mcpu=cortex-m0plus -std=gnu11 -g3 -DDEBUG -DUSE_HAL_DRIVER -DSTM32G031xx -DUSE_FULL_LL_DRIVER -c -I../User -I../Core/Inc -I../Drivers/STM32G0xx_HAL_Driver/Inc -I../Drivers/STM32G0xx_HAL_Driver/Inc/Legacy -I../Drivers/CMSIS/Device/ST/STM32G0xx/Include -I../Drivers/CMSIS/Include -I../Drivers/OLED_UI -Og -ffunction-sections -fdata-sections -Wall -fstack-usage -fcyclomatic-complexity -MMD -MP -MF"Drivers/STM32G0xx_HAL_Driver/Src/stm32g0xx_hal_dma_ex.d" -MT"Drivers/STM32G0xx_HAL_Driver/Src/stm32g0xx_hal_dma_ex.o" --specs=nano.specs -mfloat-abi=soft -mthumb -o "Drivers/STM32G0xx_HAL_Driver/Src/stm32g0xx_hal_dma_ex.o"
arm-none-eabi-gcc "../Drivers/STM32G0xx_HAL_Driver/Src/stm32g0xx_hal_exti.c" -mcpu=cortex-m0plus -std=gnu11 -g3 -DDEBUG -DUSE_HAL_DRIVER -DSTM32G031xx -DUSE_FULL_LL_DRIVER -c -I../User -I../Core/Inc -I../Drivers/STM32G0xx_HAL_Driver/Inc -I../Drivers/STM32G0xx_HAL_Driver/Inc/Legacy -I../Drivers/CMSIS/Device/ST/STM32G0xx/Include -I../Drivers/CMSIS/Include -I../Drivers/OLED_UI -Og -ffunction-sections -fdata-sections -Wall -fstack-usage -fcyclomatic-complexity -MMD -MP -MF"Drivers/STM32G0xx_HAL_Driver/Src/stm32g0xx_hal_exti.d" -MT"Drivers/STM32G0xx_HAL_Driver/Src/stm32g0xx_hal_exti.o" --specs=nano.specs -mfloat-abi=soft -mthumb -o "Drivers/STM32G0xx_HAL_Driver/Src/stm32g0xx_hal_exti.o"
arm-none-eabi-gcc "../Drivers/STM32G0xx_HAL_Driver/Src/stm32g0xx_hal_flash.c" -mcpu=cortex-m0plus -std=gnu11 -g3 -DDEBUG -DUSE_HAL_DRIVER -DSTM32G031xx -DUSE_FULL_LL_DRIVER -c -I../User -I../Core/Inc -I../Drivers/STM32G0xx_HAL_Driver/Inc -I../Drivers/STM32G0xx_HAL_Driver/Inc/Legacy -I../Drivers/CMSIS/Device/ST/STM32G0xx/Include -I../Drivers/CMSIS/Include -I../Drivers/OLED_UI -Og -ffunction-sections -fdata-sections -Wall -fstack-usage -fcyclomatic-complexity -MMD -MP -MF"Drivers/STM32G0xx_HAL_Driver/Src/stm32g0xx_hal_flash.d" -MT"Drivers/STM32G0xx_HAL_Driver/Src/stm32g0xx_hal_flash.o" --specs=nano.specs -mfloat-abi=soft -mthumb -o "Drivers/STM32G0xx_HAL_Driver/Src/stm32g0xx_hal_flash.o"
arm-none-eabi-gcc "../Drivers/STM32G0xx_HAL_Driver/Src/stm32g0xx_hal_flash_ex.c" -mcpu=cortex-m0plus -std=gnu11 -g3 -DDEBUG -DUSE_HAL_DRIVER -DSTM32G031xx -DUSE_FULL_LL_DRIVER -c -I../User -I../Core/Inc -I../Drivers/STM32G0xx_HAL_Driver/Inc -I../Drivers/STM32G0xx_HAL_Driver/Inc/Legacy -I../Drivers/CMSIS/Device/ST/STM32G0xx/Include -I../Drivers/CMSIS/Include -I../Drivers/OLED_UI -Og -ffunction-sections -fdata-sections -Wall -fstack-usage -fcyclomatic-complexity -MMD -MP -MF"Drivers/STM32G0xx_HAL_Driver/Src/stm32g0xx_hal_flash_ex.d" -MT"Drivers/STM32G0xx_HAL_Driver/Src/stm32g0xx_hal_flash_ex.o" --specs=nano.specs -mfloat-abi=soft -mthumb -o "Drivers/STM32G0xx_HAL_Driver/Src/stm32g0xx_hal_flash_ex.o"
arm-none-eabi-gcc "../Drivers/STM32G0xx_HAL_Driver/Src/stm32g0xx_hal_gpio.c" -mcpu=cortex-m0plus -std=gnu11 -g3 -DDEBUG -DUSE_HAL_DRIVER -DSTM32G031xx -DUSE_FULL_LL_DRIVER -c -I../User -I../Core/Inc -I../Drivers/STM32G0xx_HAL_Driver/Inc -I../Drivers/STM32G0xx_HAL_Driver/Inc/Legacy -I../Drivers/CMSIS/Device/ST/STM32G0xx/Include -I../Drivers/CMSIS/Include -I../Drivers/OLED_UI -Og -ffunction-sections -fdata-sections -Wall -fstack-usage -fcyclomatic-complexity -MMD -MP -MF"Drivers/STM32G0xx_HAL_Driver/Src/stm32g0xx_hal_gpio.d" -MT"Drivers/STM32G0xx_HAL_Driver/Src/stm32g0xx_hal_gpio.o" --specs=nano.specs -mfloat-abi=soft -mthumb -o "Drivers/STM32G0xx_HAL_Driver/Src/stm32g0xx_hal_gpio.o"
arm-none-eabi-gcc "../Drivers/STM32G0xx_HAL_Driver/Src/stm32g0xx_hal_pwr.c" -mcpu=cortex-m0plus -std=gnu11 -g3 -DDEBUG -DUSE_HAL_DRIVER -DSTM32G031xx -DUSE_FULL_LL_DRIVER -c -I../User -I../Core/Inc -I../Drivers/STM32G0xx_HAL_Driver/Inc -I../Drivers/STM32G0xx_HAL_Driver/Inc/Legacy -I../Drivers/CMSIS/Device/ST/STM32G0xx/Include -I../Drivers/CMSIS/Include -I../Drivers/OLED_UI -Og -ffunction-sections -fdata-sections -Wall -fstack-usage -fcyclomatic-complexity -MMD -MP -MF"Drivers/STM32G0xx_HAL_Driver/Src/stm32g0xx_hal_pwr.d" -MT"Drivers/STM32G0xx_HAL_Driver/Src/stm32g0xx_hal_pwr.o" --specs=nano.specs -mfloat-abi=soft -mthumb -o "Drivers/STM32G0xx_HAL_Driver/Src/stm32g0xx_hal_pwr.o"
arm-none-eabi-gcc "../Drivers/STM32G0xx_HAL_Driver/Src/stm32g0xx_hal_pwr_ex.c" -mcpu=cortex-m0plus -std=gnu11 -g3 -DDEBUG -DUSE_HAL_DRIVER -DSTM32G031xx -DUSE_FULL_LL_DRIVER -c -I../User -I../Core/Inc -I../Drivers/STM32G0xx_HAL_Driver/Inc -I../Drivers/STM32G0xx_HAL_Driver/Inc/Legacy -I../Drivers/CMSIS/Device/ST/STM32G0xx/Include -I../Drivers/CMSIS/Include -I../Drivers/OLED_UI -Og -ffunction-sections -fdata-sections -Wall -fstack-usage -fcyclomatic-complexity -MMD -MP -MF"Drivers/STM32G0xx_HAL_Driver/Src/stm32g0xx_hal_pwr_ex.d" -MT"Drivers/STM32G0xx_HAL_Driver/Src/stm32g0xx_hal_pwr_ex.o" --specs=nano.specs -mfloat-abi=soft -mthumb -o "Drivers/STM32G0xx_HAL_Driver/Src/stm32g0xx_hal_pwr_ex.o"
arm-none-eabi-gcc "../Drivers/STM32G0xx_HAL_Driver/Src/stm32g0xx_hal_rcc.c" -mcpu=cortex-m0plus -std=gnu11 -g3 -DDEBUG -DUSE_HAL_DRIVER -DSTM32G031xx -DUSE_FULL_LL_DRIVER -c -I../User -I../Core/Inc -I../Drivers/STM32G0xx_HAL_Driver/Inc -I../Drivers/STM32G0xx_HAL_Driver/Inc/Legacy -I../Drivers/CMSIS/Device/ST/STM32G0xx/Include -I../Drivers/CMSIS/Include -I../Drivers/OLED_UI -Og -ffunction-sections -fdata-sections -Wall -fstack-usage -fcyclomatic-complexity -MMD -MP -MF"Drivers/STM32G0xx_HAL_Driver/Src/stm32g0xx_hal_rcc.d" -MT"Drivers/STM32G0xx_HAL_Driver/Src/stm32g0xx_hal_rcc.o" --specs=nano.specs -mfloat-abi=soft -mthumb -o "Drivers/STM32G0xx_HAL_Driver/Src/stm32g0xx_hal_rcc.o"
arm-none-eabi-gcc "../Drivers/STM32G0xx_HAL_Driver/Src/stm32g0xx_hal_rcc_ex.c" -mcpu=cortex-m0plus -std=gnu11 -g3 -DDEBUG -DUSE_HAL_DRIVER -DSTM32G031xx -DUSE_FULL_LL_DRIVER -c -I../User -I../Core/Inc -I../Drivers/STM32G0xx_HAL_Driver/Inc -I../Drivers/STM32G0xx_HAL_Driver/Inc/Legacy -I../Drivers/CMSIS/Device/ST/STM32G0xx/Include -I../Drivers/CMSIS/Include -I../Drivers/OLED_UI -Og -ffunction-sections -fdata-sections -Wall -fstack-usage -fcyclomatic-complexity -MMD -MP -MF"Drivers/STM32G0xx_HAL_Driver/Src/stm32g0xx_hal_rcc_ex.d" -MT"Drivers/STM32G0xx_HAL_Driver/Src/stm32g0xx_hal_rcc_ex.o" --specs=nano.specs -mfloat-abi=soft -mthumb -o "Drivers/STM32G0xx_HAL_Driver/Src/stm32g0xx_hal_rcc_ex.o"
arm-none-eabi-gcc "../Drivers/STM32G0xx_HAL_Driver/Src/stm32g0xx_hal_spi.c" -mcpu=cortex-m0plus -std=gnu11 -g3 -DDEBUG -DUSE_HAL_DRIVER -DSTM32G031xx -DUSE_FULL_LL_DRIVER -c -I../User -I../Core/Inc -I../Drivers/STM32G0xx_HAL_Driver/Inc -I../Drivers/STM32G0xx_HAL_Driver/Inc/Legacy -I../Drivers/CMSIS/Device/ST/STM32G0xx/Include -I../Drivers/CMSIS/Include -I../Drivers/OLED_UI -Og -ffunction-sections -fdata-sections -Wall -fstack-usage -fcyclomatic-complexity -MMD -MP -MF"Drivers/STM32G0xx_HAL_Driver/Src/stm32g0xx_hal_spi.d" -MT"Drivers/STM32G0xx_HAL_Driver/Src/stm32g0xx_hal_spi.o" --specs=nano.specs -mfloat-abi=soft -mthumb -o "Drivers/STM32G0xx_HAL_Driver/Src/stm32g0xx_hal_spi.o"
arm-none-eabi-gcc "../Drivers/STM32G0xx_HAL_Driver/Src/stm32g0xx_hal_spi_ex.c" -mcpu=cortex-m0plus -std=gnu11 -g3 -DDEBUG -DUSE_HAL_DRIVER -DSTM32G031xx -DUSE_FULL_LL_DRIVER -c -I../User -I../Core/Inc -I../Drivers/STM32G0xx_HAL_Driver/Inc -I../Drivers/STM32G0xx_HAL_Driver/Inc/Legacy -I../Drivers/CMSIS/Device/ST/STM32G0xx/Include -I../Drivers/CMSIS/Include -I../Drivers/OLED_UI -Og -ffunction-sections -fdata-sections -Wall -fstack-usage -fcyclomatic-complexity -MMD -MP -MF"Drivers/STM32G0xx_HAL_Driver/Src/stm32g0xx_hal_spi_ex.d" -MT"Drivers/STM32G0xx_HAL_Driver/Src/stm32g0xx_hal_spi_ex.o" --specs=nano.specs -mfloat-abi=soft -mthumb -o "Drivers/STM32G0xx_HAL_Driver/Src/stm32g0xx_hal_spi_ex.o"
arm-none-eabi-gcc "../Drivers/STM32G0xx_HAL_Driver/Src/stm32g0xx_hal_tim.c" -mcpu=cortex-m0plus -std=gnu11 -g3 -DDEBUG -DUSE_HAL_DRIVER -DSTM32G031xx -DUSE_FULL_LL_DRIVER -c -I../User -I../Core/Inc -I../Drivers/STM32G0xx_HAL_Driver/Inc -I../Drivers/STM32G0xx_HAL_Driver/Inc/Legacy -I../Drivers/CMSIS/Device/ST/STM32G0xx/Include -I../Drivers/CMSIS/Include -I../Drivers/OLED_UI -Og -ffunction-sections -fdata-sections -Wall -fstack-usage -fcyclomatic-complexity -MMD -MP -MF"Drivers/STM32G0xx_HAL_Driver/Src/stm32g0xx_hal_tim.d" -MT"Drivers/STM32G0xx_HAL_Driver/Src/stm32g0xx_hal_tim.o" --specs=nano.specs -mfloat-abi=soft -mthumb -o "Drivers/STM32G0xx_HAL_Driver/Src/stm32g0xx_hal_tim.o"
arm-none-eabi-gcc "../Drivers/STM32G0xx_HAL_Driver/Src/stm32g0xx_hal_tim_ex.c" -mcpu=cortex-m0plus -std=gnu11 -g3 -DDEBUG -DUSE_HAL_DRIVER -DSTM32G031xx -DUSE_FULL_LL_DRIVER -c -I../User -I../Core/Inc -I../Drivers/STM32G0xx_HAL_Driver/Inc -I../Drivers/STM32G0xx_HAL_Driver/Inc/Legacy -I../Drivers/CMSIS/Device/ST/STM32G0xx/Include -I../Drivers/CMSIS/Include -I../Drivers/OLED_UI -Og -ffunction-sections -fdata-sections -Wall -fstack-usage -fcyclomatic-complexity -MMD -MP -MF"Drivers/STM32G0xx_HAL_Driver/Src/stm32g0xx_hal_tim_ex.d" -MT"Drivers/STM32G0xx_HAL_Driver/Src/stm32g0xx_hal_tim_ex.o" --specs=nano.specs -mfloat-abi=soft -mthumb -o "Drivers/STM32G0xx_HAL_Driver/Src/stm32g0xx_hal_tim_ex.o"
arm-none-eabi-gcc "../Drivers/STM32G0xx_HAL_Driver/Src/stm32g0xx_ll_exti.c" -mcpu=cortex-m0plus -std=gnu11 -g3 -DDEBUG -DUSE_HAL_DRIVER -DSTM32G031xx -DUSE_FULL_LL_DRIVER -c -I../User -I../Core/Inc -I../Drivers/STM32G0xx_HAL_Driver/Inc -I../Drivers/STM32G0xx_HAL_Driver/Inc/Legacy -I../Drivers/CMSIS/Device/ST/STM32G0xx/Include -I../Drivers/CMSIS/Include -I../Drivers/OLED_UI -Og -ffunction-sections -fdata-sections -Wall -fstack-usage -fcyclomatic-complexity -MMD -MP -MF"Drivers/STM32G0xx_HAL_Driver/Src/stm32g0xx_ll_exti.d" -MT"Drivers/STM32G0xx_HAL_Driver/Src/stm32g0xx_ll_exti.o" --specs=nano.specs -mfloat-abi=soft -mthumb -o "Drivers/STM32G0xx_HAL_Driver/Src/stm32g0xx_ll_exti.o"
arm-none-eabi-gcc "../Drivers/STM32G0xx_HAL_Driver/Src/stm32g0xx_ll_rcc.c" -mcpu=cortex-m0plus -std=gnu11 -g3 -DDEBUG -DUSE_HAL_DRIVER -DSTM32G031xx -DUSE_FULL_LL_DRIVER -c -I../User -I../Core/Inc -I../Drivers/STM32G0xx_HAL_Driver/Inc -I../Drivers/STM32G0xx_HAL_Driver/Inc/Legacy -I../Drivers/CMSIS/Device/ST/STM32G0xx/Include -I../Drivers/CMSIS/Include -I../Drivers/OLED_UI -Og -ffunction-sections -fdata-sections -Wall -fstack-usage -fcyclomatic-complexity -MMD -MP -MF"Drivers/STM32G0xx_HAL_Driver/Src/stm32g0xx_ll_rcc.d" -MT"Drivers/STM32G0xx_HAL_Driver/Src/stm32g0xx_ll_rcc.o" --specs=nano.specs -mfloat-abi=soft -mthumb -o "Drivers/STM32G0xx_HAL_Driver/Src/stm32g0xx_ll_rcc.o"
arm-none-eabi-gcc "../Drivers/STM32G0xx_HAL_Driver/Src/stm32g0xx_ll_utils.c" -mcpu=cortex-m0plus -std=gnu11 -g3 -DDEBUG -DUSE_HAL_DRIVER -DSTM32G031xx -DUSE_FULL_LL_DRIVER -c -I../User -I../Core/Inc -I../Drivers/STM32G0xx_HAL_Driver/Inc -I../Drivers/STM32G0xx_HAL_Driver/Inc/Legacy -I../Drivers/CMSIS/Device/ST/STM32G0xx/Include -I../Drivers/CMSIS/Include -I../Drivers/OLED_UI -Og -ffunction-sections -fdata-sections -Wall -fstack-usage -fcyclomatic-complexity -MMD -MP -MF"Drivers/STM32G0xx_HAL_Driver/Src/stm32g0xx_ll_utils.d" -MT"Drivers/STM32G0xx_HAL_Driver/Src/stm32g0xx_ll_utils.o" --specs=nano.specs -mfloat-abi=soft -mthumb -o "Drivers/STM32G0xx_HAL_Driver/Src/stm32g0xx_ll_utils.o"
arm-none-eabi-gcc "../Drivers/OLED_UI/OLED.c" -mcpu=cortex-m0plus -std=gnu11 -g3 -DDEBUG -DUSE_HAL_DRIVER -DSTM32G031xx -DUSE_FULL_LL_DRIVER -c -I../User -I../Core/Inc -I../Drivers/STM32G0xx_HAL_Driver/Inc -I../Drivers/STM32G0xx_HAL_Driver/Inc/Legacy -I../Drivers/CMSIS/Device/ST/STM32G0xx/Include -I../Drivers/CMSIS/Include -I../Drivers/OLED_UI -Og -ffunction-sections -fdata-sections -Wall -fstack-usage -fcyclomatic-complexity -MMD -MP -MF"Drivers/OLED_UI/OLED.d" -MT"Drivers/OLED_UI/OLED.o" --specs=nano.specs -mfloat-abi=soft -mthumb -o "Drivers/OLED_UI/OLED.o"
arm-none-eabi-gcc "../Drivers/OLED_UI/OLED_Fonts.c" -mcpu=cortex-m0plus -std=gnu11 -g3 -DDEBUG -DUSE_HAL_DRIVER -DSTM32G031xx -DUSE_FULL_LL_DRIVER -c -I../User -I../Core/Inc -I../Drivers/STM32G0xx_HAL_Driver/Inc -I../Drivers/STM32G0xx_HAL_Driver/Inc/Legacy -I../Drivers/CMSIS/Device/ST/STM32G0xx/Include -I../Drivers/CMSIS/Include -I../Drivers/OLED_UI -Og -ffunction-sections -fdata-sections -Wall -fstack-usage -fcyclomatic-complexity -MMD -MP -MF"Drivers/OLED_UI/OLED_Fonts.d" -MT"Drivers/OLED_UI/OLED_Fonts.o" --specs=nano.specs -mfloat-abi=soft -mthumb -o "Drivers/OLED_UI/OLED_Fonts.o"
arm-none-eabi-gcc "../Drivers/OLED_UI/OLED_UI.c" -mcpu=cortex-m0plus -std=gnu11 -g3 -DDEBUG -DUSE_HAL_DRIVER -DSTM32G031xx -DUSE_FULL_LL_DRIVER -c -I../User -I../Core/Inc -I../Drivers/STM32G0xx_HAL_Driver/Inc -I../Drivers/STM32G0xx_HAL_Driver/Inc/Legacy -I../Drivers/CMSIS/Device/ST/STM32G0xx/Include -I../Drivers/CMSIS/Include -I../Drivers/OLED_UI -Og -ffunction-sections -fdata-sections -Wall -fstack-usage -fcyclomatic-complexity -MMD -MP -MF"Drivers/OLED_UI/OLED_UI.d" -MT"Drivers/OLED_UI/OLED_UI.o" --specs=nano.specs -mfloat-abi=soft -mthumb -o "Drivers/OLED_UI/OLED_UI.o"
arm-none-eabi-gcc "../Drivers/OLED_UI/OLED_UI_Driver.c" -mcpu=cortex-m0plus -std=gnu11 -g3 -DDEBUG -DUSE_HAL_DRIVER -DSTM32G031xx -DUSE_FULL_LL_DRIVER -c -I../User -I../Core/Inc -I../Drivers/STM32G0xx_HAL_Driver/Inc -I../Drivers/STM32G0xx_HAL_Driver/Inc/Legacy -I../Drivers/CMSIS/Device/ST/STM32G0xx/Include -I../Drivers/CMSIS/Include -I../Drivers/OLED_UI -Og -ffunction-sections -fdata-sections -Wall -fstack-usage -fcyclomatic-complexity -MMD -MP -MF"Drivers/OLED_UI/OLED_UI_Driver.d" -MT"Drivers/OLED_UI/OLED_UI_Driver.o" --specs=nano.specs -mfloat-abi=soft -mthumb -o "Drivers/OLED_UI/OLED_UI_Driver.o"
arm-none-eabi-gcc "../Drivers/OLED_UI/OLED_UI_MenuData.c" -mcpu=cortex-m0plus -std=gnu11 -g3 -DDEBUG -DUSE_HAL_DRIVER -DSTM32G031xx -DUSE_FULL_LL_DRIVER -c -I../User -I../Core/Inc -I../Drivers/STM32G0xx_HAL_Driver/Inc -I../Drivers/STM32G0xx_HAL_Driver/Inc/Legacy -I../Drivers/CMSIS/Device/ST/STM32G0xx/Include -I../Drivers/CMSIS/Include -I../Drivers/OLED_UI -Og -ffunction-sections -fdata-sections -Wall -fstack-usage -fcyclomatic-complexity -MMD -MP -MF"Drivers/OLED_UI/OLED_UI_MenuData.d" -MT"Drivers/OLED_UI/OLED_UI_MenuData.o" --specs=nano.specs -mfloat-abi=soft -mthumb -o "Drivers/OLED_UI/OLED_UI_MenuData.o"
arm-none-eabi-gcc "../Drivers/OLED_UI/OLED_driver.c" -mcpu=cortex-m0plus -std=gnu11 -g3 -DDEBUG -DUSE_HAL_DRIVER -DSTM32G031xx -DUSE_FULL_LL_DRIVER -c -I../User -I../Core/Inc -I../Drivers/STM32G0xx_HAL_Driver/Inc -I../Drivers/STM32G0xx_HAL_Driver/Inc/Legacy -I../Drivers/CMSIS/Device/ST/STM32G0xx/Include -I../Drivers/CMSIS/Include -I../Drivers/OLED_UI -Og -ffunction-sections -fdata-sections -Wall -fstack-usage -fcyclomatic-complexity -MMD -MP -MF"Drivers/OLED_UI/OLED_driver.d" -MT"Drivers/OLED_UI/OLED_driver.o" --specs=nano.specs -mfloat-abi=soft -mthumb -o "Drivers/OLED_UI/OLED_driver.o"
arm-none-eabi-gcc -mcpu=cortex-m0plus -g3 -DDEBUG -c -x assembler-with-cpp -MMD -MP -MF"Core/Startup/startup_stm32g031g8ux.d" -MT"Core/Startup/startup_stm32g031g8ux.o" --specs=nano.specs -mfloat-abi=soft -mthumb -o "Core/Startup/startup_stm32g031g8ux.o" "../Core/Startup/startup_stm32g031g8ux.s"
arm-none-eabi-gcc "../Core/Src/main.c" -mcpu=cortex-m0plus -std=gnu11 -g3 -DDEBUG -DUSE_HAL_DRIVER -DSTM32G031xx -DUSE_FULL_LL_DRIVER -c -I../User -I../Core/Inc -I../Drivers/STM32G0xx_HAL_Driver/Inc -I../Drivers/STM32G0xx_HAL_Driver/Inc/Legacy -I../Drivers/CMSIS/Device/ST/STM32G0xx/Include -I../Drivers/CMSIS/Include -I../Drivers/OLED_UI -Og -ffunction-sections -fdata-sections -Wall -fstack-usage -fcyclomatic-complexity -MMD -MP -MF"Core/Src/main.d" -MT"Core/Src/main.o" --specs=nano.specs -mfloat-abi=soft -mthumb -o "Core/Src/main.o"
arm-none-eabi-gcc "../Core/Src/stm32g0xx_hal_msp.c" -mcpu=cortex-m0plus -std=gnu11 -g3 -DDEBUG -DUSE_HAL_DRIVER -DSTM32G031xx -DUSE_FULL_LL_DRIVER -c -I../User -I../Core/Inc -I../Drivers/STM32G0xx_HAL_Driver/Inc -I../Drivers/STM32G0xx_HAL_Driver/Inc/Legacy -I../Drivers/CMSIS/Device/ST/STM32G0xx/Include -I../Drivers/CMSIS/Include -I../Drivers/OLED_UI -Og -ffunction-sections -fdata-sections -Wall -fstack-usage -fcyclomatic-complexity -MMD -MP -MF"Core/Src/stm32g0xx_hal_msp.d" -MT"Core/Src/stm32g0xx_hal_msp.o" --specs=nano.specs -mfloat-abi=soft -mthumb -o "Core/Src/stm32g0xx_hal_msp.o"
arm-none-eabi-gcc "../Core/Src/stm32g0xx_it.c" -mcpu=cortex-m0plus -std=gnu11 -g3 -DDEBUG -DUSE_HAL_DRIVER -DSTM32G031xx -DUSE_FULL_LL_DRIVER -c -I../User -I../Core/Inc -I../Drivers/STM32G0xx_HAL_Driver/Inc -I../Drivers/STM32G0xx_HAL_Driver/Inc/Legacy -I../Drivers/CMSIS/Device/ST/STM32G0xx/Include -I../Drivers/CMSIS/Include -I../Drivers/OLED_UI -Og -ffunction-sections -fdata-sections -Wall -fstack-usage -fcyclomatic-complexity -MMD -MP -MF"Core/Src/stm32g0xx_it.d" -MT"Core/Src/stm32g0xx_it.o" --specs=nano.specs -mfloat-abi=soft -mthumb -o "Core/Src/stm32g0xx_it.o"
arm-none-eabi-gcc "../Core/Src/syscalls.c" -mcpu=cortex-m0plus -std=gnu11 -g3 -DDEBUG -DUSE_HAL_DRIVER -DSTM32G031xx -DUSE_FULL_LL_DRIVER -c -I../User -I../Core/Inc -I../Drivers/STM32G0xx_HAL_Driver/Inc -I../Drivers/STM32G0xx_HAL_Driver/Inc/Legacy -I../Drivers/CMSIS/Device/ST/STM32G0xx/Include -I../Drivers/CMSIS/Include -I../Drivers/OLED_UI -Og -ffunction-sections -fdata-sections -Wall -fstack-usage -fcyclomatic-complexity -MMD -MP -MF"Core/Src/syscalls.d" -MT"Core/Src/syscalls.o" --specs=nano.specs -mfloat-abi=soft -mthumb -o "Core/Src/syscalls.o"
arm-none-eabi-gcc "../Core/Src/sysmem.c" -mcpu=cortex-m0plus -std=gnu11 -g3 -DDEBUG -DUSE_HAL_DRIVER -DSTM32G031xx -DUSE_FULL_LL_DRIVER -c -I../User -I../Core/Inc -I../Drivers/STM32G0xx_HAL_Driver/Inc -I../Drivers/STM32G0xx_HAL_Driver/Inc/Legacy -I../Drivers/CMSIS/Device/ST/STM32G0xx/Include -I../Drivers/CMSIS/Include -I../Drivers/OLED_UI -Og -ffunction-sections -fdata-sections -Wall -fstack-usage -fcyclomatic-complexity -MMD -MP -MF"Core/Src/sysmem.d" -MT"Core/Src/sysmem.o" --specs=nano.specs -mfloat-abi=soft -mthumb -o "Core/Src/sysmem.o"
arm-none-eabi-gcc "../Core/Src/system_stm32g0xx.c" -mcpu=cortex-m0plus -std=gnu11 -g3 -DDEBUG -DUSE_HAL_DRIVER -DSTM32G031xx -DUSE_FULL_LL_DRIVER -c -I../User -I../Core/Inc -I../Drivers/STM32G0xx_HAL_Driver/Inc -I../Drivers/STM32G0xx_HAL_Driver/Inc/Legacy -I../Drivers/CMSIS/Device/ST/STM32G0xx/Include -I../Drivers/CMSIS/Include -I../Drivers/OLED_UI -Og -ffunction-sections -fdata-sections -Wall -fstack-usage -fcyclomatic-complexity -MMD -MP -MF"Core/Src/system_stm32g0xx.d" -MT"Core/Src/system_stm32g0xx.o" --specs=nano.specs -mfloat-abi=soft -mthumb -o "Core/Src/system_stm32g0xx.o"
arm-none-eabi-gcc -o "OLED_UI_Example.elf" @"objects.list"   -mcpu=cortex-m0plus -T"D:\Users\tonny\Downloads\OLED_UI_128x64_SSD1306_SPI\STM32G031G8U6\OLED_UI_128x64_SH1106_SPI_HAL_CubeIDE\OLED_UI_Example\STM32G031G8UX_FLASH.ld" --specs=nosys.specs -Wl,-Map="OLED_UI_Example.map" -Wl,--gc-sections -static --specs=nano.specs -mfloat-abi=soft -mthumb -Wl,--start-group -lc -lm -Wl,--end-group
Finished building target: OLED_UI_Example.elf
 
arm-none-eabi-size  OLED_UI_Example.elf 
arm-none-eabi-objdump -h -S OLED_UI_Example.elf  > "OLED_UI_Example.list"
   text	   data	    bss	    dec	    hex	filename
  56964	   4328	   3800	  65092	   fe44	OLED_UI_Example.elf
Finished building: default.size.stdout
 
Finished building: OLED_UI_Example.list
 
22:05:09 **** Incremental Build of configuration Debug for project OLED_UI_Example ****
make -j22 all 
arm-none-eabi-size  OLED_UI_Example.elf 
   text	   data	    bss	    dec	    hex	filename
  56964	   4328	   3800	  65092	   fe44	OLED_UI_Example.elf
Finished building: default.size.stdout
 
22:36:42 **** Clean-only build of configuration Debug for project OLED_UI_Example ****
make -j22 clean 
rm -rf ./User/misc.cyclo ./User/misc.d ./User/misc.o ./User/misc.su ./User/user_it.cyclo ./User/user_it.d ./User/user_it.o ./User/user_it.su ./User/usermain.cyclo ./User/usermain.d ./User/usermain.o ./User/usermain.su
rm -rf ./Drivers/STM32G0xx_HAL_Driver/Src/stm32g0xx_hal.cyclo ./Drivers/STM32G0xx_HAL_Driver/Src/stm32g0xx_hal.d ./Drivers/STM32G0xx_HAL_Driver/Src/stm32g0xx_hal.o ./Drivers/STM32G0xx_HAL_Driver/Src/stm32g0xx_hal.su ./Drivers/STM32G0xx_HAL_Driver/Src/stm32g0xx_hal_cortex.cyclo ./Drivers/STM32G0xx_HAL_Driver/Src/stm32g0xx_hal_cortex.d ./Drivers/STM32G0xx_HAL_Driver/Src/stm32g0xx_hal_cortex.o ./Drivers/STM32G0xx_HAL_Driver/Src/stm32g0xx_hal_cortex.su ./Drivers/STM32G0xx_HAL_Driver/Src/stm32g0xx_hal_dma.cyclo ./Drivers/STM32G0xx_HAL_Driver/Src/stm32g0xx_hal_dma.d ./Drivers/STM32G0xx_HAL_Driver/Src/stm32g0xx_hal_dma.o ./Drivers/STM32G0xx_HAL_Driver/Src/stm32g0xx_hal_dma.su ./Drivers/STM32G0xx_HAL_Driver/Src/stm32g0xx_hal_dma_ex.cyclo ./Drivers/STM32G0xx_HAL_Driver/Src/stm32g0xx_hal_dma_ex.d ./Drivers/STM32G0xx_HAL_Driver/Src/stm32g0xx_hal_dma_ex.o ./Drivers/STM32G0xx_HAL_Driver/Src/stm32g0xx_hal_dma_ex.su ./Drivers/STM32G0xx_HAL_Driver/Src/stm32g0xx_hal_exti.cyclo ./Drivers/STM32G0xx_HAL_Driver/Src/stm32g0xx_hal_exti.d ./Drivers/STM32G0xx_HAL_Driver/Src/stm32g0xx_hal_exti.o ./Drivers/STM32G0xx_HAL_Driver/Src/stm32g0xx_hal_exti.su ./Drivers/STM32G0xx_HAL_Driver/Src/stm32g0xx_hal_flash.cyclo ./Drivers/STM32G0xx_HAL_Driver/Src/stm32g0xx_hal_flash.d ./Drivers/STM32G0xx_HAL_Driver/Src/stm32g0xx_hal_flash.o ./Drivers/STM32G0xx_HAL_Driver/Src/stm32g0xx_hal_flash.su ./Drivers/STM32G0xx_HAL_Driver/Src/stm32g0xx_hal_flash_ex.cyclo ./Drivers/STM32G0xx_HAL_Driver/Src/stm32g0xx_hal_flash_ex.d ./Drivers/STM32G0xx_HAL_Driver/Src/stm32g0xx_hal_flash_ex.o ./Drivers/STM32G0xx_HAL_Driver/Src/stm32g0xx_hal_flash_ex.su ./Drivers/STM32G0xx_HAL_Driver/Src/stm32g0xx_hal_gpio.cyclo ./Drivers/STM32G0xx_HAL_Driver/Src/stm32g0xx_hal_gpio.d ./Drivers/STM32G0xx_HAL_Driver/Src/stm32g0xx_hal_gpio.o ./Drivers/STM32G0xx_HAL_Driver/Src/stm32g0xx_hal_gpio.su ./Drivers/STM32G0xx_HAL_Driver/Src/stm32g0xx_hal_pwr.cyclo ./Drivers/STM32G0xx_HAL_Driver/Src/stm32g0xx_hal_pwr.d ./Drivers/STM32G0xx_HAL_Driver/Src/stm32g0xx_hal_pwr.o ./Drivers/STM32G0xx_HAL_Driver/Src/stm32g0xx_hal_pwr.su ./Drivers/STM32G0xx_HAL_Driver/Src/stm32g0xx_hal_pwr_ex.cyclo ./Drivers/STM32G0xx_HAL_Driver/Src/stm32g0xx_hal_pwr_ex.d ./Drivers/STM32G0xx_HAL_Driver/Src/stm32g0xx_hal_pwr_ex.o ./Drivers/STM32G0xx_HAL_Driver/Src/stm32g0xx_hal_pwr_ex.su ./Drivers/STM32G0xx_HAL_Driver/Src/stm32g0xx_hal_rcc.cyclo ./Drivers/STM32G0xx_HAL_Driver/Src/stm32g0xx_hal_rcc.d ./Drivers/STM32G0xx_HAL_Driver/Src/stm32g0xx_hal_rcc.o ./Drivers/STM32G0xx_HAL_Driver/Src/stm32g0xx_hal_rcc.su ./Drivers/STM32G0xx_HAL_Driver/Src/stm32g0xx_hal_rcc_ex.cyclo ./Drivers/STM32G0xx_HAL_Driver/Src/stm32g0xx_hal_rcc_ex.d ./Drivers/STM32G0xx_HAL_Driver/Src/stm32g0xx_hal_rcc_ex.o ./Drivers/STM32G0xx_HAL_Driver/Src/stm32g0xx_hal_rcc_ex.su ./Drivers/STM32G0xx_HAL_Driver/Src/stm32g0xx_hal_spi.cyclo ./Drivers/STM32G0xx_HAL_Driver/Src/stm32g0xx_hal_spi.d ./Drivers/STM32G0xx_HAL_Driver/Src/stm32g0xx_hal_spi.o ./Drivers/STM32G0xx_HAL_Driver/Src/stm32g0xx_hal_spi.su ./Drivers/STM32G0xx_HAL_Driver/Src/stm32g0xx_hal_spi_ex.cyclo ./Drivers/STM32G0xx_HAL_Driver/Src/stm32g0xx_hal_spi_ex.d ./Drivers/STM32G0xx_HAL_Driver/Src/stm32g0xx_hal_spi_ex.o ./Drivers/STM32G0xx_HAL_Driver/Src/stm32g0xx_hal_spi_ex.su ./Drivers/STM32G0xx_HAL_Driver/Src/stm32g0xx_hal_tim.cyclo ./Drivers/STM32G0xx_HAL_Driver/Src/stm32g0xx_hal_tim.d ./Drivers/STM32G0xx_HAL_Driver/Src/stm32g0xx_hal_tim.o ./Drivers/STM32G0xx_HAL_Driver/Src/stm32g0xx_hal_tim.su ./Drivers/STM32G0xx_HAL_Driver/Src/stm32g0xx_hal_tim_ex.cyclo ./Drivers/STM32G0xx_HAL_Driver/Src/stm32g0xx_hal_tim_ex.d ./Drivers/STM32G0xx_HAL_Driver/Src/stm32g0xx_hal_tim_ex.o ./Drivers/STM32G0xx_HAL_Driver/Src/stm32g0xx_hal_tim_ex.su ./Drivers/STM32G0xx_HAL_Driver/Src/stm32g0xx_ll_exti.cyclo ./Drivers/STM32G0xx_HAL_Driver/Src/stm32g0xx_ll_exti.d ./Drivers/STM32G0xx_HAL_Driver/Src/stm32g0xx_ll_exti.o ./Drivers/STM32G0xx_HAL_Driver/Src/stm32g0xx_ll_exti.su ./Drivers/STM32G0xx_HAL_Driver/Src/stm32g0xx_ll_rcc.cyclo ./Drivers/STM32G0xx_HAL_Driver/Src/stm32g0xx_ll_rcc.d ./Drivers/STM32G0xx_HAL_Driver/Src/stm32g0xx_ll_rcc.o ./Drivers/STM32G0xx_HAL_Driver/Src/stm32g0xx_ll_rcc.su ./Drivers/STM32G0xx_HAL_Driver/Src/stm32g0xx_ll_utils.cyclo ./Drivers/STM32G0xx_HAL_Driver/Src/stm32g0xx_ll_utils.d ./Drivers/STM32G0xx_HAL_Driver/Src/stm32g0xx_ll_utils.o ./Drivers/STM32G0xx_HAL_Driver/Src/stm32g0xx_ll_utils.su
rm -rf ./Drivers/OLED_UI/OLED.cyclo ./Drivers/OLED_UI/OLED.d ./Drivers/OLED_UI/OLED.o ./Drivers/OLED_UI/OLED.su ./Drivers/OLED_UI/OLED_Fonts.cyclo ./Drivers/OLED_UI/OLED_Fonts.d ./Drivers/OLED_UI/OLED_Fonts.o ./Drivers/OLED_UI/OLED_Fonts.su ./Drivers/OLED_UI/OLED_UI.cyclo ./Drivers/OLED_UI/OLED_UI.d ./Drivers/OLED_UI/OLED_UI.o ./Drivers/OLED_UI/OLED_UI.su ./Drivers/OLED_UI/OLED_UI_Driver.cyclo ./Drivers/OLED_UI/OLED_UI_Driver.d ./Drivers/OLED_UI/OLED_UI_Driver.o ./Drivers/OLED_UI/OLED_UI_Driver.su ./Drivers/OLED_UI/OLED_UI_MenuData.cyclo ./Drivers/OLED_UI/OLED_UI_MenuData.d ./Drivers/OLED_UI/OLED_UI_MenuData.o ./Drivers/OLED_UI/OLED_UI_MenuData.su ./Drivers/OLED_UI/OLED_driver.cyclo ./Drivers/OLED_UI/OLED_driver.d ./Drivers/OLED_UI/OLED_driver.o ./Drivers/OLED_UI/OLED_driver.su
rm -rf ./Core/Startup/startup_stm32g031g8ux.d ./Core/Startup/startup_stm32g031g8ux.o
rm -rf ./Core/Src/main.cyclo ./Core/Src/main.d ./Core/Src/main.o ./Core/Src/main.su ./Core/Src/stm32g0xx_hal_msp.cyclo ./Core/Src/stm32g0xx_hal_msp.d ./Core/Src/stm32g0xx_hal_msp.o ./Core/Src/stm32g0xx_hal_msp.su ./Core/Src/stm32g0xx_it.cyclo ./Core/Src/stm32g0xx_it.d ./Core/Src/stm32g0xx_it.o ./Core/Src/stm32g0xx_it.su ./Core/Src/syscalls.cyclo ./Core/Src/syscalls.d ./Core/Src/syscalls.o ./Core/Src/syscalls.su ./Core/Src/sysmem.cyclo ./Core/Src/sysmem.d ./Core/Src/sysmem.o ./Core/Src/sysmem.su ./Core/Src/system_stm32g0xx.cyclo ./Core/Src/system_stm32g0xx.d ./Core/Src/system_stm32g0xx.o ./Core/Src/system_stm32g0xx.su
rm -rf OLED_UI_Example.elf OLED_UI_Example.list OLED_UI_Example.map default.size.stdout
 
22:36:59 **** Clean-only build of configuration Debug for project OLED_UI_Example ****
make -j22 clean 
rm -rf ./User/misc.cyclo ./User/misc.d ./User/misc.o ./User/misc.su ./User/user_it.cyclo ./User/user_it.d ./User/user_it.o ./User/user_it.su ./User/usermain.cyclo ./User/usermain.d ./User/usermain.o ./User/usermain.su
rm -rf ./Drivers/STM32G0xx_HAL_Driver/Src/stm32g0xx_hal.cyclo ./Drivers/STM32G0xx_HAL_Driver/Src/stm32g0xx_hal.d ./Drivers/STM32G0xx_HAL_Driver/Src/stm32g0xx_hal.o ./Drivers/STM32G0xx_HAL_Driver/Src/stm32g0xx_hal.su ./Drivers/STM32G0xx_HAL_Driver/Src/stm32g0xx_hal_cortex.cyclo ./Drivers/STM32G0xx_HAL_Driver/Src/stm32g0xx_hal_cortex.d ./Drivers/STM32G0xx_HAL_Driver/Src/stm32g0xx_hal_cortex.o ./Drivers/STM32G0xx_HAL_Driver/Src/stm32g0xx_hal_cortex.su ./Drivers/STM32G0xx_HAL_Driver/Src/stm32g0xx_hal_dma.cyclo ./Drivers/STM32G0xx_HAL_Driver/Src/stm32g0xx_hal_dma.d ./Drivers/STM32G0xx_HAL_Driver/Src/stm32g0xx_hal_dma.o ./Drivers/STM32G0xx_HAL_Driver/Src/stm32g0xx_hal_dma.su ./Drivers/STM32G0xx_HAL_Driver/Src/stm32g0xx_hal_dma_ex.cyclo ./Drivers/STM32G0xx_HAL_Driver/Src/stm32g0xx_hal_dma_ex.d ./Drivers/STM32G0xx_HAL_Driver/Src/stm32g0xx_hal_dma_ex.o ./Drivers/STM32G0xx_HAL_Driver/Src/stm32g0xx_hal_dma_ex.su ./Drivers/STM32G0xx_HAL_Driver/Src/stm32g0xx_hal_exti.cyclo ./Drivers/STM32G0xx_HAL_Driver/Src/stm32g0xx_hal_exti.d ./Drivers/STM32G0xx_HAL_Driver/Src/stm32g0xx_hal_exti.o ./Drivers/STM32G0xx_HAL_Driver/Src/stm32g0xx_hal_exti.su ./Drivers/STM32G0xx_HAL_Driver/Src/stm32g0xx_hal_flash.cyclo ./Drivers/STM32G0xx_HAL_Driver/Src/stm32g0xx_hal_flash.d ./Drivers/STM32G0xx_HAL_Driver/Src/stm32g0xx_hal_flash.o ./Drivers/STM32G0xx_HAL_Driver/Src/stm32g0xx_hal_flash.su ./Drivers/STM32G0xx_HAL_Driver/Src/stm32g0xx_hal_flash_ex.cyclo ./Drivers/STM32G0xx_HAL_Driver/Src/stm32g0xx_hal_flash_ex.d ./Drivers/STM32G0xx_HAL_Driver/Src/stm32g0xx_hal_flash_ex.o ./Drivers/STM32G0xx_HAL_Driver/Src/stm32g0xx_hal_flash_ex.su ./Drivers/STM32G0xx_HAL_Driver/Src/stm32g0xx_hal_gpio.cyclo ./Drivers/STM32G0xx_HAL_Driver/Src/stm32g0xx_hal_gpio.d ./Drivers/STM32G0xx_HAL_Driver/Src/stm32g0xx_hal_gpio.o ./Drivers/STM32G0xx_HAL_Driver/Src/stm32g0xx_hal_gpio.su ./Drivers/STM32G0xx_HAL_Driver/Src/stm32g0xx_hal_pwr.cyclo ./Drivers/STM32G0xx_HAL_Driver/Src/stm32g0xx_hal_pwr.d ./Drivers/STM32G0xx_HAL_Driver/Src/stm32g0xx_hal_pwr.o ./Drivers/STM32G0xx_HAL_Driver/Src/stm32g0xx_hal_pwr.su ./Drivers/STM32G0xx_HAL_Driver/Src/stm32g0xx_hal_pwr_ex.cyclo ./Drivers/STM32G0xx_HAL_Driver/Src/stm32g0xx_hal_pwr_ex.d ./Drivers/STM32G0xx_HAL_Driver/Src/stm32g0xx_hal_pwr_ex.o ./Drivers/STM32G0xx_HAL_Driver/Src/stm32g0xx_hal_pwr_ex.su ./Drivers/STM32G0xx_HAL_Driver/Src/stm32g0xx_hal_rcc.cyclo ./Drivers/STM32G0xx_HAL_Driver/Src/stm32g0xx_hal_rcc.d ./Drivers/STM32G0xx_HAL_Driver/Src/stm32g0xx_hal_rcc.o ./Drivers/STM32G0xx_HAL_Driver/Src/stm32g0xx_hal_rcc.su ./Drivers/STM32G0xx_HAL_Driver/Src/stm32g0xx_hal_rcc_ex.cyclo ./Drivers/STM32G0xx_HAL_Driver/Src/stm32g0xx_hal_rcc_ex.d ./Drivers/STM32G0xx_HAL_Driver/Src/stm32g0xx_hal_rcc_ex.o ./Drivers/STM32G0xx_HAL_Driver/Src/stm32g0xx_hal_rcc_ex.su ./Drivers/STM32G0xx_HAL_Driver/Src/stm32g0xx_hal_spi.cyclo ./Drivers/STM32G0xx_HAL_Driver/Src/stm32g0xx_hal_spi.d ./Drivers/STM32G0xx_HAL_Driver/Src/stm32g0xx_hal_spi.o ./Drivers/STM32G0xx_HAL_Driver/Src/stm32g0xx_hal_spi.su ./Drivers/STM32G0xx_HAL_Driver/Src/stm32g0xx_hal_spi_ex.cyclo ./Drivers/STM32G0xx_HAL_Driver/Src/stm32g0xx_hal_spi_ex.d ./Drivers/STM32G0xx_HAL_Driver/Src/stm32g0xx_hal_spi_ex.o ./Drivers/STM32G0xx_HAL_Driver/Src/stm32g0xx_hal_spi_ex.su ./Drivers/STM32G0xx_HAL_Driver/Src/stm32g0xx_hal_tim.cyclo ./Drivers/STM32G0xx_HAL_Driver/Src/stm32g0xx_hal_tim.d ./Drivers/STM32G0xx_HAL_Driver/Src/stm32g0xx_hal_tim.o ./Drivers/STM32G0xx_HAL_Driver/Src/stm32g0xx_hal_tim.su ./Drivers/STM32G0xx_HAL_Driver/Src/stm32g0xx_hal_tim_ex.cyclo ./Drivers/STM32G0xx_HAL_Driver/Src/stm32g0xx_hal_tim_ex.d ./Drivers/STM32G0xx_HAL_Driver/Src/stm32g0xx_hal_tim_ex.o ./Drivers/STM32G0xx_HAL_Driver/Src/stm32g0xx_hal_tim_ex.su ./Drivers/STM32G0xx_HAL_Driver/Src/stm32g0xx_ll_exti.cyclo ./Drivers/STM32G0xx_HAL_Driver/Src/stm32g0xx_ll_exti.d ./Drivers/STM32G0xx_HAL_Driver/Src/stm32g0xx_ll_exti.o ./Drivers/STM32G0xx_HAL_Driver/Src/stm32g0xx_ll_exti.su ./Drivers/STM32G0xx_HAL_Driver/Src/stm32g0xx_ll_rcc.cyclo ./Drivers/STM32G0xx_HAL_Driver/Src/stm32g0xx_ll_rcc.d ./Drivers/STM32G0xx_HAL_Driver/Src/stm32g0xx_ll_rcc.o ./Drivers/STM32G0xx_HAL_Driver/Src/stm32g0xx_ll_rcc.su ./Drivers/STM32G0xx_HAL_Driver/Src/stm32g0xx_ll_utils.cyclo ./Drivers/STM32G0xx_HAL_Driver/Src/stm32g0xx_ll_utils.d ./Drivers/STM32G0xx_HAL_Driver/Src/stm32g0xx_ll_utils.o ./Drivers/STM32G0xx_HAL_Driver/Src/stm32g0xx_ll_utils.su
rm -rf ./Drivers/OLED_UI/OLED.cyclo ./Drivers/OLED_UI/OLED.d ./Drivers/OLED_UI/OLED.o ./Drivers/OLED_UI/OLED.su ./Drivers/OLED_UI/OLED_Fonts.cyclo ./Drivers/OLED_UI/OLED_Fonts.d ./Drivers/OLED_UI/OLED_Fonts.o ./Drivers/OLED_UI/OLED_Fonts.su ./Drivers/OLED_UI/OLED_UI.cyclo ./Drivers/OLED_UI/OLED_UI.d ./Drivers/OLED_UI/OLED_UI.o ./Drivers/OLED_UI/OLED_UI.su ./Drivers/OLED_UI/OLED_UI_Driver.cyclo ./Drivers/OLED_UI/OLED_UI_Driver.d ./Drivers/OLED_UI/OLED_UI_Driver.o ./Drivers/OLED_UI/OLED_UI_Driver.su ./Drivers/OLED_UI/OLED_UI_MenuData.cyclo ./Drivers/OLED_UI/OLED_UI_MenuData.d ./Drivers/OLED_UI/OLED_UI_MenuData.o ./Drivers/OLED_UI/OLED_UI_MenuData.su ./Drivers/OLED_UI/OLED_driver.cyclo ./Drivers/OLED_UI/OLED_driver.d ./Drivers/OLED_UI/OLED_driver.o ./Drivers/OLED_UI/OLED_driver.su
rm -rf ./Core/Startup/startup_stm32g031g8ux.d ./Core/Startup/startup_stm32g031g8ux.o
rm -rf ./Core/Src/main.cyclo ./Core/Src/main.d ./Core/Src/main.o ./Core/Src/main.su ./Core/Src/stm32g0xx_hal_msp.cyclo ./Core/Src/stm32g0xx_hal_msp.d ./Core/Src/stm32g0xx_hal_msp.o ./Core/Src/stm32g0xx_hal_msp.su ./Core/Src/stm32g0xx_it.cyclo ./Core/Src/stm32g0xx_it.d ./Core/Src/stm32g0xx_it.o ./Core/Src/stm32g0xx_it.su ./Core/Src/syscalls.cyclo ./Core/Src/syscalls.d ./Core/Src/syscalls.o ./Core/Src/syscalls.su ./Core/Src/sysmem.cyclo ./Core/Src/sysmem.d ./Core/Src/sysmem.o ./Core/Src/sysmem.su ./Core/Src/system_stm32g0xx.cyclo ./Core/Src/system_stm32g0xx.d ./Core/Src/system_stm32g0xx.o ./Core/Src/system_stm32g0xx.su
rm -rf OLED_UI_Example.elf OLED_UI_Example.list OLED_UI_Example.map default.size.stdout
 
22:37:00 **** Build of configuration Debug for project OLED_UI_Example ****
make -j22 all 
arm-none-eabi-gcc "../User/misc.c" -mcpu=cortex-m0plus -std=gnu11 -g3 -DDEBUG -DUSE_HAL_DRIVER -DSTM32G031xx -DUSE_FULL_LL_DRIVER -c -I../User -I../Core/Inc -I../Drivers/STM32G0xx_HAL_Driver/Inc -I../Drivers/STM32G0xx_HAL_Driver/Inc/Legacy -I../Drivers/CMSIS/Device/ST/STM32G0xx/Include -I../Drivers/CMSIS/Include -I../Drivers/OLED_UI -Og -ffunction-sections -fdata-sections -Wall -fstack-usage -fcyclomatic-complexity -MMD -MP -MF"User/misc.d" -MT"User/misc.o" --specs=nano.specs -mfloat-abi=soft -mthumb -o "User/misc.o"
arm-none-eabi-gcc "../User/user_it.c" -mcpu=cortex-m0plus -std=gnu11 -g3 -DDEBUG -DUSE_HAL_DRIVER -DSTM32G031xx -DUSE_FULL_LL_DRIVER -c -I../User -I../Core/Inc -I../Drivers/STM32G0xx_HAL_Driver/Inc -I../Drivers/STM32G0xx_HAL_Driver/Inc/Legacy -I../Drivers/CMSIS/Device/ST/STM32G0xx/Include -I../Drivers/CMSIS/Include -I../Drivers/OLED_UI -Og -ffunction-sections -fdata-sections -Wall -fstack-usage -fcyclomatic-complexity -MMD -MP -MF"User/user_it.d" -MT"User/user_it.o" --specs=nano.specs -mfloat-abi=soft -mthumb -o "User/user_it.o"
arm-none-eabi-gcc "../User/usermain.c" -mcpu=cortex-m0plus -std=gnu11 -g3 -DDEBUG -DUSE_HAL_DRIVER -DSTM32G031xx -DUSE_FULL_LL_DRIVER -c -I../User -I../Core/Inc -I../Drivers/STM32G0xx_HAL_Driver/Inc -I../Drivers/STM32G0xx_HAL_Driver/Inc/Legacy -I../Drivers/CMSIS/Device/ST/STM32G0xx/Include -I../Drivers/CMSIS/Include -I../Drivers/OLED_UI -Og -ffunction-sections -fdata-sections -Wall -fstack-usage -fcyclomatic-complexity -MMD -MP -MF"User/usermain.d" -MT"User/usermain.o" --specs=nano.specs -mfloat-abi=soft -mthumb -o "User/usermain.o"
arm-none-eabi-gcc "../Drivers/STM32G0xx_HAL_Driver/Src/stm32g0xx_hal.c" -mcpu=cortex-m0plus -std=gnu11 -g3 -DDEBUG -DUSE_HAL_DRIVER -DSTM32G031xx -DUSE_FULL_LL_DRIVER -c -I../User -I../Core/Inc -I../Drivers/STM32G0xx_HAL_Driver/Inc -I../Drivers/STM32G0xx_HAL_Driver/Inc/Legacy -I../Drivers/CMSIS/Device/ST/STM32G0xx/Include -I../Drivers/CMSIS/Include -I../Drivers/OLED_UI -Og -ffunction-sections -fdata-sections -Wall -fstack-usage -fcyclomatic-complexity -MMD -MP -MF"Drivers/STM32G0xx_HAL_Driver/Src/stm32g0xx_hal.d" -MT"Drivers/STM32G0xx_HAL_Driver/Src/stm32g0xx_hal.o" --specs=nano.specs -mfloat-abi=soft -mthumb -o "Drivers/STM32G0xx_HAL_Driver/Src/stm32g0xx_hal.o"
arm-none-eabi-gcc "../Drivers/STM32G0xx_HAL_Driver/Src/stm32g0xx_hal_cortex.c" -mcpu=cortex-m0plus -std=gnu11 -g3 -DDEBUG -DUSE_HAL_DRIVER -DSTM32G031xx -DUSE_FULL_LL_DRIVER -c -I../User -I../Core/Inc -I../Drivers/STM32G0xx_HAL_Driver/Inc -I../Drivers/STM32G0xx_HAL_Driver/Inc/Legacy -I../Drivers/CMSIS/Device/ST/STM32G0xx/Include -I../Drivers/CMSIS/Include -I../Drivers/OLED_UI -Og -ffunction-sections -fdata-sections -Wall -fstack-usage -fcyclomatic-complexity -MMD -MP -MF"Drivers/STM32G0xx_HAL_Driver/Src/stm32g0xx_hal_cortex.d" -MT"Drivers/STM32G0xx_HAL_Driver/Src/stm32g0xx_hal_cortex.o" --specs=nano.specs -mfloat-abi=soft -mthumb -o "Drivers/STM32G0xx_HAL_Driver/Src/stm32g0xx_hal_cortex.o"
arm-none-eabi-gcc "../Drivers/STM32G0xx_HAL_Driver/Src/stm32g0xx_hal_dma.c" -mcpu=cortex-m0plus -std=gnu11 -g3 -DDEBUG -DUSE_HAL_DRIVER -DSTM32G031xx -DUSE_FULL_LL_DRIVER -c -I../User -I../Core/Inc -I../Drivers/STM32G0xx_HAL_Driver/Inc -I../Drivers/STM32G0xx_HAL_Driver/Inc/Legacy -I../Drivers/CMSIS/Device/ST/STM32G0xx/Include -I../Drivers/CMSIS/Include -I../Drivers/OLED_UI -Og -ffunction-sections -fdata-sections -Wall -fstack-usage -fcyclomatic-complexity -MMD -MP -MF"Drivers/STM32G0xx_HAL_Driver/Src/stm32g0xx_hal_dma.d" -MT"Drivers/STM32G0xx_HAL_Driver/Src/stm32g0xx_hal_dma.o" --specs=nano.specs -mfloat-abi=soft -mthumb -o "Drivers/STM32G0xx_HAL_Driver/Src/stm32g0xx_hal_dma.o"
arm-none-eabi-gcc "../Drivers/STM32G0xx_HAL_Driver/Src/stm32g0xx_hal_dma_ex.c" -mcpu=cortex-m0plus -std=gnu11 -g3 -DDEBUG -DUSE_HAL_DRIVER -DSTM32G031xx -DUSE_FULL_LL_DRIVER -c -I../User -I../Core/Inc -I../Drivers/STM32G0xx_HAL_Driver/Inc -I../Drivers/STM32G0xx_HAL_Driver/Inc/Legacy -I../Drivers/CMSIS/Device/ST/STM32G0xx/Include -I../Drivers/CMSIS/Include -I../Drivers/OLED_UI -Og -ffunction-sections -fdata-sections -Wall -fstack-usage -fcyclomatic-complexity -MMD -MP -MF"Drivers/STM32G0xx_HAL_Driver/Src/stm32g0xx_hal_dma_ex.d" -MT"Drivers/STM32G0xx_HAL_Driver/Src/stm32g0xx_hal_dma_ex.o" --specs=nano.specs -mfloat-abi=soft -mthumb -o "Drivers/STM32G0xx_HAL_Driver/Src/stm32g0xx_hal_dma_ex.o"
arm-none-eabi-gcc "../Drivers/STM32G0xx_HAL_Driver/Src/stm32g0xx_hal_exti.c" -mcpu=cortex-m0plus -std=gnu11 -g3 -DDEBUG -DUSE_HAL_DRIVER -DSTM32G031xx -DUSE_FULL_LL_DRIVER -c -I../User -I../Core/Inc -I../Drivers/STM32G0xx_HAL_Driver/Inc -I../Drivers/STM32G0xx_HAL_Driver/Inc/Legacy -I../Drivers/CMSIS/Device/ST/STM32G0xx/Include -I../Drivers/CMSIS/Include -I../Drivers/OLED_UI -Og -ffunction-sections -fdata-sections -Wall -fstack-usage -fcyclomatic-complexity -MMD -MP -MF"Drivers/STM32G0xx_HAL_Driver/Src/stm32g0xx_hal_exti.d" -MT"Drivers/STM32G0xx_HAL_Driver/Src/stm32g0xx_hal_exti.o" --specs=nano.specs -mfloat-abi=soft -mthumb -o "Drivers/STM32G0xx_HAL_Driver/Src/stm32g0xx_hal_exti.o"
arm-none-eabi-gcc "../Drivers/STM32G0xx_HAL_Driver/Src/stm32g0xx_hal_flash.c" -mcpu=cortex-m0plus -std=gnu11 -g3 -DDEBUG -DUSE_HAL_DRIVER -DSTM32G031xx -DUSE_FULL_LL_DRIVER -c -I../User -I../Core/Inc -I../Drivers/STM32G0xx_HAL_Driver/Inc -I../Drivers/STM32G0xx_HAL_Driver/Inc/Legacy -I../Drivers/CMSIS/Device/ST/STM32G0xx/Include -I../Drivers/CMSIS/Include -I../Drivers/OLED_UI -Og -ffunction-sections -fdata-sections -Wall -fstack-usage -fcyclomatic-complexity -MMD -MP -MF"Drivers/STM32G0xx_HAL_Driver/Src/stm32g0xx_hal_flash.d" -MT"Drivers/STM32G0xx_HAL_Driver/Src/stm32g0xx_hal_flash.o" --specs=nano.specs -mfloat-abi=soft -mthumb -o "Drivers/STM32G0xx_HAL_Driver/Src/stm32g0xx_hal_flash.o"
arm-none-eabi-gcc "../Drivers/STM32G0xx_HAL_Driver/Src/stm32g0xx_hal_flash_ex.c" -mcpu=cortex-m0plus -std=gnu11 -g3 -DDEBUG -DUSE_HAL_DRIVER -DSTM32G031xx -DUSE_FULL_LL_DRIVER -c -I../User -I../Core/Inc -I../Drivers/STM32G0xx_HAL_Driver/Inc -I../Drivers/STM32G0xx_HAL_Driver/Inc/Legacy -I../Drivers/CMSIS/Device/ST/STM32G0xx/Include -I../Drivers/CMSIS/Include -I../Drivers/OLED_UI -Og -ffunction-sections -fdata-sections -Wall -fstack-usage -fcyclomatic-complexity -MMD -MP -MF"Drivers/STM32G0xx_HAL_Driver/Src/stm32g0xx_hal_flash_ex.d" -MT"Drivers/STM32G0xx_HAL_Driver/Src/stm32g0xx_hal_flash_ex.o" --specs=nano.specs -mfloat-abi=soft -mthumb -o "Drivers/STM32G0xx_HAL_Driver/Src/stm32g0xx_hal_flash_ex.o"
arm-none-eabi-gcc "../Drivers/STM32G0xx_HAL_Driver/Src/stm32g0xx_hal_gpio.c" -mcpu=cortex-m0plus -std=gnu11 -g3 -DDEBUG -DUSE_HAL_DRIVER -DSTM32G031xx -DUSE_FULL_LL_DRIVER -c -I../User -I../Core/Inc -I../Drivers/STM32G0xx_HAL_Driver/Inc -I../Drivers/STM32G0xx_HAL_Driver/Inc/Legacy -I../Drivers/CMSIS/Device/ST/STM32G0xx/Include -I../Drivers/CMSIS/Include -I../Drivers/OLED_UI -Og -ffunction-sections -fdata-sections -Wall -fstack-usage -fcyclomatic-complexity -MMD -MP -MF"Drivers/STM32G0xx_HAL_Driver/Src/stm32g0xx_hal_gpio.d" -MT"Drivers/STM32G0xx_HAL_Driver/Src/stm32g0xx_hal_gpio.o" --specs=nano.specs -mfloat-abi=soft -mthumb -o "Drivers/STM32G0xx_HAL_Driver/Src/stm32g0xx_hal_gpio.o"
arm-none-eabi-gcc "../Drivers/STM32G0xx_HAL_Driver/Src/stm32g0xx_hal_pwr.c" -mcpu=cortex-m0plus -std=gnu11 -g3 -DDEBUG -DUSE_HAL_DRIVER -DSTM32G031xx -DUSE_FULL_LL_DRIVER -c -I../User -I../Core/Inc -I../Drivers/STM32G0xx_HAL_Driver/Inc -I../Drivers/STM32G0xx_HAL_Driver/Inc/Legacy -I../Drivers/CMSIS/Device/ST/STM32G0xx/Include -I../Drivers/CMSIS/Include -I../Drivers/OLED_UI -Og -ffunction-sections -fdata-sections -Wall -fstack-usage -fcyclomatic-complexity -MMD -MP -MF"Drivers/STM32G0xx_HAL_Driver/Src/stm32g0xx_hal_pwr.d" -MT"Drivers/STM32G0xx_HAL_Driver/Src/stm32g0xx_hal_pwr.o" --specs=nano.specs -mfloat-abi=soft -mthumb -o "Drivers/STM32G0xx_HAL_Driver/Src/stm32g0xx_hal_pwr.o"
arm-none-eabi-gcc "../Drivers/STM32G0xx_HAL_Driver/Src/stm32g0xx_hal_pwr_ex.c" -mcpu=cortex-m0plus -std=gnu11 -g3 -DDEBUG -DUSE_HAL_DRIVER -DSTM32G031xx -DUSE_FULL_LL_DRIVER -c -I../User -I../Core/Inc -I../Drivers/STM32G0xx_HAL_Driver/Inc -I../Drivers/STM32G0xx_HAL_Driver/Inc/Legacy -I../Drivers/CMSIS/Device/ST/STM32G0xx/Include -I../Drivers/CMSIS/Include -I../Drivers/OLED_UI -Og -ffunction-sections -fdata-sections -Wall -fstack-usage -fcyclomatic-complexity -MMD -MP -MF"Drivers/STM32G0xx_HAL_Driver/Src/stm32g0xx_hal_pwr_ex.d" -MT"Drivers/STM32G0xx_HAL_Driver/Src/stm32g0xx_hal_pwr_ex.o" --specs=nano.specs -mfloat-abi=soft -mthumb -o "Drivers/STM32G0xx_HAL_Driver/Src/stm32g0xx_hal_pwr_ex.o"
arm-none-eabi-gcc "../Drivers/STM32G0xx_HAL_Driver/Src/stm32g0xx_hal_rcc.c" -mcpu=cortex-m0plus -std=gnu11 -g3 -DDEBUG -DUSE_HAL_DRIVER -DSTM32G031xx -DUSE_FULL_LL_DRIVER -c -I../User -I../Core/Inc -I../Drivers/STM32G0xx_HAL_Driver/Inc -I../Drivers/STM32G0xx_HAL_Driver/Inc/Legacy -I../Drivers/CMSIS/Device/ST/STM32G0xx/Include -I../Drivers/CMSIS/Include -I../Drivers/OLED_UI -Og -ffunction-sections -fdata-sections -Wall -fstack-usage -fcyclomatic-complexity -MMD -MP -MF"Drivers/STM32G0xx_HAL_Driver/Src/stm32g0xx_hal_rcc.d" -MT"Drivers/STM32G0xx_HAL_Driver/Src/stm32g0xx_hal_rcc.o" --specs=nano.specs -mfloat-abi=soft -mthumb -o "Drivers/STM32G0xx_HAL_Driver/Src/stm32g0xx_hal_rcc.o"
arm-none-eabi-gcc "../Drivers/STM32G0xx_HAL_Driver/Src/stm32g0xx_hal_rcc_ex.c" -mcpu=cortex-m0plus -std=gnu11 -g3 -DDEBUG -DUSE_HAL_DRIVER -DSTM32G031xx -DUSE_FULL_LL_DRIVER -c -I../User -I../Core/Inc -I../Drivers/STM32G0xx_HAL_Driver/Inc -I../Drivers/STM32G0xx_HAL_Driver/Inc/Legacy -I../Drivers/CMSIS/Device/ST/STM32G0xx/Include -I../Drivers/CMSIS/Include -I../Drivers/OLED_UI -Og -ffunction-sections -fdata-sections -Wall -fstack-usage -fcyclomatic-complexity -MMD -MP -MF"Drivers/STM32G0xx_HAL_Driver/Src/stm32g0xx_hal_rcc_ex.d" -MT"Drivers/STM32G0xx_HAL_Driver/Src/stm32g0xx_hal_rcc_ex.o" --specs=nano.specs -mfloat-abi=soft -mthumb -o "Drivers/STM32G0xx_HAL_Driver/Src/stm32g0xx_hal_rcc_ex.o"
arm-none-eabi-gcc "../Drivers/STM32G0xx_HAL_Driver/Src/stm32g0xx_hal_spi.c" -mcpu=cortex-m0plus -std=gnu11 -g3 -DDEBUG -DUSE_HAL_DRIVER -DSTM32G031xx -DUSE_FULL_LL_DRIVER -c -I../User -I../Core/Inc -I../Drivers/STM32G0xx_HAL_Driver/Inc -I../Drivers/STM32G0xx_HAL_Driver/Inc/Legacy -I../Drivers/CMSIS/Device/ST/STM32G0xx/Include -I../Drivers/CMSIS/Include -I../Drivers/OLED_UI -Og -ffunction-sections -fdata-sections -Wall -fstack-usage -fcyclomatic-complexity -MMD -MP -MF"Drivers/STM32G0xx_HAL_Driver/Src/stm32g0xx_hal_spi.d" -MT"Drivers/STM32G0xx_HAL_Driver/Src/stm32g0xx_hal_spi.o" --specs=nano.specs -mfloat-abi=soft -mthumb -o "Drivers/STM32G0xx_HAL_Driver/Src/stm32g0xx_hal_spi.o"
arm-none-eabi-gcc "../Drivers/STM32G0xx_HAL_Driver/Src/stm32g0xx_hal_spi_ex.c" -mcpu=cortex-m0plus -std=gnu11 -g3 -DDEBUG -DUSE_HAL_DRIVER -DSTM32G031xx -DUSE_FULL_LL_DRIVER -c -I../User -I../Core/Inc -I../Drivers/STM32G0xx_HAL_Driver/Inc -I../Drivers/STM32G0xx_HAL_Driver/Inc/Legacy -I../Drivers/CMSIS/Device/ST/STM32G0xx/Include -I../Drivers/CMSIS/Include -I../Drivers/OLED_UI -Og -ffunction-sections -fdata-sections -Wall -fstack-usage -fcyclomatic-complexity -MMD -MP -MF"Drivers/STM32G0xx_HAL_Driver/Src/stm32g0xx_hal_spi_ex.d" -MT"Drivers/STM32G0xx_HAL_Driver/Src/stm32g0xx_hal_spi_ex.o" --specs=nano.specs -mfloat-abi=soft -mthumb -o "Drivers/STM32G0xx_HAL_Driver/Src/stm32g0xx_hal_spi_ex.o"
arm-none-eabi-gcc "../Drivers/STM32G0xx_HAL_Driver/Src/stm32g0xx_hal_tim.c" -mcpu=cortex-m0plus -std=gnu11 -g3 -DDEBUG -DUSE_HAL_DRIVER -DSTM32G031xx -DUSE_FULL_LL_DRIVER -c -I../User -I../Core/Inc -I../Drivers/STM32G0xx_HAL_Driver/Inc -I../Drivers/STM32G0xx_HAL_Driver/Inc/Legacy -I../Drivers/CMSIS/Device/ST/STM32G0xx/Include -I../Drivers/CMSIS/Include -I../Drivers/OLED_UI -Og -ffunction-sections -fdata-sections -Wall -fstack-usage -fcyclomatic-complexity -MMD -MP -MF"Drivers/STM32G0xx_HAL_Driver/Src/stm32g0xx_hal_tim.d" -MT"Drivers/STM32G0xx_HAL_Driver/Src/stm32g0xx_hal_tim.o" --specs=nano.specs -mfloat-abi=soft -mthumb -o "Drivers/STM32G0xx_HAL_Driver/Src/stm32g0xx_hal_tim.o"
arm-none-eabi-gcc "../Drivers/STM32G0xx_HAL_Driver/Src/stm32g0xx_hal_tim_ex.c" -mcpu=cortex-m0plus -std=gnu11 -g3 -DDEBUG -DUSE_HAL_DRIVER -DSTM32G031xx -DUSE_FULL_LL_DRIVER -c -I../User -I../Core/Inc -I../Drivers/STM32G0xx_HAL_Driver/Inc -I../Drivers/STM32G0xx_HAL_Driver/Inc/Legacy -I../Drivers/CMSIS/Device/ST/STM32G0xx/Include -I../Drivers/CMSIS/Include -I../Drivers/OLED_UI -Og -ffunction-sections -fdata-sections -Wall -fstack-usage -fcyclomatic-complexity -MMD -MP -MF"Drivers/STM32G0xx_HAL_Driver/Src/stm32g0xx_hal_tim_ex.d" -MT"Drivers/STM32G0xx_HAL_Driver/Src/stm32g0xx_hal_tim_ex.o" --specs=nano.specs -mfloat-abi=soft -mthumb -o "Drivers/STM32G0xx_HAL_Driver/Src/stm32g0xx_hal_tim_ex.o"
arm-none-eabi-gcc "../Drivers/STM32G0xx_HAL_Driver/Src/stm32g0xx_ll_exti.c" -mcpu=cortex-m0plus -std=gnu11 -g3 -DDEBUG -DUSE_HAL_DRIVER -DSTM32G031xx -DUSE_FULL_LL_DRIVER -c -I../User -I../Core/Inc -I../Drivers/STM32G0xx_HAL_Driver/Inc -I../Drivers/STM32G0xx_HAL_Driver/Inc/Legacy -I../Drivers/CMSIS/Device/ST/STM32G0xx/Include -I../Drivers/CMSIS/Include -I../Drivers/OLED_UI -Og -ffunction-sections -fdata-sections -Wall -fstack-usage -fcyclomatic-complexity -MMD -MP -MF"Drivers/STM32G0xx_HAL_Driver/Src/stm32g0xx_ll_exti.d" -MT"Drivers/STM32G0xx_HAL_Driver/Src/stm32g0xx_ll_exti.o" --specs=nano.specs -mfloat-abi=soft -mthumb -o "Drivers/STM32G0xx_HAL_Driver/Src/stm32g0xx_ll_exti.o"
arm-none-eabi-gcc "../Drivers/STM32G0xx_HAL_Driver/Src/stm32g0xx_ll_rcc.c" -mcpu=cortex-m0plus -std=gnu11 -g3 -DDEBUG -DUSE_HAL_DRIVER -DSTM32G031xx -DUSE_FULL_LL_DRIVER -c -I../User -I../Core/Inc -I../Drivers/STM32G0xx_HAL_Driver/Inc -I../Drivers/STM32G0xx_HAL_Driver/Inc/Legacy -I../Drivers/CMSIS/Device/ST/STM32G0xx/Include -I../Drivers/CMSIS/Include -I../Drivers/OLED_UI -Og -ffunction-sections -fdata-sections -Wall -fstack-usage -fcyclomatic-complexity -MMD -MP -MF"Drivers/STM32G0xx_HAL_Driver/Src/stm32g0xx_ll_rcc.d" -MT"Drivers/STM32G0xx_HAL_Driver/Src/stm32g0xx_ll_rcc.o" --specs=nano.specs -mfloat-abi=soft -mthumb -o "Drivers/STM32G0xx_HAL_Driver/Src/stm32g0xx_ll_rcc.o"
arm-none-eabi-gcc "../Drivers/STM32G0xx_HAL_Driver/Src/stm32g0xx_ll_utils.c" -mcpu=cortex-m0plus -std=gnu11 -g3 -DDEBUG -DUSE_HAL_DRIVER -DSTM32G031xx -DUSE_FULL_LL_DRIVER -c -I../User -I../Core/Inc -I../Drivers/STM32G0xx_HAL_Driver/Inc -I../Drivers/STM32G0xx_HAL_Driver/Inc/Legacy -I../Drivers/CMSIS/Device/ST/STM32G0xx/Include -I../Drivers/CMSIS/Include -I../Drivers/OLED_UI -Og -ffunction-sections -fdata-sections -Wall -fstack-usage -fcyclomatic-complexity -MMD -MP -MF"Drivers/STM32G0xx_HAL_Driver/Src/stm32g0xx_ll_utils.d" -MT"Drivers/STM32G0xx_HAL_Driver/Src/stm32g0xx_ll_utils.o" --specs=nano.specs -mfloat-abi=soft -mthumb -o "Drivers/STM32G0xx_HAL_Driver/Src/stm32g0xx_ll_utils.o"
arm-none-eabi-gcc "../Drivers/OLED_UI/OLED.c" -mcpu=cortex-m0plus -std=gnu11 -g3 -DDEBUG -DUSE_HAL_DRIVER -DSTM32G031xx -DUSE_FULL_LL_DRIVER -c -I../User -I../Core/Inc -I../Drivers/STM32G0xx_HAL_Driver/Inc -I../Drivers/STM32G0xx_HAL_Driver/Inc/Legacy -I../Drivers/CMSIS/Device/ST/STM32G0xx/Include -I../Drivers/CMSIS/Include -I../Drivers/OLED_UI -Og -ffunction-sections -fdata-sections -Wall -fstack-usage -fcyclomatic-complexity -MMD -MP -MF"Drivers/OLED_UI/OLED.d" -MT"Drivers/OLED_UI/OLED.o" --specs=nano.specs -mfloat-abi=soft -mthumb -o "Drivers/OLED_UI/OLED.o"
arm-none-eabi-gcc "../Drivers/OLED_UI/OLED_Fonts.c" -mcpu=cortex-m0plus -std=gnu11 -g3 -DDEBUG -DUSE_HAL_DRIVER -DSTM32G031xx -DUSE_FULL_LL_DRIVER -c -I../User -I../Core/Inc -I../Drivers/STM32G0xx_HAL_Driver/Inc -I../Drivers/STM32G0xx_HAL_Driver/Inc/Legacy -I../Drivers/CMSIS/Device/ST/STM32G0xx/Include -I../Drivers/CMSIS/Include -I../Drivers/OLED_UI -Og -ffunction-sections -fdata-sections -Wall -fstack-usage -fcyclomatic-complexity -MMD -MP -MF"Drivers/OLED_UI/OLED_Fonts.d" -MT"Drivers/OLED_UI/OLED_Fonts.o" --specs=nano.specs -mfloat-abi=soft -mthumb -o "Drivers/OLED_UI/OLED_Fonts.o"
arm-none-eabi-gcc "../Drivers/OLED_UI/OLED_UI.c" -mcpu=cortex-m0plus -std=gnu11 -g3 -DDEBUG -DUSE_HAL_DRIVER -DSTM32G031xx -DUSE_FULL_LL_DRIVER -c -I../User -I../Core/Inc -I../Drivers/STM32G0xx_HAL_Driver/Inc -I../Drivers/STM32G0xx_HAL_Driver/Inc/Legacy -I../Drivers/CMSIS/Device/ST/STM32G0xx/Include -I../Drivers/CMSIS/Include -I../Drivers/OLED_UI -Og -ffunction-sections -fdata-sections -Wall -fstack-usage -fcyclomatic-complexity -MMD -MP -MF"Drivers/OLED_UI/OLED_UI.d" -MT"Drivers/OLED_UI/OLED_UI.o" --specs=nano.specs -mfloat-abi=soft -mthumb -o "Drivers/OLED_UI/OLED_UI.o"
arm-none-eabi-gcc "../Drivers/OLED_UI/OLED_UI_Driver.c" -mcpu=cortex-m0plus -std=gnu11 -g3 -DDEBUG -DUSE_HAL_DRIVER -DSTM32G031xx -DUSE_FULL_LL_DRIVER -c -I../User -I../Core/Inc -I../Drivers/STM32G0xx_HAL_Driver/Inc -I../Drivers/STM32G0xx_HAL_Driver/Inc/Legacy -I../Drivers/CMSIS/Device/ST/STM32G0xx/Include -I../Drivers/CMSIS/Include -I../Drivers/OLED_UI -Og -ffunction-sections -fdata-sections -Wall -fstack-usage -fcyclomatic-complexity -MMD -MP -MF"Drivers/OLED_UI/OLED_UI_Driver.d" -MT"Drivers/OLED_UI/OLED_UI_Driver.o" --specs=nano.specs -mfloat-abi=soft -mthumb -o "Drivers/OLED_UI/OLED_UI_Driver.o"
arm-none-eabi-gcc "../Drivers/OLED_UI/OLED_UI_MenuData.c" -mcpu=cortex-m0plus -std=gnu11 -g3 -DDEBUG -DUSE_HAL_DRIVER -DSTM32G031xx -DUSE_FULL_LL_DRIVER -c -I../User -I../Core/Inc -I../Drivers/STM32G0xx_HAL_Driver/Inc -I../Drivers/STM32G0xx_HAL_Driver/Inc/Legacy -I../Drivers/CMSIS/Device/ST/STM32G0xx/Include -I../Drivers/CMSIS/Include -I../Drivers/OLED_UI -Og -ffunction-sections -fdata-sections -Wall -fstack-usage -fcyclomatic-complexity -MMD -MP -MF"Drivers/OLED_UI/OLED_UI_MenuData.d" -MT"Drivers/OLED_UI/OLED_UI_MenuData.o" --specs=nano.specs -mfloat-abi=soft -mthumb -o "Drivers/OLED_UI/OLED_UI_MenuData.o"
arm-none-eabi-gcc "../Drivers/OLED_UI/OLED_driver.c" -mcpu=cortex-m0plus -std=gnu11 -g3 -DDEBUG -DUSE_HAL_DRIVER -DSTM32G031xx -DUSE_FULL_LL_DRIVER -c -I../User -I../Core/Inc -I../Drivers/STM32G0xx_HAL_Driver/Inc -I../Drivers/STM32G0xx_HAL_Driver/Inc/Legacy -I../Drivers/CMSIS/Device/ST/STM32G0xx/Include -I../Drivers/CMSIS/Include -I../Drivers/OLED_UI -Og -ffunction-sections -fdata-sections -Wall -fstack-usage -fcyclomatic-complexity -MMD -MP -MF"Drivers/OLED_UI/OLED_driver.d" -MT"Drivers/OLED_UI/OLED_driver.o" --specs=nano.specs -mfloat-abi=soft -mthumb -o "Drivers/OLED_UI/OLED_driver.o"
arm-none-eabi-gcc -mcpu=cortex-m0plus -g3 -DDEBUG -c -x assembler-with-cpp -MMD -MP -MF"Core/Startup/startup_stm32g031g8ux.d" -MT"Core/Startup/startup_stm32g031g8ux.o" --specs=nano.specs -mfloat-abi=soft -mthumb -o "Core/Startup/startup_stm32g031g8ux.o" "../Core/Startup/startup_stm32g031g8ux.s"
arm-none-eabi-gcc "../Core/Src/main.c" -mcpu=cortex-m0plus -std=gnu11 -g3 -DDEBUG -DUSE_HAL_DRIVER -DSTM32G031xx -DUSE_FULL_LL_DRIVER -c -I../User -I../Core/Inc -I../Drivers/STM32G0xx_HAL_Driver/Inc -I../Drivers/STM32G0xx_HAL_Driver/Inc/Legacy -I../Drivers/CMSIS/Device/ST/STM32G0xx/Include -I../Drivers/CMSIS/Include -I../Drivers/OLED_UI -Og -ffunction-sections -fdata-sections -Wall -fstack-usage -fcyclomatic-complexity -MMD -MP -MF"Core/Src/main.d" -MT"Core/Src/main.o" --specs=nano.specs -mfloat-abi=soft -mthumb -o "Core/Src/main.o"
arm-none-eabi-gcc "../Core/Src/stm32g0xx_hal_msp.c" -mcpu=cortex-m0plus -std=gnu11 -g3 -DDEBUG -DUSE_HAL_DRIVER -DSTM32G031xx -DUSE_FULL_LL_DRIVER -c -I../User -I../Core/Inc -I../Drivers/STM32G0xx_HAL_Driver/Inc -I../Drivers/STM32G0xx_HAL_Driver/Inc/Legacy -I../Drivers/CMSIS/Device/ST/STM32G0xx/Include -I../Drivers/CMSIS/Include -I../Drivers/OLED_UI -Og -ffunction-sections -fdata-sections -Wall -fstack-usage -fcyclomatic-complexity -MMD -MP -MF"Core/Src/stm32g0xx_hal_msp.d" -MT"Core/Src/stm32g0xx_hal_msp.o" --specs=nano.specs -mfloat-abi=soft -mthumb -o "Core/Src/stm32g0xx_hal_msp.o"
arm-none-eabi-gcc "../Core/Src/stm32g0xx_it.c" -mcpu=cortex-m0plus -std=gnu11 -g3 -DDEBUG -DUSE_HAL_DRIVER -DSTM32G031xx -DUSE_FULL_LL_DRIVER -c -I../User -I../Core/Inc -I../Drivers/STM32G0xx_HAL_Driver/Inc -I../Drivers/STM32G0xx_HAL_Driver/Inc/Legacy -I../Drivers/CMSIS/Device/ST/STM32G0xx/Include -I../Drivers/CMSIS/Include -I../Drivers/OLED_UI -Og -ffunction-sections -fdata-sections -Wall -fstack-usage -fcyclomatic-complexity -MMD -MP -MF"Core/Src/stm32g0xx_it.d" -MT"Core/Src/stm32g0xx_it.o" --specs=nano.specs -mfloat-abi=soft -mthumb -o "Core/Src/stm32g0xx_it.o"
arm-none-eabi-gcc "../Core/Src/syscalls.c" -mcpu=cortex-m0plus -std=gnu11 -g3 -DDEBUG -DUSE_HAL_DRIVER -DSTM32G031xx -DUSE_FULL_LL_DRIVER -c -I../User -I../Core/Inc -I../Drivers/STM32G0xx_HAL_Driver/Inc -I../Drivers/STM32G0xx_HAL_Driver/Inc/Legacy -I../Drivers/CMSIS/Device/ST/STM32G0xx/Include -I../Drivers/CMSIS/Include -I../Drivers/OLED_UI -Og -ffunction-sections -fdata-sections -Wall -fstack-usage -fcyclomatic-complexity -MMD -MP -MF"Core/Src/syscalls.d" -MT"Core/Src/syscalls.o" --specs=nano.specs -mfloat-abi=soft -mthumb -o "Core/Src/syscalls.o"
arm-none-eabi-gcc "../Core/Src/sysmem.c" -mcpu=cortex-m0plus -std=gnu11 -g3 -DDEBUG -DUSE_HAL_DRIVER -DSTM32G031xx -DUSE_FULL_LL_DRIVER -c -I../User -I../Core/Inc -I../Drivers/STM32G0xx_HAL_Driver/Inc -I../Drivers/STM32G0xx_HAL_Driver/Inc/Legacy -I../Drivers/CMSIS/Device/ST/STM32G0xx/Include -I../Drivers/CMSIS/Include -I../Drivers/OLED_UI -Og -ffunction-sections -fdata-sections -Wall -fstack-usage -fcyclomatic-complexity -MMD -MP -MF"Core/Src/sysmem.d" -MT"Core/Src/sysmem.o" --specs=nano.specs -mfloat-abi=soft -mthumb -o "Core/Src/sysmem.o"
arm-none-eabi-gcc "../Core/Src/system_stm32g0xx.c" -mcpu=cortex-m0plus -std=gnu11 -g3 -DDEBUG -DUSE_HAL_DRIVER -DSTM32G031xx -DUSE_FULL_LL_DRIVER -c -I../User -I../Core/Inc -I../Drivers/STM32G0xx_HAL_Driver/Inc -I../Drivers/STM32G0xx_HAL_Driver/Inc/Legacy -I../Drivers/CMSIS/Device/ST/STM32G0xx/Include -I../Drivers/CMSIS/Include -I../Drivers/OLED_UI -Og -ffunction-sections -fdata-sections -Wall -fstack-usage -fcyclomatic-complexity -MMD -MP -MF"Core/Src/system_stm32g0xx.d" -MT"Core/Src/system_stm32g0xx.o" --specs=nano.specs -mfloat-abi=soft -mthumb -o "Core/Src/system_stm32g0xx.o"
arm-none-eabi-gcc -o "OLED_UI_Example.elf" @"objects.list"   -mcpu=cortex-m0plus -T"D:\Users\tonny\Documents\GitHub\OLED_UI\OLED_UI_Examples\STM32G031G8U6\OLED_UI_128x64_SH1106_SPI_HAL_CubeIDE\OLED_UI_Example\STM32G031G8UX_FLASH.ld" --specs=nosys.specs -Wl,-Map="OLED_UI_Example.map" -Wl,--gc-sections -static --specs=nano.specs -mfloat-abi=soft -mthumb -Wl,--start-group -lc -lm -Wl,--end-group
Finished building target: OLED_UI_Example.elf
 
arm-none-eabi-size  OLED_UI_Example.elf 
arm-none-eabi-objdump -h -S OLED_UI_Example.elf  > "OLED_UI_Example.list"
   text	   data	    bss	    dec	    hex	filename
  56964	   4328	   3800	  65092	   fe44	OLED_UI_Example.elf
Finished building: default.size.stdout
 
Finished building: OLED_UI_Example.list
 
22:37:21 **** Clean-only build of configuration Debug for project OLED_UI_Example ****
make -j22 clean 
rm -rf ./User/misc.cyclo ./User/misc.d ./User/misc.o ./User/misc.su ./User/user_it.cyclo ./User/user_it.d ./User/user_it.o ./User/user_it.su ./User/usermain.cyclo ./User/usermain.d ./User/usermain.o ./User/usermain.su
rm -rf ./Drivers/STM32G0xx_HAL_Driver/Src/stm32g0xx_hal.cyclo ./Drivers/STM32G0xx_HAL_Driver/Src/stm32g0xx_hal.d ./Drivers/STM32G0xx_HAL_Driver/Src/stm32g0xx_hal.o ./Drivers/STM32G0xx_HAL_Driver/Src/stm32g0xx_hal.su ./Drivers/STM32G0xx_HAL_Driver/Src/stm32g0xx_hal_cortex.cyclo ./Drivers/STM32G0xx_HAL_Driver/Src/stm32g0xx_hal_cortex.d ./Drivers/STM32G0xx_HAL_Driver/Src/stm32g0xx_hal_cortex.o ./Drivers/STM32G0xx_HAL_Driver/Src/stm32g0xx_hal_cortex.su ./Drivers/STM32G0xx_HAL_Driver/Src/stm32g0xx_hal_dma.cyclo ./Drivers/STM32G0xx_HAL_Driver/Src/stm32g0xx_hal_dma.d ./Drivers/STM32G0xx_HAL_Driver/Src/stm32g0xx_hal_dma.o ./Drivers/STM32G0xx_HAL_Driver/Src/stm32g0xx_hal_dma.su ./Drivers/STM32G0xx_HAL_Driver/Src/stm32g0xx_hal_dma_ex.cyclo ./Drivers/STM32G0xx_HAL_Driver/Src/stm32g0xx_hal_dma_ex.d ./Drivers/STM32G0xx_HAL_Driver/Src/stm32g0xx_hal_dma_ex.o ./Drivers/STM32G0xx_HAL_Driver/Src/stm32g0xx_hal_dma_ex.su ./Drivers/STM32G0xx_HAL_Driver/Src/stm32g0xx_hal_exti.cyclo ./Drivers/STM32G0xx_HAL_Driver/Src/stm32g0xx_hal_exti.d ./Drivers/STM32G0xx_HAL_Driver/Src/stm32g0xx_hal_exti.o ./Drivers/STM32G0xx_HAL_Driver/Src/stm32g0xx_hal_exti.su ./Drivers/STM32G0xx_HAL_Driver/Src/stm32g0xx_hal_flash.cyclo ./Drivers/STM32G0xx_HAL_Driver/Src/stm32g0xx_hal_flash.d ./Drivers/STM32G0xx_HAL_Driver/Src/stm32g0xx_hal_flash.o ./Drivers/STM32G0xx_HAL_Driver/Src/stm32g0xx_hal_flash.su ./Drivers/STM32G0xx_HAL_Driver/Src/stm32g0xx_hal_flash_ex.cyclo ./Drivers/STM32G0xx_HAL_Driver/Src/stm32g0xx_hal_flash_ex.d ./Drivers/STM32G0xx_HAL_Driver/Src/stm32g0xx_hal_flash_ex.o ./Drivers/STM32G0xx_HAL_Driver/Src/stm32g0xx_hal_flash_ex.su ./Drivers/STM32G0xx_HAL_Driver/Src/stm32g0xx_hal_gpio.cyclo ./Drivers/STM32G0xx_HAL_Driver/Src/stm32g0xx_hal_gpio.d ./Drivers/STM32G0xx_HAL_Driver/Src/stm32g0xx_hal_gpio.o ./Drivers/STM32G0xx_HAL_Driver/Src/stm32g0xx_hal_gpio.su ./Drivers/STM32G0xx_HAL_Driver/Src/stm32g0xx_hal_pwr.cyclo ./Drivers/STM32G0xx_HAL_Driver/Src/stm32g0xx_hal_pwr.d ./Drivers/STM32G0xx_HAL_Driver/Src/stm32g0xx_hal_pwr.o ./Drivers/STM32G0xx_HAL_Driver/Src/stm32g0xx_hal_pwr.su ./Drivers/STM32G0xx_HAL_Driver/Src/stm32g0xx_hal_pwr_ex.cyclo ./Drivers/STM32G0xx_HAL_Driver/Src/stm32g0xx_hal_pwr_ex.d ./Drivers/STM32G0xx_HAL_Driver/Src/stm32g0xx_hal_pwr_ex.o ./Drivers/STM32G0xx_HAL_Driver/Src/stm32g0xx_hal_pwr_ex.su ./Drivers/STM32G0xx_HAL_Driver/Src/stm32g0xx_hal_rcc.cyclo ./Drivers/STM32G0xx_HAL_Driver/Src/stm32g0xx_hal_rcc.d ./Drivers/STM32G0xx_HAL_Driver/Src/stm32g0xx_hal_rcc.o ./Drivers/STM32G0xx_HAL_Driver/Src/stm32g0xx_hal_rcc.su ./Drivers/STM32G0xx_HAL_Driver/Src/stm32g0xx_hal_rcc_ex.cyclo ./Drivers/STM32G0xx_HAL_Driver/Src/stm32g0xx_hal_rcc_ex.d ./Drivers/STM32G0xx_HAL_Driver/Src/stm32g0xx_hal_rcc_ex.o ./Drivers/STM32G0xx_HAL_Driver/Src/stm32g0xx_hal_rcc_ex.su ./Drivers/STM32G0xx_HAL_Driver/Src/stm32g0xx_hal_spi.cyclo ./Drivers/STM32G0xx_HAL_Driver/Src/stm32g0xx_hal_spi.d ./Drivers/STM32G0xx_HAL_Driver/Src/stm32g0xx_hal_spi.o ./Drivers/STM32G0xx_HAL_Driver/Src/stm32g0xx_hal_spi.su ./Drivers/STM32G0xx_HAL_Driver/Src/stm32g0xx_hal_spi_ex.cyclo ./Drivers/STM32G0xx_HAL_Driver/Src/stm32g0xx_hal_spi_ex.d ./Drivers/STM32G0xx_HAL_Driver/Src/stm32g0xx_hal_spi_ex.o ./Drivers/STM32G0xx_HAL_Driver/Src/stm32g0xx_hal_spi_ex.su ./Drivers/STM32G0xx_HAL_Driver/Src/stm32g0xx_hal_tim.cyclo ./Drivers/STM32G0xx_HAL_Driver/Src/stm32g0xx_hal_tim.d ./Drivers/STM32G0xx_HAL_Driver/Src/stm32g0xx_hal_tim.o ./Drivers/STM32G0xx_HAL_Driver/Src/stm32g0xx_hal_tim.su ./Drivers/STM32G0xx_HAL_Driver/Src/stm32g0xx_hal_tim_ex.cyclo ./Drivers/STM32G0xx_HAL_Driver/Src/stm32g0xx_hal_tim_ex.d ./Drivers/STM32G0xx_HAL_Driver/Src/stm32g0xx_hal_tim_ex.o ./Drivers/STM32G0xx_HAL_Driver/Src/stm32g0xx_hal_tim_ex.su ./Drivers/STM32G0xx_HAL_Driver/Src/stm32g0xx_ll_exti.cyclo ./Drivers/STM32G0xx_HAL_Driver/Src/stm32g0xx_ll_exti.d ./Drivers/STM32G0xx_HAL_Driver/Src/stm32g0xx_ll_exti.o ./Drivers/STM32G0xx_HAL_Driver/Src/stm32g0xx_ll_exti.su ./Drivers/STM32G0xx_HAL_Driver/Src/stm32g0xx_ll_rcc.cyclo ./Drivers/STM32G0xx_HAL_Driver/Src/stm32g0xx_ll_rcc.d ./Drivers/STM32G0xx_HAL_Driver/Src/stm32g0xx_ll_rcc.o ./Drivers/STM32G0xx_HAL_Driver/Src/stm32g0xx_ll_rcc.su ./Drivers/STM32G0xx_HAL_Driver/Src/stm32g0xx_ll_utils.cyclo ./Drivers/STM32G0xx_HAL_Driver/Src/stm32g0xx_ll_utils.d ./Drivers/STM32G0xx_HAL_Driver/Src/stm32g0xx_ll_utils.o ./Drivers/STM32G0xx_HAL_Driver/Src/stm32g0xx_ll_utils.su
rm -rf ./Drivers/OLED_UI/OLED.cyclo ./Drivers/OLED_UI/OLED.d ./Drivers/OLED_UI/OLED.o ./Drivers/OLED_UI/OLED.su ./Drivers/OLED_UI/OLED_Fonts.cyclo ./Drivers/OLED_UI/OLED_Fonts.d ./Drivers/OLED_UI/OLED_Fonts.o ./Drivers/OLED_UI/OLED_Fonts.su ./Drivers/OLED_UI/OLED_UI.cyclo ./Drivers/OLED_UI/OLED_UI.d ./Drivers/OLED_UI/OLED_UI.o ./Drivers/OLED_UI/OLED_UI.su ./Drivers/OLED_UI/OLED_UI_Driver.cyclo ./Drivers/OLED_UI/OLED_UI_Driver.d ./Drivers/OLED_UI/OLED_UI_Driver.o ./Drivers/OLED_UI/OLED_UI_Driver.su ./Drivers/OLED_UI/OLED_UI_MenuData.cyclo ./Drivers/OLED_UI/OLED_UI_MenuData.d ./Drivers/OLED_UI/OLED_UI_MenuData.o ./Drivers/OLED_UI/OLED_UI_MenuData.su ./Drivers/OLED_UI/OLED_driver.cyclo ./Drivers/OLED_UI/OLED_driver.d ./Drivers/OLED_UI/OLED_driver.o ./Drivers/OLED_UI/OLED_driver.su
rm -rf ./Core/Startup/startup_stm32g031g8ux.d ./Core/Startup/startup_stm32g031g8ux.o
rm -rf ./Core/Src/main.cyclo ./Core/Src/main.d ./Core/Src/main.o ./Core/Src/main.su ./Core/Src/stm32g0xx_hal_msp.cyclo ./Core/Src/stm32g0xx_hal_msp.d ./Core/Src/stm32g0xx_hal_msp.o ./Core/Src/stm32g0xx_hal_msp.su ./Core/Src/stm32g0xx_it.cyclo ./Core/Src/stm32g0xx_it.d ./Core/Src/stm32g0xx_it.o ./Core/Src/stm32g0xx_it.su ./Core/Src/syscalls.cyclo ./Core/Src/syscalls.d ./Core/Src/syscalls.o ./Core/Src/syscalls.su ./Core/Src/sysmem.cyclo ./Core/Src/sysmem.d ./Core/Src/sysmem.o ./Core/Src/sysmem.su ./Core/Src/system_stm32g0xx.cyclo ./Core/Src/system_stm32g0xx.d ./Core/Src/system_stm32g0xx.o ./Core/Src/system_stm32g0xx.su
rm -rf OLED_UI_Example.elf OLED_UI_Example.list OLED_UI_Example.map default.size.stdout
 
